Archive member included because of file (symbol)

c:\Users\danie\AppData\Roaming\Code\User\globalStorage\vexrobotics.vexcode\sdk\cpp\V5\V5_20240223_11_00_00/vexv5\libv5rt.a(v5_startup.c.obj)
                              (vexStartup)
c:\Users\danie\AppData\Roaming\Code\User\globalStorage\vexrobotics.vexcode\sdk\cpp\V5\V5_20240223_11_00_00/vexv5\libv5rt.a(v5_util.c.obj)
                              c:\Users\danie\AppData\Roaming\Code\User\globalStorage\vexrobotics.vexcode\sdk\cpp\V5\V5_20240223_11_00_00/vexv5\libv5rt.a(v5_startup.c.obj) (vexStdlibVersionLinked)
c:\Users\danie\AppData\Roaming\Code\User\globalStorage\vexrobotics.vexcode\sdk\cpp\V5\V5_20240223_11_00_00/vexv5\libv5rt.a(v5_apijump.c.obj)
                              c:\Users\danie\AppData\Roaming\Code\User\globalStorage\vexrobotics.vexcode\sdk\cpp\V5\V5_20240223_11_00_00/vexv5\libv5rt.a(v5_startup.c.obj) (vexPrivateApiEnable)
c:\Users\danie\AppData\Roaming\Code\User\globalStorage\vexrobotics.vexcode\sdk\cpp\V5\V5_20240223_11_00_00/vexv5\libv5rt.a(v5_apiversions.c.obj)
                              c:\Users\danie\AppData\Roaming\Code\User\globalStorage\vexrobotics.vexcode\sdk\cpp\V5\V5_20240223_11_00_00/vexv5\libv5rt.a(v5_apijump.c.obj) (vexSystemVersion)
c:\Users\danie\AppData\Roaming\Code\User\globalStorage\vexrobotics.vexcode\sdk\cpp\V5\V5_20240223_11_00_00/vexv5\libv5rt.a(vex_global.cpp.obj)
                              build/src/main.o (vex::wait(double, vex::timeUnits))
c:\Users\danie\AppData\Roaming\Code\User\globalStorage\vexrobotics.vexcode\sdk\cpp\V5\V5_20240223_11_00_00/vexv5\libv5rt.a(vex_motor.cpp.obj)
                              build/src/globals.o (vex::motor::~motor())
c:\Users\danie\AppData\Roaming\Code\User\globalStorage\vexrobotics.vexcode\sdk\cpp\V5\V5_20240223_11_00_00/vexv5\libv5rt.a(vex_imu.cpp.obj)
                              build/src/autons/negativeBlueElims.o (vex::inertial::setRotation(double, vex::rotationUnits))
c:\Users\danie\AppData\Roaming\Code\User\globalStorage\vexrobotics.vexcode\sdk\cpp\V5\V5_20240223_11_00_00/vexv5\libv5rt.a(vex_rotation.cpp.obj)
                              build/src/globals.o (vex::rotation::~rotation())
c:\Users\danie\AppData\Roaming\Code\User\globalStorage\vexrobotics.vexcode\sdk\cpp\V5\V5_20240223_11_00_00/vexv5\libv5rt.a(vex_optical.cpp.obj)
                              build/src/globals.o (vex::optical::~optical())
c:\Users\danie\AppData\Roaming\Code\User\globalStorage\vexrobotics.vexcode\sdk\cpp\V5\V5_20240223_11_00_00/vexv5\libv5rt.a(vex_distance.cpp.obj)
                              build/src/globals.o (vex::distance::~distance())
c:\Users\danie\AppData\Roaming\Code\User\globalStorage\vexrobotics.vexcode\sdk\cpp\V5\V5_20240223_11_00_00/vexv5\libv5rt.a(vex_controller.cpp.obj)
                              build/src/globals.o (vex::controller::~controller())
c:\Users\danie\AppData\Roaming\Code\User\globalStorage\vexrobotics.vexcode\sdk\cpp\V5\V5_20240223_11_00_00/vexv5\libv5rt.a(vex_task.cpp.obj)
                              build/src/mainBody.o (vex::task::task(int (*)()))
c:\Users\danie\AppData\Roaming\Code\User\globalStorage\vexrobotics.vexcode\sdk\cpp\V5\V5_20240223_11_00_00/vexv5\libv5rt.a(vex_thread.cpp.obj)
                              c:\Users\danie\AppData\Roaming\Code\User\globalStorage\vexrobotics.vexcode\sdk\cpp\V5\V5_20240223_11_00_00/vexv5\libv5rt.a(vex_global.cpp.obj) (vex::this_thread::sleep_for(unsigned long))
c:\Users\danie\AppData\Roaming\Code\User\globalStorage\vexrobotics.vexcode\sdk\cpp\V5\V5_20240223_11_00_00/vexv5\libv5rt.a(vex_event.cpp.obj)
                              c:\Users\danie\AppData\Roaming\Code\User\globalStorage\vexrobotics.vexcode\sdk\cpp\V5\V5_20240223_11_00_00/vexv5\libv5rt.a(vex_imu.cpp.obj) (vex::event::init(unsigned long, unsigned long, void (*)()))
c:\Users\danie\AppData\Roaming\Code\User\globalStorage\vexrobotics.vexcode\sdk\cpp\V5\V5_20240223_11_00_00/vexv5\libv5rt.a(vex_mevent.cpp.obj)
                              c:\Users\danie\AppData\Roaming\Code\User\globalStorage\vexrobotics.vexcode\sdk\cpp\V5\V5_20240223_11_00_00/vexv5\libv5rt.a(vex_controller.cpp.obj) (vex::mevent::mevent(unsigned long, unsigned long))
c:\Users\danie\AppData\Roaming\Code\User\globalStorage\vexrobotics.vexcode\sdk\cpp\V5\V5_20240223_11_00_00/vexv5\libv5rt.a(vex_brain.cpp.obj)
                              build/src/globals.o (vex::brain::brain())
c:\Users\danie\AppData\Roaming\Code\User\globalStorage\vexrobotics.vexcode\sdk\cpp\V5\V5_20240223_11_00_00/vexv5\libv5rt.a(vex_competition.cpp.obj)
                              build/src/main.o (vex::competition::competition())
c:\Users\danie\AppData\Roaming\Code\User\globalStorage\vexrobotics.vexcode\sdk\cpp\V5\V5_20240223_11_00_00/vexv5\libv5rt.a(vex_triport.cpp.obj)
                              c:\Users\danie\AppData\Roaming\Code\User\globalStorage\vexrobotics.vexcode\sdk\cpp\V5\V5_20240223_11_00_00/vexv5\libv5rt.a(vex_brain.cpp.obj) (vex::triport::~triport())
[...]
Memory Configuration

Name             Origin             Length             Attributes
ps7_ddr_0_S_AXI_BASEADDR 0x03800000         0x04800000
*default*        0x00000000         0xffffffff

Linker script and memory map

                0x00002000                _STACK_SIZE = DEFINED (_STACK_SIZE)?_STACK_SIZE:0x2000
                0x00100000                _HEAP_SIZE = DEFINED (_HEAP_SIZE)?_HEAP_SIZE:0x100000
                0x00000400                _ABORT_STACK_SIZE = DEFINED (_ABORT_STACK_SIZE)?_ABORT_STACK_SIZE:0x400
                0x00000800                _SUPERVISOR_STACK_SIZE = DEFINED (_SUPERVISOR_STACK_SIZE)?_SUPERVISOR_STACK_SIZE:0x800
                0x00000400                _IRQ_STACK_SIZE = DEFINED (_IRQ_STACK_SIZE)?_IRQ_STACK_SIZE:0x400
                0x00000400                _FIQ_STACK_SIZE = DEFINED (_FIQ_STACK_SIZE)?_FIQ_STACK_SIZE:0x400
                0x00000400                _UNDEF_STACK_SIZE = DEFINED (_UNDEF_STACK_SIZE)?_UNDEF_STACK_SIZE:0x400

.text           0x03800000     0x95d8
 *(.vectors)
 *(.boot_data)
 .boot_data     0x03800000       0x20 c:\Users\danie\AppData\Roaming\Code\User\globalStorage\vexrobotics.vexcode\sdk\cpp\V5\V5_20240223_11_00_00/vexv5\libv5rt.a(v5_startup.c.obj)
                0x03800000                vexCodeSig
                0x00000020                . = 0x20
 *(.boot)
 .boot          0x03800020       0xbc c:\Users\danie\AppData\Roaming\Code\User\globalStorage\vexrobotics.vexcode\sdk\cpp\V5\V5_20240223_11_00_00/vexv5\libv5rt.a(v5_startup.c.obj)
                0x03800020                vexStartup
                0x03800100                . = ALIGN (0x40)
 *fill*         0x038000dc       0x24 
 *(.freertos_vectors)
 *(.text)
 .text          0x03800100       0x3a c:\Users\danie\AppData\Roaming\Code\User\globalStorage\vexrobotics.vexcode\sdk\cpp\V5\V5_20240223_11_00_00/vexv5/gcc/libs\libc.a(lib_a-aeabi_memmove-soft.o)
                0x03800100                __aeabi_memmove4
                0x03800100                __aeabi_memmove
                0x03800100                __aeabi_memmove8
 *fill*         0x0380013a        0x2 
 .text          0x0380013c      0x370 c:\Users\danie\AppData\Roaming\Code\User\globalStorage\vexrobotics.vexcode\sdk\cpp\V5\V5_20240223_11_00_00/vexv5/gcc/libs\libgcc.a(_arm_addsubdf3.o)
                0x0380013c                __aeabi_drsub
                0x03800144                __subdf3
                0x03800144                __aeabi_dsub
                0x03800148                __aeabi_dadd
                0x03800148                __adddf3
                0x038003c0                __floatunsidf
                0x038003c0                __aeabi_ui2d
                0x038003e0                __aeabi_i2d
                0x038003e0                __floatsidf
                0x03800404                __extendsfdf2
                0x03800404                __aeabi_f2d
                0x03800440                __floatundidf
                0x03800440                __aeabi_ul2d
                0x03800450                __aeabi_l2d
                0x03800450                __floatdidf
 .text          0x038004ac      0x21c c:\Users\danie\AppData\Roaming\Code\User\globalStorage\vexrobotics.vexcode\sdk\cpp\V5\V5_20240223_11_00_00/vexv5/gcc/libs\libgcc.a(_arm_addsubsf3.o)
                0x038004ac                __aeabi_frsub
                0x038004b4                __subsf3
                0x038004b4                __aeabi_fsub
                0x038004b8                __addsf3
                0x038004b8                __aeabi_fadd
                0x03800618                __aeabi_ui2f
                0x03800618                __floatunsisf
                0x03800620                __floatsisf
                0x03800620                __aeabi_i2f
                0x0380063c                __aeabi_ul2f
                0x0380063c                __floatundisf
                0x0380064c                __aeabi_l2f
                0x0380064c                __floatdisf
 .text          0x038006c8       0x48 c:\Users\danie\AppData\Roaming\Code\User\globalStorage\vexrobotics.vexcode\sdk\cpp\V5\V5_20240223_11_00_00/vexv5/gcc/libs\libgcc.a(_fixunsdfdi.o)
                0x038006c8                __fixunsdfdi
                0x038006c8                __aeabi_d2ulz
 *(.text.*)
 .text.main     0x03800710       0xf4 build/src/main.o
                0x03800710                main
 .text._GLOBAL__sub_I_main.cpp
                0x03800804       0x34 build/src/main.o
 .text._ZN3vex11motor_groupC2IJNS_5motorES2_EEERS2_DpRT_
                0x03800838       0x44 build/src/globals.o
                0x03800838                vex::motor_group::motor_group<vex::motor, vex::motor>(vex::motor&, vex::motor&, vex::motor&)
 .text._ZN3vex11motor_group9_addMotorIJNS_5motorES2_S2_S2_EEEvRS2_DpRT_
                0x0380087c       0x4c build/src/globals.o
                0x0380087c                void vex::motor_group::_addMotor<vex::motor, vex::motor, vex::motor, vex::motor>(vex::motor&, vex::motor&, vex::motor&, vex::motor&, vex::motor&)
 .text._GLOBAL__sub_I_globals.cpp
                0x038008c8      0x4dc build/src/globals.o
 .text._ZNSt6vectorI5MotorSaIS0_EED2Ev
                0x03800da4       0x44 build/src/mainBody.o
                0x03800da4                std::vector<Motor, std::allocator<Motor> >::~vector()
 .text._ZN10MotorGroupD2Ev
                0x03800de8       0x1c build/src/mainBody.o
                0x03800de8                MotorGroup::~MotorGroup()
 .text._ZN8OdometryD2Ev
                0x03800e04       0x34 build/src/mainBody.o
                0x03800e04                Odometry::~Odometry()
 .text._Z11taskHandlerb
                0x03800e38      0x184 build/src/mainBody.o
                0x03800e38                taskHandler(bool)
 .text._Z5autonv
                0x03800fbc      0x138 build/src/mainBody.o
                0x03800fbc                auton()
 .text._Z8aPressedv
                0x038010f4       0x14 build/src/mainBody.o
                0x038010f4                aPressed()
 .text._Z13driverControlv
                0x03801108      0x230 build/src/mainBody.o
                0x03801108                driverControl()
 .text._ZNSt8_Rb_treeISsSt4pairIKSs5MotorESt10_Select1stIS3_ESt4lessISsESaIS3_EE8_M_eraseEPSt13_Rb_tree_nodeIS3_E
                0x03801338       0x50 build/src/mainBody.o
                0x03801338                std::_Rb_tree<std::string, std::pair<std::string const, Motor>, std::_Select1st<std::pair<std::string const, Motor> >, std::less<std::string>, std::allocator<std::pair<std::string const, Motor> > >::_M_erase(std::_Rb_tree_node<std::pair<std::string const, Motor> >*)
 .text._ZZ11taskHandlerbEN3$_08__invokeEv
                0x03801388        0xc build/src/mainBody.o
 *fill*         0x03801394        0x4 
 .text._ZZ11taskHandlerbENK3$_0clEv
                0x03801398       0x80 build/src/mainBody.o
 .text._ZZ11taskHandlerbEN3$_18__invokeEv
                0x03801418        0xc build/src/mainBody.o
 .text._ZZ11taskHandlerbENK3$_1clEv
                0x03801424       0x4c build/src/mainBody.o
 .text._ZZ11taskHandlerbEN3$_28__invokeEv
                0x03801470        0xc build/src/mainBody.o
 .text._ZZ11taskHandlerbENK3$_2clEv
                0x0380147c       0x40 build/src/mainBody.o
 .text._ZZ11taskHandlerbEN3$_38__invokeEv
                0x038014bc        0xc build/src/mainBody.o
 .text._ZZ11taskHandlerbENK3$_3clEv
                0x038014c8       0x90 build/src/mainBody.o
 .text._ZZ11taskHandlerbEN3$_48__invokeEv
                0x03801558        0xc build/src/mainBody.o
 .text._ZZ11taskHandlerbENK3$_4clEv
                0x03801564       0x90 build/src/mainBody.o
 .text._ZZ11taskHandlerbEN3$_58__invokeEv
                0x038015f4        0xc build/src/mainBody.o
 .text._ZZ11taskHandlerbENK3$_5clEv
                0x03801600       0x8c build/src/mainBody.o
 .text._ZZ11taskHandlerbEN3$_68__invokeEv
                0x0380168c        0xc build/src/mainBody.o
 .text._ZZ11taskHandlerbENK3$_6clEv
                0x03801698       0x6c build/src/mainBody.o
 *fill*         0x03801704        0x4 
 .text._ZZ13driverControlvEN3$_78__invokeEv
                0x03801708       0xe0 build/src/mainBody.o
 .text._ZNSt6vectorI5MotorSaIS0_EE19_M_range_initializeIPKS0_EEvT_S6_St20forward_iterator_tag
                0x038017e8       0x74 build/src/mainBody.o
                0x038017e8                void std::vector<Motor, std::allocator<Motor> >::_M_range_initialize<Motor const*>(Motor const*, Motor const*, std::forward_iterator_tag)
 .text._ZNSt12_Vector_baseI5MotorSaIS0_EE11_M_allocateEj
                0x0380185c       0x3c build/src/mainBody.o
                0x0380185c                std::_Vector_base<Motor, std::allocator<Motor> >::_M_allocate(unsigned int)
 .text._GLOBAL__sub_I_mainBody.cpp
                0x03801898      0xc98 build/src/mainBody.o
 .text._Z17positiveBlueElimsRN3vex4taskES1_S1_S1_R8OdometryR10MotorGroupR6IntakeS5_R13WallStakeMechR6Motion
                0x03802530      0x550 build/src/autons/positiveBlueElims.o
                0x03802530                positiveBlueElims(vex::task&, vex::task&, vex::task&, vex::task&, Odometry&, MotorGroup&, Intake&, MotorGroup&, WallStakeMech&, Motion&)
 .text._ZN7DoinkerC2EPN3vex11digital_outE
                0x03802a80       0x10 build/src/components/Doinker.o
                0x03802a80                Doinker::Doinker(vex::digital_out*)
                0x03802a80                Doinker::Doinker(vex::digital_out*)
 .text._ZN7Doinker11toggleStateEb
                0x03802a90       0x58 build/src/components/Doinker.o
                0x03802a90                Doinker::toggleState(bool)
 .text._ZN13WallStakeMechC2EP10MotorGroupP3PIDf
                0x03802ae8       0x30 build/src/components/WallStakeMech.o
                0x03802ae8                WallStakeMech::WallStakeMech(MotorGroup*, PID*, float)
                0x03802ae8                WallStakeMech::WallStakeMech(MotorGroup*, PID*, float)
 .text._ZN13WallStakeMech21setMogoIntakePositionEf
                0x03802b18        0x8 build/src/components/WallStakeMech.o
                0x03802b18                WallStakeMech::setMogoIntakePosition(float)
 .text._ZN13WallStakeMech22setStakeIntakePositionEf
                0x03802b20        0x8 build/src/components/WallStakeMech.o
                0x03802b20                WallStakeMech::setStakeIntakePosition(float)
 .text._ZN13WallStakeMech21setStakeScorePositionEf
                0x03802b28        0x8 build/src/components/WallStakeMech.o
                0x03802b28                WallStakeMech::setStakeScorePosition(float)
 .text._ZN13WallStakeMech16setResetSetpointEf
                0x03802b30        0x8 build/src/components/WallStakeMech.o
                0x03802b30                WallStakeMech::setResetSetpoint(float)
 .text._ZN13WallStakeMech15updateStatusOneEbb
                0x03802b38       0x90 build/src/components/WallStakeMech.o
                0x03802b38                WallStakeMech::updateStatusOne(bool, bool)
 .text._ZN13WallStakeMech15updateStatusTwoEbb
                0x03802bc8       0xe0 build/src/components/WallStakeMech.o
                0x03802bc8                WallStakeMech::updateStatusTwo(bool, bool)
 .text._ZN13WallStakeMech17updateStatusThreeEbb
                0x03802ca8       0x8c build/src/components/WallStakeMech.o
                0x03802ca8                WallStakeMech::updateStatusThree(bool, bool)
 .text._ZN13WallStakeMech16updateStatusEchoEbbbb
                0x03802d34      0x180 build/src/components/WallStakeMech.o
                0x03802d34                WallStakeMech::updateStatusEcho(bool, bool, bool, bool)
 .text._ZN13WallStakeMech5resetEbbbbi
                0x03802eb4       0xc4 build/src/components/WallStakeMech.o
                0x03802eb4                WallStakeMech::reset(bool, bool, bool, bool, int)
 .text._ZN13WallStakeMech9resetAutoEv
                0x03802f78       0x60 build/src/components/WallStakeMech.o
                0x03802f78                WallStakeMech::resetAuto()
 .text._ZN10MotorGroupC2ESt6vectorI5MotorSaIS1_EE
                0x03802fd8      0x108 build/src/components/MotorGroup.o
                0x03802fd8                MotorGroup::MotorGroup(std::vector<Motor, std::allocator<Motor> >)
                0x03802fd8                MotorGroup::MotorGroup(std::vector<Motor, std::allocator<Motor> >)
 .text._ZN10MotorGroup4spinEfb
                0x038030e0       0xa4 build/src/components/MotorGroup.o
                0x038030e0                MotorGroup::spin(float, bool)
 .text._ZN10MotorGroup4stopEv
                0x03803184       0x44 build/src/components/MotorGroup.o
                0x03803184                MotorGroup::stop()
 .text._ZN10MotorGroup11setPositionEf
                0x038031c8       0x70 build/src/components/MotorGroup.o
                0x038031c8                MotorGroup::setPosition(float)
 .text._ZN10MotorGroup11setStoppingEb
                0x03803238       0x80 build/src/components/MotorGroup.o
                0x03803238                MotorGroup::setStopping(bool)
 .text._ZN10MotorGroup11getPositionEv
                0x038032b8       0x30 build/src/components/MotorGroup.o
                0x038032b8                MotorGroup::getPosition()
 .text._ZNSt8_Rb_treeISsSt4pairIKSs5MotorESt10_Select1stIS3_ESt4lessISsESaIS3_EE16_M_insert_uniqueIS0_ISsS2_EEES0_ISt17_Rb_tree_iteratorIS3_EbEOT_
                0x038032e8       0x5c build/src/components/MotorGroup.o
                0x038032e8                std::pair<std::_Rb_tree_iterator<std::pair<std::string const, Motor> >, bool> std::_Rb_tree<std::string, std::pair<std::string const, Motor>, std::_Select1st<std::pair<std::string const, Motor> >, std::less<std::string>, std::allocator<std::pair<std::string const, Motor> > >::_M_insert_unique<std::pair<std::string, Motor> >(std::pair<std::string, Motor>&&)
 .text._ZNSt8_Rb_treeISsSt4pairIKSs5MotorESt10_Select1stIS3_ESt4lessISsESaIS3_EE24_M_get_insert_unique_posERS1_
                0x03803344       0xe8 build/src/components/MotorGroup.o
                0x03803344                std::_Rb_tree<std::string, std::pair<std::string const, Motor>, std::_Select1st<std::pair<std::string const, Motor> >, std::less<std::string>, std::allocator<std::pair<std::string const, Motor> > >::_M_get_insert_unique_pos(std::string const&)
 .text._ZNSt8_Rb_treeISsSt4pairIKSs5MotorESt10_Select1stIS3_ESt4lessISsESaIS3_EE10_M_insert_IS0_ISsS2_EEESt17_Rb_tree_iteratorIS3_EPSt18_Rb_tree_node_baseSF_OT_
                0x0380342c       0xc4 build/src/components/MotorGroup.o
                0x0380342c                std::_Rb_tree_iterator<std::pair<std::string const, Motor> > std::_Rb_tree<std::string, std::pair<std::string const, Motor>, std::_Select1st<std::pair<std::string const, Motor> >, std::less<std::string>, std::allocator<std::pair<std::string const, Motor> > >::_M_insert_<std::pair<std::string, Motor> >(std::_Rb_tree_node_base*, std::_Rb_tree_node_base*, std::pair<std::string, Motor>&&)
 .text._ZN6IntakeC2EP10MotorGroupPN3vex7opticalEPNS2_10controllerEbff
                0x038034f0       0x54 build/src/components/Intake.o
                0x038034f0                Intake::Intake(MotorGroup*, vex::optical*, vex::controller*, bool, float, float)
                0x038034f0                Intake::Intake(MotorGroup*, vex::optical*, vex::controller*, bool, float, float)
 *fill*         0x03803544        0x4 
 .text._ZN6Intake12blueDetectedEv
                0x03803548       0x70 build/src/components/Intake.o
                0x03803548                Intake::blueDetected()
 .text._ZN6Intake11redDetectedEv
                0x038035b8       0x78 build/src/components/Intake.o
                0x038035b8                Intake::redDetected()
 .text._ZN6Intake15blueDetectedOppEv
                0x03803630       0x78 build/src/components/Intake.o
                0x03803630                Intake::blueDetectedOpp()
 .text._ZN6Intake14redDetectedOppEv
                0x038036a8       0x70 build/src/components/Intake.o
                0x038036a8                Intake::redDetectedOpp()
 .text._ZN6Intake22controllerFeedbackSpinEbb
                0x03803718      0x184 build/src/components/Intake.o
                0x03803718                Intake::controllerFeedbackSpin(bool, bool)
 .text._ZN6Intake29controllerFeedbackToggleColorEb
                0x0380389c       0x48 build/src/components/Intake.o
                0x0380389c                Intake::controllerFeedbackToggleColor(bool)
 .text._ZN6Intake9runIntakeEf
                0x038038e4      0x100 build/src/components/Intake.o
                0x038038e4                Intake::runIntake(float)
 .text._ZN6Intake11getDetectedEv
                0x038039e4       0x4c build/src/components/Intake.o
                0x038039e4                Intake::getDetected()
 .text._ZN6Intake14getDetectedOppEv
                0x03803a30        0x8 build/src/components/Intake.o
                0x03803a30                Intake::getDetectedOpp()
 .text._ZN7Chassis8spinTankEffbb
                0x03803a38       0x60 build/src/components/Chassis.o
                0x03803a38                Chassis::spinTank(float, float, bool, bool)
 .text._ZN4TankC2E15ChassisGeometry21ChassisDriverSettings
                0x03803a98       0x44 build/src/components/Chassis.o
                0x03803a98                Tank::Tank(ChassisGeometry, ChassisDriverSettings)
                0x03803a98                Tank::Tank(ChassisGeometry, ChassisDriverSettings)
 *fill*         0x03803adc        0x4 
 .text._ZN4Tank22controllerFeedbackSpinEb
                0x03803ae0      0x268 build/src/components/Chassis.o
                0x03803ae0                Tank::controllerFeedbackSpin(bool)
 .text._ZN5ClampC2EPN3vex11digital_outEPNS0_8distanceEPNS0_10controllerE
                0x03803d48       0x14 build/src/components/Clamp.o
                0x03803d48                Clamp::Clamp(vex::digital_out*, vex::distance*, vex::controller*)
                0x03803d48                Clamp::Clamp(vex::digital_out*, vex::distance*, vex::controller*)
 .text._ZN5Clamp19setClampSensorRangeEf
                0x03803d5c        0x8 build/src/components/Clamp.o
                0x03803d5c                Clamp::setClampSensorRange(float)
 .text._ZN5Clamp11toggleStateEb
                0x03803d64       0x58 build/src/components/Clamp.o
                0x03803d64                Clamp::toggleState(bool)
 .text._ZN5Clamp12vibrateStateEv
                0x03803dbc       0xa4 build/src/components/Clamp.o
                0x03803dbc                Clamp::vibrateState()
 .text._ZN3PIDC2ER15AsymptoticGainsfffb
                0x03803e60       0x24 build/src/motionControl/PID.o
                0x03803e60                PID::PID(AsymptoticGains&, float, float, float, bool)
                0x03803e60                PID::PID(AsymptoticGains&, float, float, float, bool)
 *fill*         0x03803e84        0x4 
 .text._ZN3PID4tickEf
                0x03803e88       0xcc build/src/motionControl/PID.o
                0x03803e88                PID::tick(float)
 .text._ZN3PID5resetEf
                0x03803f54       0x10 build/src/motionControl/PID.o
                0x03803f54                PID::reset(float)
 .text._ZN3PID5setKpEf
                0x03803f64        0x8 build/src/motionControl/PID.o
                0x03803f64                PID::setKp(float)
 .text._ZN6Motion7setUnitEf
                0x03803f6c        0x8 build/src/motionControl/Motion.o
                0x03803f6c                Motion::setUnit(float)
 .text._ZN6Motion18setPursuitSettingsEffffff
                0x03803f74       0x28 build/src/motionControl/Motion.o
                0x03803f74                Motion::setPursuitSettings(float, float, float, float, float, float)
 .text._ZN6Motion13cancelMotionsEv
                0x03803f9c        0xc build/src/motionControl/Motion.o
                0x03803f9c                Motion::cancelMotions()
 .text._ZN6Motion8moveDistEffff
                0x03803fa8      0x390 build/src/motionControl/Motion.o
                0x03803fa8                Motion::moveDist(float, float, float, float)
 .text._ZN6Motion9moveDist2Efff
                0x03804338      0x354 build/src/motionControl/Motion.o
                0x03804338                Motion::moveDist2(float, float, float)
 *fill*         0x0380468c        0x4 
 .text._ZN6Motion11turnHeadingEfifff
                0x03804690      0x2a8 build/src/motionControl/Motion.o
                0x03804690                Motion::turnHeading(float, int, float, float, float)
 .text._ZN4Exit5errorEff
                0x03804938       0x20 build/src/motionControl/Exit.o
                0x03804938                Exit::error(float, float)
 .text._ZN4Exit4veloEff
                0x03804958       0x1c build/src/motionControl/Exit.o
                0x03804958                Exit::velo(float, float)
 .text._ZN4Exit4timeEii
                0x03804974       0x14 build/src/motionControl/Exit.o
                0x03804974                Exit::time(int, int)
 .text._ZN8Odometry4tickEv
                0x03804988      0x27c build/src/motionControl/Odometry.o
                0x03804988                Odometry::tick()
 .text._ZN8Odometry16updateDerivativeEv
                0x03804c04      0x11c build/src/motionControl/Odometry.o
                0x03804c04                Odometry::updateDerivative()
 .text._ZN8Odometry6setPosEff
                0x03804d20        0x8 build/src/motionControl/Odometry.o
                0x03804d20                Odometry::setPos(float, float)
 .text._ZN8Odometry7setUnitEf
                0x03804d28        0x8 build/src/motionControl/Odometry.o
                0x03804d28                Odometry::setUnit(float)
 .text._ZN8Odometry10setHeadingEf
                0x03804d30       0x54 build/src/motionControl/Odometry.o
                0x03804d30                Odometry::setHeading(float)
 .text._ZN8Odometry7getPosXEv
                0x03804d84        0x8 build/src/motionControl/Odometry.o
                0x03804d84                Odometry::getPosX()
 .text._ZN8Odometry7getPosYEv
                0x03804d8c        0x8 build/src/motionControl/Odometry.o
                0x03804d8c                Odometry::getPosY()
 .text._ZNSt6vectorISt4pairIffESaIS1_EE5eraseEN9__gnu_cxx17__normal_iteratorIPKS1_S3_EE
                0x03804d94       0x54 build/src/motionControl/Odometry.o
                0x03804d94                std::vector<std::pair<float, float>, std::allocator<std::pair<float, float> > >::erase(__gnu_cxx::__normal_iterator<std::pair<float, float> const*, std::vector<std::pair<float, float>, std::allocator<std::pair<float, float> > > >)
 .text._ZN8Odometry8getSpeedEv
                0x03804de8       0xb0 build/src/motionControl/Odometry.o
                0x03804de8                Odometry::getSpeed()
 .text._ZN8Odometry18getAngularVelocityEv
                0x03804e98       0x5c build/src/motionControl/Odometry.o
                0x03804e98                Odometry::getAngularVelocity()
 .text._ZNSt6vectorISt4pairIffESaIS1_EE19_M_emplace_back_auxIJRKS1_EEEvDpOT_
                0x03804ef4       0x94 build/src/motionControl/Odometry.o
                0x03804ef4                void std::vector<std::pair<float, float>, std::allocator<std::pair<float, float> > >::_M_emplace_back_aux<std::pair<float, float> const&>(std::pair<float, float> const&)
 .text._ZNKSt6vectorISt4pairIffESaIS1_EE12_M_check_lenEjPKc
                0x03804f88       0x54 build/src/motionControl/Odometry.o
                0x03804f88                std::vector<std::pair<float, float>, std::allocator<std::pair<float, float> > >::_M_check_len(unsigned int, char const*) const
 .text._ZNSt12_Vector_baseISt4pairIffESaIS1_EE11_M_allocateEj
                0x03804fdc       0x30 build/src/motionControl/Odometry.o
                0x03804fdc                std::_Vector_base<std::pair<float, float>, std::allocator<std::pair<float, float> > >::_M_allocate(unsigned int)
 .text._ZNSt6vectorIfSaIfEE19_M_emplace_back_auxIJfEEEvDpOT_
                0x0380500c       0x80 build/src/motionControl/Odometry.o
                0x0380500c                void std::vector<float, std::allocator<float> >::_M_emplace_back_aux<float>(float&&)
 .text._ZNKSt6vectorIfSaIfEE12_M_check_lenEjPKc
                0x0380508c       0x54 build/src/motionControl/Odometry.o
                0x0380508c                std::vector<float, std::allocator<float> >::_M_check_len(unsigned int, char const*) const
 .text._ZNSt12_Vector_baseIfSaIfEE11_M_allocateEj
                0x038050e0       0x30 build/src/motionControl/Odometry.o
                0x038050e0                std::_Vector_base<float, std::allocator<float> >::_M_allocate(unsigned int)
 .text._ZNSt6vectorI4PoseSaIS0_EED2Ev
                0x03805110       0x24 build/src/PathStorage/testPath.o
                0x03805110                std::vector<Pose, std::allocator<Pose> >::~vector()
 .text._GLOBAL__sub_I_testPath.cpp
                0x03805134     0x1308 build/src/PathStorage/testPath.o
 .text._ZN4PoseC2Efff
                0x0380643c        0x8 build/src/utility/Pose.o
                0x0380643c                Pose::Pose(float, float, float)
                0x0380643c                Pose::Pose(float, float, float)
 *fill*         0x03806444        0x4 
 .text._ZN4Misc10getHeadingEb
                0x03806448       0x80 build/src/utility/Misc.o
                0x03806448                Misc::getHeading(bool)
 .text._ZN4Misc13runDrivetrainEffb
                0x038064c8       0xa4 build/src/utility/Misc.o
                0x038064c8                Misc::runDrivetrain(float, float, bool)
 .text._ZN4Misc5clampEfff
                0x0380656c       0x2c build/src/utility/Misc.o
                0x0380656c                Misc::clamp(float, float, float)
 .text._ZN4Misc11getDistanceEffff
                0x03806598       0x5c build/src/utility/Misc.o
                0x03806598                Misc::getDistance(float, float, float, float)
 *fill*         0x038065f4        0x4 
 .text._ZN4Misc10angleErrorEff
                0x038065f8       0x60 build/src/utility/Misc.o
                0x038065f8                Misc::angleError(float, float)
 .text._ZN4Misc11reduceRatioEfff
                0x03806658       0xd0 build/src/utility/Misc.o
                0x03806658                Misc::reduceRatio(float, float, float)
 .text._ZN15AsymptoticGainsC2Effff
                0x03806728       0x10 build/src/utility/AsymptoticGains.o
                0x03806728                AsymptoticGains::AsymptoticGains(float, float, float, float)
                0x03806728                AsymptoticGains::AsymptoticGains(float, float, float, float)
 .text._ZN15AsymptoticGains7setGainEf
                0x03806738        0x8 build/src/utility/AsymptoticGains.o
                0x03806738                AsymptoticGains::setGain(float)
 .text._ZN15AsymptoticGains7getGainEv
                0x03806740       0xc0 build/src/utility/AsymptoticGains.o
                0x03806740                AsymptoticGains::getGain()
 .text._ZN5Units8degToRadEf
                0x03806800       0x38 build/src/utility/Units.o
                0x03806800                Units::degToRad(float)
 .text._ZN5Units10tickToUnitEfff
                0x03806838       0x48 build/src/utility/Units.o
                0x03806838                Units::tickToUnit(float, float, float)
 .text._ZN5Timer7getTimeEv
                0x03806880       0x48 build/src/utility/Timer.o
                0x03806880                Timer::getTime()
 .text.vexMain  0x038068c8       0xb0 c:\Users\danie\AppData\Roaming\Code\User\globalStorage\vexrobotics.vexcode\sdk\cpp\V5\V5_20240223_11_00_00/vexv5\libv5rt.a(v5_startup.c.obj)
                0x038068c8                vexMain
 .text.__vex_function_prolog
                0x03806978       0x18 c:\Users\danie\AppData\Roaming\Code\User\globalStorage\vexrobotics.vexcode\sdk\cpp\V5\V5_20240223_11_00_00/vexv5\libv5rt.a(v5_startup.c.obj)
                0x03806978                __vex_function_prolog
 .text._init    0x03806990        0x4 c:\Users\danie\AppData\Roaming\Code\User\globalStorage\vexrobotics.vexcode\sdk\cpp\V5\V5_20240223_11_00_00/vexv5\libv5rt.a(v5_startup.c.obj)
                0x03806990                _init
 .text._fini    0x03806994        0x4 c:\Users\danie\AppData\Roaming\Code\User\globalStorage\vexrobotics.vexcode\sdk\cpp\V5\V5_20240223_11_00_00/vexv5\libv5rt.a(v5_startup.c.obj)
                0x03806994                _fini
 .text.vexStdlibVersionLinked
                0x03806998        0xc c:\Users\danie\AppData\Roaming\Code\User\globalStorage\vexrobotics.vexcode\sdk\cpp\V5\V5_20240223_11_00_00/vexv5\libv5rt.a(v5_util.c.obj)
                0x03806998                vexStdlibVersionLinked
 .text.vexStdlibVersionVerify
                0x038069a4       0x30 c:\Users\danie\AppData\Roaming\Code\User\globalStorage\vexrobotics.vexcode\sdk\cpp\V5\V5_20240223_11_00_00/vexv5\libv5rt.a(v5_util.c.obj)
                0x038069a4                vexStdlibVersionVerify
 .text.vexPrivateApiEnable
                0x038069d4       0x10 c:\Users\danie\AppData\Roaming\Code\User\globalStorage\vexrobotics.vexcode\sdk\cpp\V5\V5_20240223_11_00_00/vexv5\libv5rt.a(v5_apijump.c.obj)
                0x038069d4                vexPrivateApiEnable
 .text.vexStdlibMismatchError
                0x038069e4       0x3c c:\Users\danie\AppData\Roaming\Code\User\globalStorage\vexrobotics.vexcode\sdk\cpp\V5\V5_20240223_11_00_00/vexv5\libv5rt.a(v5_apijump.c.obj)
                0x038069e4                vexStdlibMismatchError
 .text.vexTaskAdd
                0x03806a20       0x10 c:\Users\danie\AppData\Roaming\Code\User\globalStorage\vexrobotics.vexcode\sdk\cpp\V5\V5_20240223_11_00_00/vexv5\libv5rt.a(v5_apijump.c.obj)
                0x03806a20                vexTaskAdd
 .text.vexTasksRun
                0x03806a30       0x10 c:\Users\danie\AppData\Roaming\Code\User\globalStorage\vexrobotics.vexcode\sdk\cpp\V5\V5_20240223_11_00_00/vexv5\libv5rt.a(v5_apijump.c.obj)
                0x03806a30                vexTasksRun
 .text.vexTaskYield
                0x03806a40       0x10 c:\Users\danie\AppData\Roaming\Code\User\globalStorage\vexrobotics.vexcode\sdk\cpp\V5\V5_20240223_11_00_00/vexv5\libv5rt.a(v5_apijump.c.obj)
                0x03806a40                vexTaskYield
 .text.vexTaskCheckTimeslice
                0x03806a50       0x10 c:\Users\danie\AppData\Roaming\Code\User\globalStorage\vexrobotics.vexcode\sdk\cpp\V5\V5_20240223_11_00_00/vexv5\libv5rt.a(v5_apijump.c.obj)
                0x03806a50                vexTaskCheckTimeslice
 .text.vexTaskSleep
                0x03806a60       0x10 c:\Users\danie\AppData\Roaming\Code\User\globalStorage\vexrobotics.vexcode\sdk\cpp\V5\V5_20240223_11_00_00/vexv5\libv5rt.a(v5_apijump.c.obj)
                0x03806a60                vexTaskSleep
 .text.vexTasksDump
                0x03806a70       0x1c c:\Users\danie\AppData\Roaming\Code\User\globalStorage\vexrobotics.vexcode\sdk\cpp\V5\V5_20240223_11_00_00/vexv5\libv5rt.a(v5_apijump.c.obj)
                0x03806a70                vexTasksDump
 .text.vexTaskGetTaskIndex
                0x03806a8c       0x10 c:\Users\danie\AppData\Roaming\Code\User\globalStorage\vexrobotics.vexcode\sdk\cpp\V5\V5_20240223_11_00_00/vexv5\libv5rt.a(v5_apijump.c.obj)
                0x03806a8c                vexTaskGetTaskIndex
 .text.vexTaskStopAll
                0x03806a9c       0x10 c:\Users\danie\AppData\Roaming\Code\User\globalStorage\vexrobotics.vexcode\sdk\cpp\V5\V5_20240223_11_00_00/vexv5\libv5rt.a(v5_apijump.c.obj)
                0x03806a9c                vexTaskStopAll
 .text.vexTaskRemoveAllUser
                0x03806aac       0x34 c:\Users\danie\AppData\Roaming\Code\User\globalStorage\vexrobotics.vexcode\sdk\cpp\V5\V5_20240223_11_00_00/vexv5\libv5rt.a(v5_apijump.c.obj)
                0x03806aac                vexTaskRemoveAllUser
 .text.vexTaskCompletionIdSet
                0x03806ae0       0x10 c:\Users\danie\AppData\Roaming\Code\User\globalStorage\vexrobotics.vexcode\sdk\cpp\V5\V5_20240223_11_00_00/vexv5\libv5rt.a(v5_apijump.c.obj)
                0x03806ae0                vexTaskCompletionIdSet
 .text.vexTaskStopWithId
                0x03806af0       0x10 c:\Users\danie\AppData\Roaming\Code\User\globalStorage\vexrobotics.vexcode\sdk\cpp\V5\V5_20240223_11_00_00/vexv5\libv5rt.a(v5_apijump.c.obj)
                0x03806af0                vexTaskStopWithId
 .text.vexTaskSuspendWithId
                0x03806b00       0x10 c:\Users\danie\AppData\Roaming\Code\User\globalStorage\vexrobotics.vexcode\sdk\cpp\V5\V5_20240223_11_00_00/vexv5\libv5rt.a(v5_apijump.c.obj)
                0x03806b00                vexTaskSuspendWithId
 .text.vexTaskResumeWithId
                0x03806b10       0x10 c:\Users\danie\AppData\Roaming\Code\User\globalStorage\vexrobotics.vexcode\sdk\cpp\V5\V5_20240223_11_00_00/vexv5\libv5rt.a(v5_apijump.c.obj)
                0x03806b10                vexTaskResumeWithId
 .text.vexCriticalSection
                0x03806b20       0x2c c:\Users\danie\AppData\Roaming\Code\User\globalStorage\vexrobotics.vexcode\sdk\cpp\V5\V5_20240223_11_00_00/vexv5\libv5rt.a(v5_apijump.c.obj)
                0x03806b20                vexCriticalSection
 .text.vexEventAdd
                0x03806b4c       0x34 c:\Users\danie\AppData\Roaming\Code\User\globalStorage\vexrobotics.vexcode\sdk\cpp\V5\V5_20240223_11_00_00/vexv5\libv5rt.a(v5_apijump.c.obj)
                0x03806b4c                vexEventAdd
 .text.vexEventUserIndexGet
                0x03806b80       0x1c c:\Users\danie\AppData\Roaming\Code\User\globalStorage\vexrobotics.vexcode\sdk\cpp\V5\V5_20240223_11_00_00/vexv5\libv5rt.a(v5_apijump.c.obj)
                0x03806b80                vexEventUserIndexGet
 .text.vexEventAddWithArg
                0x03806b9c       0x3c c:\Users\danie\AppData\Roaming\Code\User\globalStorage\vexrobotics.vexcode\sdk\cpp\V5\V5_20240223_11_00_00/vexv5\libv5rt.a(v5_apijump.c.obj)
                0x03806b9c                vexEventAddWithArg
 .text.vexEventsCleanup
                0x03806bd8       0x2c c:\Users\danie\AppData\Roaming\Code\User\globalStorage\vexrobotics.vexcode\sdk\cpp\V5\V5_20240223_11_00_00/vexv5\libv5rt.a(v5_apijump.c.obj)
                0x03806bd8                vexEventsCleanup
 .text.vexDebug
                0x03806c04       0x38 c:\Users\danie\AppData\Roaming\Code\User\globalStorage\vexrobotics.vexcode\sdk\cpp\V5\V5_20240223_11_00_00/vexv5\libv5rt.a(v5_apijump.c.obj)
                0x03806c04                vexDebug
 .text.vex_sprintf
                0x03806c3c       0x40 c:\Users\danie\AppData\Roaming\Code\User\globalStorage\vexrobotics.vexcode\sdk\cpp\V5\V5_20240223_11_00_00/vexv5\libv5rt.a(v5_apijump.c.obj)
                0x03806c3c                vex_sprintf
 .text.vex_vsnprintf
                0x03806c7c       0x3c c:\Users\danie\AppData\Roaming\Code\User\globalStorage\vexrobotics.vexcode\sdk\cpp\V5\V5_20240223_11_00_00/vexv5\libv5rt.a(v5_apijump.c.obj)
                0x03806c7c                vex_vsnprintf
 .text.vexSystemTimeGet
                0x03806cb8       0x1c c:\Users\danie\AppData\Roaming\Code\User\globalStorage\vexrobotics.vexcode\sdk\cpp\V5\V5_20240223_11_00_00/vexv5\libv5rt.a(v5_apijump.c.obj)
                0x03806cb8                vexSystemTimeGet
 .text.vexSystemExitRequest
                0x03806cd4       0x1c c:\Users\danie\AppData\Roaming\Code\User\globalStorage\vexrobotics.vexcode\sdk\cpp\V5\V5_20240223_11_00_00/vexv5\libv5rt.a(v5_apijump.c.obj)
                0x03806cd4                vexSystemExitRequest
 .text.vexSystemHighResTimeGet
                0x03806cf0       0x38 c:\Users\danie\AppData\Roaming\Code\User\globalStorage\vexrobotics.vexcode\sdk\cpp\V5\V5_20240223_11_00_00/vexv5\libv5rt.a(v5_apijump.c.obj)
                0x03806cf0                vexSystemHighResTimeGet
 .text.vexDeviceGetByIndex
                0x03806d28       0x24 c:\Users\danie\AppData\Roaming\Code\User\globalStorage\vexrobotics.vexcode\sdk\cpp\V5\V5_20240223_11_00_00/vexv5\libv5rt.a(v5_apijump.c.obj)
                0x03806d28                vexDeviceGetByIndex
 .text.vexControllerGet
                0x03806d4c       0x2c c:\Users\danie\AppData\Roaming\Code\User\globalStorage\vexrobotics.vexcode\sdk\cpp\V5\V5_20240223_11_00_00/vexv5\libv5rt.a(v5_apijump.c.obj)
                0x03806d4c                vexControllerGet
 .text.vexControllerTextSet
                0x03806d78       0x74 c:\Users\danie\AppData\Roaming\Code\User\globalStorage\vexrobotics.vexcode\sdk\cpp\V5\V5_20240223_11_00_00/vexv5\libv5rt.a(v5_apijump.c.obj)
                0x03806d78                vexControllerTextSet
 .text.vexDeviceAdiPortConfigSet
                0x03806dec       0x34 c:\Users\danie\AppData\Roaming\Code\User\globalStorage\vexrobotics.vexcode\sdk\cpp\V5\V5_20240223_11_00_00/vexv5\libv5rt.a(v5_apijump.c.obj)
                0x03806dec                vexDeviceAdiPortConfigSet
 .text.vexDeviceAdiPortConfigGet
                0x03806e20       0x2c c:\Users\danie\AppData\Roaming\Code\User\globalStorage\vexrobotics.vexcode\sdk\cpp\V5\V5_20240223_11_00_00/vexv5\libv5rt.a(v5_apijump.c.obj)
                0x03806e20                vexDeviceAdiPortConfigGet
 .text.vexDeviceAdiValueSet
                0x03806e4c       0x34 c:\Users\danie\AppData\Roaming\Code\User\globalStorage\vexrobotics.vexcode\sdk\cpp\V5\V5_20240223_11_00_00/vexv5\libv5rt.a(v5_apijump.c.obj)
                0x03806e4c                vexDeviceAdiValueSet
 .text.vexDeviceMotorVelocitySet
                0x03806e80       0x2c c:\Users\danie\AppData\Roaming\Code\User\globalStorage\vexrobotics.vexcode\sdk\cpp\V5\V5_20240223_11_00_00/vexv5\libv5rt.a(v5_apijump.c.obj)
                0x03806e80                vexDeviceMotorVelocitySet
 .text.vexDeviceMotorVoltageSet
                0x03806eac       0x2c c:\Users\danie\AppData\Roaming\Code\User\globalStorage\vexrobotics.vexcode\sdk\cpp\V5\V5_20240223_11_00_00/vexv5\libv5rt.a(v5_apijump.c.obj)
                0x03806eac                vexDeviceMotorVoltageSet
 .text.vexDeviceMotorActualVelocityGet
                0x03806ed8       0x24 c:\Users\danie\AppData\Roaming\Code\User\globalStorage\vexrobotics.vexcode\sdk\cpp\V5\V5_20240223_11_00_00/vexv5\libv5rt.a(v5_apijump.c.obj)
                0x03806ed8                vexDeviceMotorActualVelocityGet
 .text.vexDeviceMotorReverseFlagSet
                0x03806efc       0x2c c:\Users\danie\AppData\Roaming\Code\User\globalStorage\vexrobotics.vexcode\sdk\cpp\V5\V5_20240223_11_00_00/vexv5\libv5rt.a(v5_apijump.c.obj)
                0x03806efc                vexDeviceMotorReverseFlagSet
 .text.vexDeviceMotorEncoderUnitsSet
                0x03806f28       0x2c c:\Users\danie\AppData\Roaming\Code\User\globalStorage\vexrobotics.vexcode\sdk\cpp\V5\V5_20240223_11_00_00/vexv5\libv5rt.a(v5_apijump.c.obj)
                0x03806f28                vexDeviceMotorEncoderUnitsSet
 .text.vexDeviceMotorBrakeModeSet
                0x03806f54       0x2c c:\Users\danie\AppData\Roaming\Code\User\globalStorage\vexrobotics.vexcode\sdk\cpp\V5\V5_20240223_11_00_00/vexv5\libv5rt.a(v5_apijump.c.obj)
                0x03806f54                vexDeviceMotorBrakeModeSet
 .text.vexDeviceMotorPositionSet
                0x03806f80       0x34 c:\Users\danie\AppData\Roaming\Code\User\globalStorage\vexrobotics.vexcode\sdk\cpp\V5\V5_20240223_11_00_00/vexv5\libv5rt.a(v5_apijump.c.obj)
                0x03806f80                vexDeviceMotorPositionSet
 .text.vexDeviceMotorPositionGet
                0x03806fb4       0x24 c:\Users\danie\AppData\Roaming\Code\User\globalStorage\vexrobotics.vexcode\sdk\cpp\V5\V5_20240223_11_00_00/vexv5\libv5rt.a(v5_apijump.c.obj)
                0x03806fb4                vexDeviceMotorPositionGet
 .text.vexDeviceMotorGearingSet
                0x03806fd8       0x2c c:\Users\danie\AppData\Roaming\Code\User\globalStorage\vexrobotics.vexcode\sdk\cpp\V5\V5_20240223_11_00_00/vexv5\libv5rt.a(v5_apijump.c.obj)
                0x03806fd8                vexDeviceMotorGearingSet
 .text.vexDeviceMotorGearingGet
                0x03807004       0x24 c:\Users\danie\AppData\Roaming\Code\User\globalStorage\vexrobotics.vexcode\sdk\cpp\V5\V5_20240223_11_00_00/vexv5\libv5rt.a(v5_apijump.c.obj)
                0x03807004                vexDeviceMotorGearingGet
 .text.vexDeviceImuReset
                0x03807028       0x24 c:\Users\danie\AppData\Roaming\Code\User\globalStorage\vexrobotics.vexcode\sdk\cpp\V5\V5_20240223_11_00_00/vexv5\libv5rt.a(v5_apijump.c.obj)
                0x03807028                vexDeviceImuReset
 .text.vexDeviceImuHeadingGet
                0x0380704c       0x24 c:\Users\danie\AppData\Roaming\Code\User\globalStorage\vexrobotics.vexcode\sdk\cpp\V5\V5_20240223_11_00_00/vexv5\libv5rt.a(v5_apijump.c.obj)
                0x0380704c                vexDeviceImuHeadingGet
 .text.vexDeviceImuDegreesGet
                0x03807070       0x24 c:\Users\danie\AppData\Roaming\Code\User\globalStorage\vexrobotics.vexcode\sdk\cpp\V5\V5_20240223_11_00_00/vexv5\libv5rt.a(v5_apijump.c.obj)
                0x03807070                vexDeviceImuDegreesGet
 .text.vexDeviceImuStatusGet
                0x03807094       0x24 c:\Users\danie\AppData\Roaming\Code\User\globalStorage\vexrobotics.vexcode\sdk\cpp\V5\V5_20240223_11_00_00/vexv5\libv5rt.a(v5_apijump.c.obj)
                0x03807094                vexDeviceImuStatusGet
 .text.vexDeviceAbsEncPositionSet
                0x038070b8       0x2c c:\Users\danie\AppData\Roaming\Code\User\globalStorage\vexrobotics.vexcode\sdk\cpp\V5\V5_20240223_11_00_00/vexv5\libv5rt.a(v5_apijump.c.obj)
                0x038070b8                vexDeviceAbsEncPositionSet
 .text.vexDeviceAbsEncAngleGet
                0x038070e4       0x24 c:\Users\danie\AppData\Roaming\Code\User\globalStorage\vexrobotics.vexcode\sdk\cpp\V5\V5_20240223_11_00_00/vexv5\libv5rt.a(v5_apijump.c.obj)
                0x038070e4                vexDeviceAbsEncAngleGet
 .text.vexDeviceAbsEncReverseFlagSet
                0x03807108       0x2c c:\Users\danie\AppData\Roaming\Code\User\globalStorage\vexrobotics.vexcode\sdk\cpp\V5\V5_20240223_11_00_00/vexv5\libv5rt.a(v5_apijump.c.obj)
                0x03807108                vexDeviceAbsEncReverseFlagSet
 .text.vexDeviceOpticalHueGet
                0x03807134       0x24 c:\Users\danie\AppData\Roaming\Code\User\globalStorage\vexrobotics.vexcode\sdk\cpp\V5\V5_20240223_11_00_00/vexv5\libv5rt.a(v5_apijump.c.obj)
                0x03807134                vexDeviceOpticalHueGet
 .text.vexDeviceOpticalProximityGet
                0x03807158       0x24 c:\Users\danie\AppData\Roaming\Code\User\globalStorage\vexrobotics.vexcode\sdk\cpp\V5\V5_20240223_11_00_00/vexv5\libv5rt.a(v5_apijump.c.obj)
                0x03807158                vexDeviceOpticalProximityGet
 .text.vexDeviceOpticalLedPwmSet
                0x0380717c       0x2c c:\Users\danie\AppData\Roaming\Code\User\globalStorage\vexrobotics.vexcode\sdk\cpp\V5\V5_20240223_11_00_00/vexv5\libv5rt.a(v5_apijump.c.obj)
                0x0380717c                vexDeviceOpticalLedPwmSet
 .text.vexDeviceOpticalGestureEnable
                0x038071a8       0x24 c:\Users\danie\AppData\Roaming\Code\User\globalStorage\vexrobotics.vexcode\sdk\cpp\V5\V5_20240223_11_00_00/vexv5\libv5rt.a(v5_apijump.c.obj)
                0x038071a8                vexDeviceOpticalGestureEnable
 .text.vexDeviceOpticalGestureDisable
                0x038071cc       0x24 c:\Users\danie\AppData\Roaming\Code\User\globalStorage\vexrobotics.vexcode\sdk\cpp\V5\V5_20240223_11_00_00/vexv5\libv5rt.a(v5_apijump.c.obj)
                0x038071cc                vexDeviceOpticalGestureDisable
 .text.vexDeviceOpticalProximityThreshold
                0x038071f0       0x2c c:\Users\danie\AppData\Roaming\Code\User\globalStorage\vexrobotics.vexcode\sdk\cpp\V5\V5_20240223_11_00_00/vexv5\libv5rt.a(v5_apijump.c.obj)
                0x038071f0                vexDeviceOpticalProximityThreshold
 .text.vexDeviceDistanceDistanceGet
                0x0380721c       0x24 c:\Users\danie\AppData\Roaming\Code\User\globalStorage\vexrobotics.vexcode\sdk\cpp\V5\V5_20240223_11_00_00/vexv5\libv5rt.a(v5_apijump.c.obj)
                0x0380721c                vexDeviceDistanceDistanceGet
 .text.vexDisplayForegroundColor
                0x03807240       0x24 c:\Users\danie\AppData\Roaming\Code\User\globalStorage\vexrobotics.vexcode\sdk\cpp\V5\V5_20240223_11_00_00/vexv5\libv5rt.a(v5_apijump.c.obj)
                0x03807240                vexDisplayForegroundColor
 .text.vexDisplayBackgroundColor
                0x03807264       0x24 c:\Users\danie\AppData\Roaming\Code\User\globalStorage\vexrobotics.vexcode\sdk\cpp\V5\V5_20240223_11_00_00/vexv5\libv5rt.a(v5_apijump.c.obj)
                0x03807264                vexDisplayBackgroundColor
 .text.vexDisplayVPrintf
                0x03807288       0x50 c:\Users\danie\AppData\Roaming\Code\User\globalStorage\vexrobotics.vexcode\sdk\cpp\V5\V5_20240223_11_00_00/vexv5\libv5rt.a(v5_apijump.c.obj)
                0x03807288                vexDisplayVPrintf
 .text.vexDisplayTextReference
                0x038072d8       0x24 c:\Users\danie\AppData\Roaming\Code\User\globalStorage\vexrobotics.vexcode\sdk\cpp\V5\V5_20240223_11_00_00/vexv5\libv5rt.a(v5_apijump.c.obj)
                0x038072d8                vexDisplayTextReference
 .text.vexDisplayTextSize
                0x038072fc       0x2c c:\Users\danie\AppData\Roaming\Code\User\globalStorage\vexrobotics.vexcode\sdk\cpp\V5\V5_20240223_11_00_00/vexv5\libv5rt.a(v5_apijump.c.obj)
                0x038072fc                vexDisplayTextSize
 .text.vexDisplayFontNamedSet
                0x03807328       0x24 c:\Users\danie\AppData\Roaming\Code\User\globalStorage\vexrobotics.vexcode\sdk\cpp\V5\V5_20240223_11_00_00/vexv5\libv5rt.a(v5_apijump.c.obj)
                0x03807328                vexDisplayFontNamedSet
 .text.vexDisplayStringWidthGet
                0x0380734c       0x24 c:\Users\danie\AppData\Roaming\Code\User\globalStorage\vexrobotics.vexcode\sdk\cpp\V5\V5_20240223_11_00_00/vexv5\libv5rt.a(v5_apijump.c.obj)
                0x0380734c                vexDisplayStringWidthGet
 .text.vexSystemStdlibImpureDataAddr
                0x03807370       0x28 c:\Users\danie\AppData\Roaming\Code\User\globalStorage\vexrobotics.vexcode\sdk\cpp\V5\V5_20240223_11_00_00/vexv5\libv5rt.a(v5_apijump.c.obj)
                0x03807370                vexSystemStdlibImpureDataAddr
 .text.vexSystemStdlibImpureDataSize
                0x03807398       0x28 c:\Users\danie\AppData\Roaming\Code\User\globalStorage\vexrobotics.vexcode\sdk\cpp\V5\V5_20240223_11_00_00/vexv5\libv5rt.a(v5_apijump.c.obj)
                0x03807398                vexSystemStdlibImpureDataSize
 .text.vexSystemSaveUserData
                0x038073c0       0x3c c:\Users\danie\AppData\Roaming\Code\User\globalStorage\vexrobotics.vexcode\sdk\cpp\V5\V5_20240223_11_00_00/vexv5\libv5rt.a(v5_apijump.c.obj)
                0x038073c0                vexSystemSaveUserData
 .text.vexDisplayThemeIdGet
                0x038073fc       0x38 c:\Users\danie\AppData\Roaming\Code\User\globalStorage\vexrobotics.vexcode\sdk\cpp\V5\V5_20240223_11_00_00/vexv5\libv5rt.a(v5_apijump.c.obj)
                0x038073fc                vexDisplayThemeIdGet
 .text.vexDeviceEventMaskSet
                0x03807434       0x48 c:\Users\danie\AppData\Roaming\Code\User\globalStorage\vexrobotics.vexcode\sdk\cpp\V5\V5_20240223_11_00_00/vexv5\libv5rt.a(v5_apijump.c.obj)
                0x03807434                vexDeviceEventMaskSet
 .text.vexDeviceEventMaskGet
                0x0380747c       0x3c c:\Users\danie\AppData\Roaming\Code\User\globalStorage\vexrobotics.vexcode\sdk\cpp\V5\V5_20240223_11_00_00/vexv5\libv5rt.a(v5_apijump.c.obj)
                0x0380747c                vexDeviceEventMaskGet
 .text.vexSystemVersion
                0x038074b8       0x10 c:\Users\danie\AppData\Roaming\Code\User\globalStorage\vexrobotics.vexcode\sdk\cpp\V5\V5_20240223_11_00_00/vexv5\libv5rt.a(v5_apiversions.c.obj)
                0x038074b8                vexSystemVersion
 .text.vexStdlibVersion
                0x038074c8       0x10 c:\Users\danie\AppData\Roaming\Code\User\globalStorage\vexrobotics.vexcode\sdk\cpp\V5\V5_20240223_11_00_00/vexv5\libv5rt.a(v5_apiversions.c.obj)
                0x038074c8                vexStdlibVersion
 .text._ZN3vex4waitEdNS_9timeUnitsE
                0x038074d8       0x30 c:\Users\danie\AppData\Roaming\Code\User\globalStorage\vexrobotics.vexcode\sdk\cpp\V5\V5_20240223_11_00_00/vexv5\libv5rt.a(vex_global.cpp.obj)
                0x038074d8                vex::wait(double, vex::timeUnits)
 .text._ZN3vex5motorD2Ev
                0x03807508       0x20 c:\Users\danie\AppData\Roaming\Code\User\globalStorage\vexrobotics.vexcode\sdk\cpp\V5\V5_20240223_11_00_00/vexv5\libv5rt.a(vex_motor.cpp.obj)
                0x03807508                vex::motor::~motor()
                0x03807508                vex::motor::~motor()
 .text._ZN3vex5motorD0Ev
                0x03807528       0x1c c:\Users\danie\AppData\Roaming\Code\User\globalStorage\vexrobotics.vexcode\sdk\cpp\V5\V5_20240223_11_00_00/vexv5\libv5rt.a(vex_motor.cpp.obj)
                0x03807528                vex::motor::~motor()
 .text._ZN3vex5motor9installedEv
                0x03807544       0x18 c:\Users\danie\AppData\Roaming\Code\User\globalStorage\vexrobotics.vexcode\sdk\cpp\V5\V5_20240223_11_00_00/vexv5\libv5rt.a(vex_motor.cpp.obj)
                0x03807544                vex::motor::installed()
 .text._ZN3vex5motor15defaultStoppingENS_9brakeTypeE
                0x0380755c       0x30 c:\Users\danie\AppData\Roaming\Code\User\globalStorage\vexrobotics.vexcode\sdk\cpp\V5\V5_20240223_11_00_00/vexv5\libv5rt.a(vex_motor.cpp.obj)
                0x0380755c                vex::motor::defaultStopping(vex::brakeType)
 .text._ZN3vex5motor11setStoppingENS_9brakeTypeE
                0x0380758c        0x4 c:\Users\danie\AppData\Roaming\Code\User\globalStorage\vexrobotics.vexcode\sdk\cpp\V5\V5_20240223_11_00_00/vexv5\libv5rt.a(vex_motor.cpp.obj)
                0x0380758c                vex::motor::setStopping(vex::brakeType)
 .text._ZN3vex5motorC2El
                0x03807590       0x78 c:\Users\danie\AppData\Roaming\Code\User\globalStorage\vexrobotics.vexcode\sdk\cpp\V5\V5_20240223_11_00_00/vexv5\libv5rt.a(vex_motor.cpp.obj)
                0x03807590                vex::motor::motor(long)
                0x03807590                vex::motor::motor(long)
 .text._ZN3vex5motorC2ElNS_11gearSettingEb
                0x03807608       0x34 c:\Users\danie\AppData\Roaming\Code\User\globalStorage\vexrobotics.vexcode\sdk\cpp\V5\V5_20240223_11_00_00/vexv5\libv5rt.a(vex_motor.cpp.obj)
                0x03807608                vex::motor::motor(long, vex::gearSetting, bool)
                0x03807608                vex::motor::motor(long, vex::gearSetting, bool)
 *fill*         0x0380763c        0x4 
 .text._ZN3vex5motor4spinENS_13directionTypeEdNS_12voltageUnitsE
                0x03807640       0x50 c:\Users\danie\AppData\Roaming\Code\User\globalStorage\vexrobotics.vexcode\sdk\cpp\V5\V5_20240223_11_00_00/vexv5\libv5rt.a(vex_motor.cpp.obj)
                0x03807640                vex::motor::spin(vex::directionType, double, vex::voltageUnits)
 .text._ZN3vex5motor4stopENS_9brakeTypeE
                0x03807690       0x30 c:\Users\danie\AppData\Roaming\Code\User\globalStorage\vexrobotics.vexcode\sdk\cpp\V5\V5_20240223_11_00_00/vexv5\libv5rt.a(vex_motor.cpp.obj)
                0x03807690                vex::motor::stop(vex::brakeType)
 .text._ZN3vex5motor4stopEv
                0x038076c0        0x8 c:\Users\danie\AppData\Roaming\Code\User\globalStorage\vexrobotics.vexcode\sdk\cpp\V5\V5_20240223_11_00_00/vexv5\libv5rt.a(vex_motor.cpp.obj)
                0x038076c0                vex::motor::stop()
 .text._ZN3vex5motor16velocityToScaledEdNS_13velocityUnitsE
                0x038076c8       0x5c c:\Users\danie\AppData\Roaming\Code\User\globalStorage\vexrobotics.vexcode\sdk\cpp\V5\V5_20240223_11_00_00/vexv5\libv5rt.a(vex_motor.cpp.obj)
                0x038076c8                vex::motor::velocityToScaled(double, vex::velocityUnits)
 .text._ZN3vex5motor8velocityENS_13velocityUnitsE
                0x03807724       0x30 c:\Users\danie\AppData\Roaming\Code\User\globalStorage\vexrobotics.vexcode\sdk\cpp\V5\V5_20240223_11_00_00/vexv5\libv5rt.a(vex_motor.cpp.obj)
                0x03807724                vex::motor::velocity(vex::velocityUnits)
 .text._ZN3vex5motor5valueEv
                0x03807754       0x1c c:\Users\danie\AppData\Roaming\Code\User\globalStorage\vexrobotics.vexcode\sdk\cpp\V5\V5_20240223_11_00_00/vexv5\libv5rt.a(vex_motor.cpp.obj)
                0x03807754                vex::motor::value()
 .text._ZN3vex5motor16setRotationUnitsENS_13rotationUnitsE
                0x03807770       0x1c c:\Users\danie\AppData\Roaming\Code\User\globalStorage\vexrobotics.vexcode\sdk\cpp\V5\V5_20240223_11_00_00/vexv5\libv5rt.a(vex_motor.cpp.obj)
                0x03807770                vex::motor::setRotationUnits(vex::rotationUnits)
 .text._ZN3vex5motor11setPositionEdNS_13rotationUnitsE
                0x0380778c       0x44 c:\Users\danie\AppData\Roaming\Code\User\globalStorage\vexrobotics.vexcode\sdk\cpp\V5\V5_20240223_11_00_00/vexv5\libv5rt.a(vex_motor.cpp.obj)
                0x0380778c                vex::motor::setPosition(double, vex::rotationUnits)
 .text._ZN3vex5motor13resetPositionEv
                0x038077d0       0x20 c:\Users\danie\AppData\Roaming\Code\User\globalStorage\vexrobotics.vexcode\sdk\cpp\V5\V5_20240223_11_00_00/vexv5\libv5rt.a(vex_motor.cpp.obj)
                0x038077d0                vex::motor::resetPosition()
 .text._ZN3vex5motor8positionENS_13rotationUnitsE
                0x038077f0       0x44 c:\Users\danie\AppData\Roaming\Code\User\globalStorage\vexrobotics.vexcode\sdk\cpp\V5\V5_20240223_11_00_00/vexv5\libv5rt.a(vex_motor.cpp.obj)
                0x038077f0                vex::motor::position(vex::rotationUnits)
 .text._ZN3vex8inertial11getTurnTypeEv
                0x03807834        0x8 c:\Users\danie\AppData\Roaming\Code\User\globalStorage\vexrobotics.vexcode\sdk\cpp\V5\V5_20240223_11_00_00/vexv5\libv5rt.a(vex_imu.cpp.obj)
                0x03807834                vex::inertial::getTurnType()
 .text._ZThn16_N3vex8inertial11getTurnTypeEv
                0x0380783c        0x8 c:\Users\danie\AppData\Roaming\Code\User\globalStorage\vexrobotics.vexcode\sdk\cpp\V5\V5_20240223_11_00_00/vexv5\libv5rt.a(vex_imu.cpp.obj)
                0x0380783c                non-virtual thunk to vex::inertial::getTurnType()
 *fill*         0x03807844        0x4 
 .text._ZN3vex8inertial10setHeadingEdNS_13rotationUnitsE
                0x03807848       0x58 c:\Users\danie\AppData\Roaming\Code\User\globalStorage\vexrobotics.vexcode\sdk\cpp\V5\V5_20240223_11_00_00/vexv5\libv5rt.a(vex_imu.cpp.obj)
                0x03807848                vex::inertial::setHeading(double, vex::rotationUnits)
 .text._ZThn16_N3vex8inertial10setHeadingEdNS_13rotationUnitsE
                0x038078a0        0x8 c:\Users\danie\AppData\Roaming\Code\User\globalStorage\vexrobotics.vexcode\sdk\cpp\V5\V5_20240223_11_00_00/vexv5\libv5rt.a(vex_imu.cpp.obj)
                0x038078a0                non-virtual thunk to vex::inertial::setHeading(double, vex::rotationUnits)
 .text._ZN3vex8inertial11setRotationEdNS_13rotationUnitsE
                0x038078a8       0x58 c:\Users\danie\AppData\Roaming\Code\User\globalStorage\vexrobotics.vexcode\sdk\cpp\V5\V5_20240223_11_00_00/vexv5\libv5rt.a(vex_imu.cpp.obj)
                0x038078a8                vex::inertial::setRotation(double, vex::rotationUnits)
 .text._ZThn16_N3vex8inertial11setRotationEdNS_13rotationUnitsE
                0x03807900        0x8 c:\Users\danie\AppData\Roaming\Code\User\globalStorage\vexrobotics.vexcode\sdk\cpp\V5\V5_20240223_11_00_00/vexv5\libv5rt.a(vex_imu.cpp.obj)
                0x03807900                non-virtual thunk to vex::inertial::setRotation(double, vex::rotationUnits)
 .text._ZN3vex8inertialD2Ev
                0x03807908       0x20 c:\Users\danie\AppData\Roaming\Code\User\globalStorage\vexrobotics.vexcode\sdk\cpp\V5\V5_20240223_11_00_00/vexv5\libv5rt.a(vex_imu.cpp.obj)
                0x03807908                vex::inertial::~inertial()
                0x03807908                vex::inertial::~inertial()
 .text._ZThn16_N3vex8inertialD1Ev
                0x03807928        0x8 c:\Users\danie\AppData\Roaming\Code\User\globalStorage\vexrobotics.vexcode\sdk\cpp\V5\V5_20240223_11_00_00/vexv5\libv5rt.a(vex_imu.cpp.obj)
                0x03807928                non-virtual thunk to vex::inertial::~inertial()
 .text._ZN3vex8inertialD0Ev
                0x03807930       0x1c c:\Users\danie\AppData\Roaming\Code\User\globalStorage\vexrobotics.vexcode\sdk\cpp\V5\V5_20240223_11_00_00/vexv5\libv5rt.a(vex_imu.cpp.obj)
                0x03807930                vex::inertial::~inertial()
 .text._ZThn16_N3vex8inertialD0Ev
                0x0380794c        0x8 c:\Users\danie\AppData\Roaming\Code\User\globalStorage\vexrobotics.vexcode\sdk\cpp\V5\V5_20240223_11_00_00/vexv5\libv5rt.a(vex_imu.cpp.obj)
                0x0380794c                non-virtual thunk to vex::inertial::~inertial()
 .text._ZN3vex8inertial9installedEv
                0x03807954       0x18 c:\Users\danie\AppData\Roaming\Code\User\globalStorage\vexrobotics.vexcode\sdk\cpp\V5\V5_20240223_11_00_00/vexv5\libv5rt.a(vex_imu.cpp.obj)
                0x03807954                vex::inertial::installed()
 .text._ZN3vex8inertial5angleENS_13rotationUnitsE
                0x0380796c       0x6c c:\Users\danie\AppData\Roaming\Code\User\globalStorage\vexrobotics.vexcode\sdk\cpp\V5\V5_20240223_11_00_00/vexv5\libv5rt.a(vex_imu.cpp.obj)
                0x0380796c                vex::inertial::angle(vex::rotationUnits)
 .text._ZThn16_N3vex8inertial5angleENS_13rotationUnitsE
                0x038079d8        0x8 c:\Users\danie\AppData\Roaming\Code\User\globalStorage\vexrobotics.vexcode\sdk\cpp\V5\V5_20240223_11_00_00/vexv5\libv5rt.a(vex_imu.cpp.obj)
                0x038079d8                non-virtual thunk to vex::inertial::angle(vex::rotationUnits)
 .text._ZN3vex8inertial7headingENS_13rotationUnitsE
                0x038079e0        0x4 c:\Users\danie\AppData\Roaming\Code\User\globalStorage\vexrobotics.vexcode\sdk\cpp\V5\V5_20240223_11_00_00/vexv5\libv5rt.a(vex_imu.cpp.obj)
                0x038079e0                vex::inertial::heading(vex::rotationUnits)
 .text._ZThn16_N3vex8inertial7headingENS_13rotationUnitsE
                0x038079e4        0x8 c:\Users\danie\AppData\Roaming\Code\User\globalStorage\vexrobotics.vexcode\sdk\cpp\V5\V5_20240223_11_00_00/vexv5\libv5rt.a(vex_imu.cpp.obj)
                0x038079e4                non-virtual thunk to vex::inertial::heading(vex::rotationUnits)
 .text._ZN3vex8inertial5valueEv
                0x038079ec       0x1c c:\Users\danie\AppData\Roaming\Code\User\globalStorage\vexrobotics.vexcode\sdk\cpp\V5\V5_20240223_11_00_00/vexv5\libv5rt.a(vex_imu.cpp.obj)
                0x038079ec                vex::inertial::value()
 .text._ZN3vex8inertial8rotationENS_13rotationUnitsE
                0x03807a08       0x48 c:\Users\danie\AppData\Roaming\Code\User\globalStorage\vexrobotics.vexcode\sdk\cpp\V5\V5_20240223_11_00_00/vexv5\libv5rt.a(vex_imu.cpp.obj)
                0x03807a08                vex::inertial::rotation(vex::rotationUnits)
 .text._ZThn16_N3vex8inertial8rotationENS_13rotationUnitsE
                0x03807a50        0x8 c:\Users\danie\AppData\Roaming\Code\User\globalStorage\vexrobotics.vexcode\sdk\cpp\V5\V5_20240223_11_00_00/vexv5\libv5rt.a(vex_imu.cpp.obj)
                0x03807a50                non-virtual thunk to vex::inertial::rotation(vex::rotationUnits)
 .text._ZN3vex8inertial13isCalibratingEv
                0x03807a58       0x38 c:\Users\danie\AppData\Roaming\Code\User\globalStorage\vexrobotics.vexcode\sdk\cpp\V5\V5_20240223_11_00_00/vexv5\libv5rt.a(vex_imu.cpp.obj)
                0x03807a58                vex::inertial::isCalibrating()
 .text._ZThn16_N3vex8inertial13isCalibratingEv
                0x03807a90        0x8 c:\Users\danie\AppData\Roaming\Code\User\globalStorage\vexrobotics.vexcode\sdk\cpp\V5\V5_20240223_11_00_00/vexv5\libv5rt.a(vex_imu.cpp.obj)
                0x03807a90                non-virtual thunk to vex::inertial::isCalibrating()
 .text._ZN3vex8inertialC2ElNS_8turnTypeE
                0x03807a98       0x4c c:\Users\danie\AppData\Roaming\Code\User\globalStorage\vexrobotics.vexcode\sdk\cpp\V5\V5_20240223_11_00_00/vexv5\libv5rt.a(vex_imu.cpp.obj)
                0x03807a98                vex::inertial::inertial(long, vex::turnType)
                0x03807a98                vex::inertial::inertial(long, vex::turnType)
 .text._ZN3vex8inertial13resetRotationEv
                0x03807ae4       0x20 c:\Users\danie\AppData\Roaming\Code\User\globalStorage\vexrobotics.vexcode\sdk\cpp\V5\V5_20240223_11_00_00/vexv5\libv5rt.a(vex_imu.cpp.obj)
                0x03807ae4                vex::inertial::resetRotation()
 .text._ZN3vex8inertial16startCalibrationEl
                0x03807b04       0x20 c:\Users\danie\AppData\Roaming\Code\User\globalStorage\vexrobotics.vexcode\sdk\cpp\V5\V5_20240223_11_00_00/vexv5\libv5rt.a(vex_imu.cpp.obj)
                0x03807b04                vex::inertial::startCalibration(long)
 .text._ZN3vex8inertial9calibrateEl
                0x03807b24        0xc c:\Users\danie\AppData\Roaming\Code\User\globalStorage\vexrobotics.vexcode\sdk\cpp\V5\V5_20240223_11_00_00/vexv5\libv5rt.a(vex_imu.cpp.obj)
                0x03807b24                vex::inertial::calibrate(long)
                0x03807b28                non-virtual thunk to vex::inertial::calibrate(long)
 .text._ZN3vex8rotationD2Ev
                0x03807b30       0x20 c:\Users\danie\AppData\Roaming\Code\User\globalStorage\vexrobotics.vexcode\sdk\cpp\V5\V5_20240223_11_00_00/vexv5\libv5rt.a(vex_rotation.cpp.obj)
                0x03807b30                vex::rotation::~rotation()
                0x03807b30                vex::rotation::~rotation()
 .text._ZN3vex8rotationD0Ev
                0x03807b50       0x1c c:\Users\danie\AppData\Roaming\Code\User\globalStorage\vexrobotics.vexcode\sdk\cpp\V5\V5_20240223_11_00_00/vexv5\libv5rt.a(vex_rotation.cpp.obj)
                0x03807b50                vex::rotation::~rotation()
 .text._ZN3vex8rotation9installedEv
                0x03807b6c       0x18 c:\Users\danie\AppData\Roaming\Code\User\globalStorage\vexrobotics.vexcode\sdk\cpp\V5\V5_20240223_11_00_00/vexv5\libv5rt.a(vex_rotation.cpp.obj)
                0x03807b6c                vex::rotation::installed()
 .text._ZN3vex8rotation5valueEv
                0x03807b84        0x8 c:\Users\danie\AppData\Roaming\Code\User\globalStorage\vexrobotics.vexcode\sdk\cpp\V5\V5_20240223_11_00_00/vexv5\libv5rt.a(vex_rotation.cpp.obj)
                0x03807b84                vex::rotation::value()
 .text._ZN3vex8rotationC2Elb
                0x03807b8c       0x30 c:\Users\danie\AppData\Roaming\Code\User\globalStorage\vexrobotics.vexcode\sdk\cpp\V5\V5_20240223_11_00_00/vexv5\libv5rt.a(vex_rotation.cpp.obj)
                0x03807b8c                vex::rotation::rotation(long, bool)
                0x03807b8c                vex::rotation::rotation(long, bool)
 .text._ZN3vex8rotation13resetPositionEv
                0x03807bbc        0xc c:\Users\danie\AppData\Roaming\Code\User\globalStorage\vexrobotics.vexcode\sdk\cpp\V5\V5_20240223_11_00_00/vexv5\libv5rt.a(vex_rotation.cpp.obj)
                0x03807bbc                vex::rotation::resetPosition()
 .text._ZN3vex7opticalD2Ev
                0x03807bc8       0x20 c:\Users\danie\AppData\Roaming\Code\User\globalStorage\vexrobotics.vexcode\sdk\cpp\V5\V5_20240223_11_00_00/vexv5\libv5rt.a(vex_optical.cpp.obj)
                0x03807bc8                vex::optical::~optical()
                0x03807bc8                vex::optical::~optical()
 .text._ZN3vex7opticalD0Ev
                0x03807be8       0x1c c:\Users\danie\AppData\Roaming\Code\User\globalStorage\vexrobotics.vexcode\sdk\cpp\V5\V5_20240223_11_00_00/vexv5\libv5rt.a(vex_optical.cpp.obj)
                0x03807be8                vex::optical::~optical()
 .text._ZN3vex7optical9installedEv
                0x03807c04       0x18 c:\Users\danie\AppData\Roaming\Code\User\globalStorage\vexrobotics.vexcode\sdk\cpp\V5\V5_20240223_11_00_00/vexv5\libv5rt.a(vex_optical.cpp.obj)
                0x03807c04                vex::optical::installed()
 .text._ZN3vex7optical3hueEv
                0x03807c1c        0x8 c:\Users\danie\AppData\Roaming\Code\User\globalStorage\vexrobotics.vexcode\sdk\cpp\V5\V5_20240223_11_00_00/vexv5\libv5rt.a(vex_optical.cpp.obj)
                0x03807c1c                vex::optical::hue()
 .text._ZN3vex7optical5valueEv
                0x03807c24       0x18 c:\Users\danie\AppData\Roaming\Code\User\globalStorage\vexrobotics.vexcode\sdk\cpp\V5\V5_20240223_11_00_00/vexv5\libv5rt.a(vex_optical.cpp.obj)
                0x03807c24                vex::optical::value()
 .text._ZN3vex7optical12isNearObjectEv
                0x03807c3c       0x24 c:\Users\danie\AppData\Roaming\Code\User\globalStorage\vexrobotics.vexcode\sdk\cpp\V5\V5_20240223_11_00_00/vexv5\libv5rt.a(vex_optical.cpp.obj)
                0x03807c3c                vex::optical::isNearObject()
 .text._ZN3vex7optical8setLightENS_8ledStateE
                0x03807c60       0x18 c:\Users\danie\AppData\Roaming\Code\User\globalStorage\vexrobotics.vexcode\sdk\cpp\V5\V5_20240223_11_00_00/vexv5\libv5rt.a(vex_optical.cpp.obj)
                0x03807c60                vex::optical::setLight(vex::ledState)
 .text._ZN3vex7optical13setLightPowerElNS_12percentUnitsE
                0x03807c78       0x2c c:\Users\danie\AppData\Roaming\Code\User\globalStorage\vexrobotics.vexcode\sdk\cpp\V5\V5_20240223_11_00_00/vexv5\libv5rt.a(vex_optical.cpp.obj)
                0x03807c78                vex::optical::setLightPower(long, vex::percentUnits)
 .text._ZN3vex7optical13gestureEnableEv
                0x03807ca4        0x8 c:\Users\danie\AppData\Roaming\Code\User\globalStorage\vexrobotics.vexcode\sdk\cpp\V5\V5_20240223_11_00_00/vexv5\libv5rt.a(vex_optical.cpp.obj)
                0x03807ca4                vex::optical::gestureEnable()
 .text._ZN3vex7optical14gestureDisableEv
                0x03807cac        0x8 c:\Users\danie\AppData\Roaming\Code\User\globalStorage\vexrobotics.vexcode\sdk\cpp\V5\V5_20240223_11_00_00/vexv5\libv5rt.a(vex_optical.cpp.obj)
                0x03807cac                vex::optical::gestureDisable()
 .text._ZN3vex7opticalC2Elb
                0x03807cb4       0x54 c:\Users\danie\AppData\Roaming\Code\User\globalStorage\vexrobotics.vexcode\sdk\cpp\V5\V5_20240223_11_00_00/vexv5\libv5rt.a(vex_optical.cpp.obj)
                0x03807cb4                vex::optical::optical(long, bool)
                0x03807cb4                vex::optical::optical(long, bool)
 .text._ZN3vex8distanceD2Ev
                0x03807d08       0x20 c:\Users\danie\AppData\Roaming\Code\User\globalStorage\vexrobotics.vexcode\sdk\cpp\V5\V5_20240223_11_00_00/vexv5\libv5rt.a(vex_distance.cpp.obj)
                0x03807d08                vex::distance::~distance()
                0x03807d08                vex::distance::~distance()
 .text._ZN3vex8distanceD0Ev
                0x03807d28       0x1c c:\Users\danie\AppData\Roaming\Code\User\globalStorage\vexrobotics.vexcode\sdk\cpp\V5\V5_20240223_11_00_00/vexv5\libv5rt.a(vex_distance.cpp.obj)
                0x03807d28                vex::distance::~distance()
 .text._ZN3vex8distance9installedEv
                0x03807d44       0x18 c:\Users\danie\AppData\Roaming\Code\User\globalStorage\vexrobotics.vexcode\sdk\cpp\V5\V5_20240223_11_00_00/vexv5\libv5rt.a(vex_distance.cpp.obj)
                0x03807d44                vex::distance::installed()
 .text._ZN3vex8distance5valueEv
                0x03807d5c        0x8 c:\Users\danie\AppData\Roaming\Code\User\globalStorage\vexrobotics.vexcode\sdk\cpp\V5\V5_20240223_11_00_00/vexv5\libv5rt.a(vex_distance.cpp.obj)
                0x03807d5c                vex::distance::value()
 .text._ZN3vex8distanceC2El
                0x03807d64       0x20 c:\Users\danie\AppData\Roaming\Code\User\globalStorage\vexrobotics.vexcode\sdk\cpp\V5\V5_20240223_11_00_00/vexv5\libv5rt.a(vex_distance.cpp.obj)
                0x03807d64                vex::distance::distance(long)
                0x03807d64                vex::distance::distance(long)
 *fill*         0x03807d84        0x4 
 .text._ZN3vex8distance14objectDistanceENS_13distanceUnitsE
                0x03807d88       0x48 c:\Users\danie\AppData\Roaming\Code\User\globalStorage\vexrobotics.vexcode\sdk\cpp\V5\V5_20240223_11_00_00/vexv5\libv5rt.a(vex_distance.cpp.obj)
                0x03807d88                vex::distance::objectDistance(vex::distanceUnits)
 .text._ZN3vex10controllerD2Ev
                0x03807dd0        0x4 c:\Users\danie\AppData\Roaming\Code\User\globalStorage\vexrobotics.vexcode\sdk\cpp\V5\V5_20240223_11_00_00/vexv5\libv5rt.a(vex_controller.cpp.obj)
                0x03807dd0                vex::controller::~controller()
                0x03807dd0                vex::controller::~controller()
 .text._ZN3vex10controller5valueE19_V5_ControllerIndex
                0x03807dd4        0x8 c:\Users\danie\AppData\Roaming\Code\User\globalStorage\vexrobotics.vexcode\sdk\cpp\V5\V5_20240223_11_00_00/vexv5\libv5rt.a(vex_controller.cpp.obj)
                0x03807dd4                vex::controller::value(_V5_ControllerIndex)
 .text._ZN3vex10controller6rumbleEPKc
                0x03807ddc       0x4c c:\Users\danie\AppData\Roaming\Code\User\globalStorage\vexrobotics.vexcode\sdk\cpp\V5\V5_20240223_11_00_00/vexv5\libv5rt.a(vex_controller.cpp.obj)
                0x03807ddc                vex::controller::rumble(char const*)
 .text._ZNK3vex10controller6button8pressingEv
                0x03807e28       0xc8 c:\Users\danie\AppData\Roaming\Code\User\globalStorage\vexrobotics.vexcode\sdk\cpp\V5\V5_20240223_11_00_00/vexv5\libv5rt.a(vex_controller.cpp.obj)
                0x03807e28                vex::controller::button::pressing() const
 .text._ZNK3vex10controller6button7pressedEPFvvE
                0x03807ef0      0x108 c:\Users\danie\AppData\Roaming\Code\User\globalStorage\vexrobotics.vexcode\sdk\cpp\V5\V5_20240223_11_00_00/vexv5\libv5rt.a(vex_controller.cpp.obj)
                0x03807ef0                vex::controller::button::pressed(void (*)()) const
 .text._ZNK3vex10controller6button21_buttonToPressedEventEv
                0x03807ff8       0x20 c:\Users\danie\AppData\Roaming\Code\User\globalStorage\vexrobotics.vexcode\sdk\cpp\V5\V5_20240223_11_00_00/vexv5\libv5rt.a(vex_controller.cpp.obj)
                0x03807ff8                vex::controller::button::_buttonToPressedEvent() const
 .text._ZNK3vex10controller6button22_buttonToReleasedEventEv
                0x03808018       0x20 c:\Users\danie\AppData\Roaming\Code\User\globalStorage\vexrobotics.vexcode\sdk\cpp\V5\V5_20240223_11_00_00/vexv5\libv5rt.a(vex_controller.cpp.obj)
                0x03808018                vex::controller::button::_buttonToReleasedEvent() const
 .text._ZN3vex10controller6buttonC2ENS0_11tButtonTypeEPS0_
                0x03808038       0x48 c:\Users\danie\AppData\Roaming\Code\User\globalStorage\vexrobotics.vexcode\sdk\cpp\V5\V5_20240223_11_00_00/vexv5\libv5rt.a(vex_controller.cpp.obj)
                0x03808038                vex::controller::button::button(vex::controller::tButtonType, vex::controller*)
                0x03808038                vex::controller::button::button(vex::controller::tButtonType, vex::controller*)
 .text._ZNK3vex10controller4axis5valueEv
                0x03808080       0x58 c:\Users\danie\AppData\Roaming\Code\User\globalStorage\vexrobotics.vexcode\sdk\cpp\V5\V5_20240223_11_00_00/vexv5\libv5rt.a(vex_controller.cpp.obj)
                0x03808080                vex::controller::axis::value() const
 .text._ZNK3vex10controller4axis23_joystickToChangedEventEv
                0x038080d8       0x20 c:\Users\danie\AppData\Roaming\Code\User\globalStorage\vexrobotics.vexcode\sdk\cpp\V5\V5_20240223_11_00_00/vexv5\libv5rt.a(vex_controller.cpp.obj)
                0x038080d8                vex::controller::axis::_joystickToChangedEvent() const
 .text._ZN3vex10controller4axisC2ENS0_9tAxisTypeEPS0_
                0x038080f8       0x2c c:\Users\danie\AppData\Roaming\Code\User\globalStorage\vexrobotics.vexcode\sdk\cpp\V5\V5_20240223_11_00_00/vexv5\libv5rt.a(vex_controller.cpp.obj)
                0x038080f8                vex::controller::axis::axis(vex::controller::tAxisType, vex::controller*)
                0x038080f8                vex::controller::axis::axis(vex::controller::tAxisType, vex::controller*)
 .text._ZN3vex10controllerC2ENS_14controllerTypeE
                0x03808124      0x16c c:\Users\danie\AppData\Roaming\Code\User\globalStorage\vexrobotics.vexcode\sdk\cpp\V5\V5_20240223_11_00_00/vexv5\libv5rt.a(vex_controller.cpp.obj)
                0x03808124                vex::controller::controller(vex::controllerType)
                0x03808124                vex::controller::controller(vex::controllerType)
 .text._ZN3vex4taskC2EPFivE
                0x03808290       0x5c c:\Users\danie\AppData\Roaming\Code\User\globalStorage\vexrobotics.vexcode\sdk\cpp\V5\V5_20240223_11_00_00/vexv5\libv5rt.a(vex_task.cpp.obj)
                0x03808290                vex::task::task(int (*)())
                0x03808290                vex::task::task(int (*)())
 .text._ZN3vex4taskD2Ev
                0x038082ec        0x4 c:\Users\danie\AppData\Roaming\Code\User\globalStorage\vexrobotics.vexcode\sdk\cpp\V5\V5_20240223_11_00_00/vexv5\libv5rt.a(vex_task.cpp.obj)
                0x038082ec                vex::task::~task()
                0x038082ec                vex::task::~task()
 .text._ZN3vex4task4stopEPvi
                0x038082f0       0x1c c:\Users\danie\AppData\Roaming\Code\User\globalStorage\vexrobotics.vexcode\sdk\cpp\V5\V5_20240223_11_00_00/vexv5\libv5rt.a(vex_task.cpp.obj)
                0x038082f0                vex::task::stop(void*, int)
 .text._ZN3vex4task4stopEv
                0x0380830c       0x18 c:\Users\danie\AppData\Roaming\Code\User\globalStorage\vexrobotics.vexcode\sdk\cpp\V5\V5_20240223_11_00_00/vexv5\libv5rt.a(vex_task.cpp.obj)
                0x0380830c                vex::task::stop()
 .text._ZN3vex4task7suspendEv
                0x03808324       0x18 c:\Users\danie\AppData\Roaming\Code\User\globalStorage\vexrobotics.vexcode\sdk\cpp\V5\V5_20240223_11_00_00/vexv5\libv5rt.a(vex_task.cpp.obj)
                0x03808324                vex::task::suspend()
 .text._ZN3vex4task6resumeEv
                0x0380833c       0x18 c:\Users\danie\AppData\Roaming\Code\User\globalStorage\vexrobotics.vexcode\sdk\cpp\V5\V5_20240223_11_00_00/vexv5\libv5rt.a(vex_task.cpp.obj)
                0x0380833c                vex::task::resume()
 .text._ZN3vex4task6_indexEPFivE
                0x03808354       0x14 c:\Users\danie\AppData\Roaming\Code\User\globalStorage\vexrobotics.vexcode\sdk\cpp\V5\V5_20240223_11_00_00/vexv5\libv5rt.a(vex_task.cpp.obj)
                0x03808354                vex::task::_index(int (*)())
 .text._ZN3vex4task8_stopAllEv
                0x03808368       0x3c c:\Users\danie\AppData\Roaming\Code\User\globalStorage\vexrobotics.vexcode\sdk\cpp\V5\V5_20240223_11_00_00/vexv5\libv5rt.a(vex_task.cpp.obj)
                0x03808368                vex::task::_stopAll()
 .text._ZN3vex11this_thread9sleep_forEm
                0x038083a4        0x4 c:\Users\danie\AppData\Roaming\Code\User\globalStorage\vexrobotics.vexcode\sdk\cpp\V5\V5_20240223_11_00_00/vexv5\libv5rt.a(vex_thread.cpp.obj)
                0x038083a4                vex::this_thread::sleep_for(unsigned long)
 .text._ZN3vex5event4initEmmPFvvE
                0x038083a8        0x4 c:\Users\danie\AppData\Roaming\Code\User\globalStorage\vexrobotics.vexcode\sdk\cpp\V5\V5_20240223_11_00_00/vexv5\libv5rt.a(vex_event.cpp.obj)
                0x038083a8                vex::event::init(unsigned long, unsigned long, void (*)())
 .text._ZN3vex5event4initEmmPFvPvES1_
                0x038083ac        0x4 c:\Users\danie\AppData\Roaming\Code\User\globalStorage\vexrobotics.vexcode\sdk\cpp\V5\V5_20240223_11_00_00/vexv5\libv5rt.a(vex_event.cpp.obj)
                0x038083ac                vex::event::init(unsigned long, unsigned long, void (*)(void*), void*)
 .text._ZN3vex5event9userindexEv
                0x038083b0        0x4 c:\Users\danie\AppData\Roaming\Code\User\globalStorage\vexrobotics.vexcode\sdk\cpp\V5\V5_20240223_11_00_00/vexv5\libv5rt.a(vex_event.cpp.obj)
                0x038083b0                vex::event::userindex()
 .text._ZZN3vex6meventC4EmmENUlvE_4_FUNEv
                0x038083b4        0x4 c:\Users\danie\AppData\Roaming\Code\User\globalStorage\vexrobotics.vexcode\sdk\cpp\V5\V5_20240223_11_00_00/vexv5\libv5rt.a(vex_mevent.cpp.obj)
 .text._ZN3vex6meventC2Emm
                0x038083b8       0x70 c:\Users\danie\AppData\Roaming\Code\User\globalStorage\vexrobotics.vexcode\sdk\cpp\V5\V5_20240223_11_00_00/vexv5\libv5rt.a(vex_mevent.cpp.obj)
                0x038083b8                vex::mevent::mevent(unsigned long, unsigned long)
                0x038083b8                vex::mevent::mevent(unsigned long, unsigned long)
 .text._ZN3vex5brain9_getIndexEv
                0x03808428       0x10 c:\Users\danie\AppData\Roaming\Code\User\globalStorage\vexrobotics.vexcode\sdk\cpp\V5\V5_20240223_11_00_00/vexv5\libv5rt.a(vex_brain.cpp.obj)
                0x03808428                vex::brain::_getIndex()
 .text._ZN3vex5brain3lcd9setCursorEll
                0x03808438       0x44 c:\Users\danie\AppData\Roaming\Code\User\globalStorage\vexrobotics.vexcode\sdk\cpp\V5\V5_20240223_11_00_00/vexv5\libv5rt.a(vex_brain.cpp.obj)
                0x03808438                vex::brain::lcd::setCursor(long, long)
 .text._ZN3vex5brain3lcd7setFontENS_8fontTypeE
                0x0380847c      0x23c c:\Users\danie\AppData\Roaming\Code\User\globalStorage\vexrobotics.vexcode\sdk\cpp\V5\V5_20240223_11_00_00/vexv5\libv5rt.a(vex_brain.cpp.obj)
                0x0380847c                vex::brain::lcd::setFont(vex::fontType)
 .text._ZN3vex5brain3lcdC2Ev
                0x038086b8       0x94 c:\Users\danie\AppData\Roaming\Code\User\globalStorage\vexrobotics.vexcode\sdk\cpp\V5\V5_20240223_11_00_00/vexv5\libv5rt.a(vex_brain.cpp.obj)
                0x038086b8                vex::brain::lcd::lcd()
                0x038086b8                vex::brain::lcd::lcd()
 .text._ZN3vex5brainC2Ev
                0x0380874c       0x3c c:\Users\danie\AppData\Roaming\Code\User\globalStorage\vexrobotics.vexcode\sdk\cpp\V5\V5_20240223_11_00_00/vexv5\libv5rt.a(vex_brain.cpp.obj)
                0x0380874c                vex::brain::brain()
                0x0380874c                vex::brain::brain()
 .text._ZN3vex5brain3lcd10rowToPixelEl
                0x03808788       0x34 c:\Users\danie\AppData\Roaming\Code\User\globalStorage\vexrobotics.vexcode\sdk\cpp\V5\V5_20240223_11_00_00/vexv5\libv5rt.a(vex_brain.cpp.obj)
                0x03808788                vex::brain::lcd::rowToPixel(long)
 .text._ZN3vex5brain3lcd5printEPKcz
                0x038087bc       0xb8 c:\Users\danie\AppData\Roaming\Code\User\globalStorage\vexrobotics.vexcode\sdk\cpp\V5\V5_20240223_11_00_00/vexv5\libv5rt.a(vex_brain.cpp.obj)
                0x038087bc                vex::brain::lcd::print(char const*, ...)
 .text._ZN3vex5brainD2Ev
                0x03808874       0x20 c:\Users\danie\AppData\Roaming\Code\User\globalStorage\vexrobotics.vexcode\sdk\cpp\V5\V5_20240223_11_00_00/vexv5\libv5rt.a(vex_brain.cpp.obj)
                0x03808874                vex::brain::~brain()
                0x03808874                vex::brain::~brain()
 .text._ZN3vex11competition8_disableEPv
                0x03808894       0xa4 c:\Users\danie\AppData\Roaming\Code\User\globalStorage\vexrobotics.vexcode\sdk\cpp\V5\V5_20240223_11_00_00/vexv5\libv5rt.a(vex_competition.cpp.obj)
                0x03808894                vex::competition::_disable(void*)
 .text._ZN3vex11competition11_autonomousEv
                0x03808938       0x80 c:\Users\danie\AppData\Roaming\Code\User\globalStorage\vexrobotics.vexcode\sdk\cpp\V5\V5_20240223_11_00_00/vexv5\libv5rt.a(vex_competition.cpp.obj)
                0x03808938                vex::competition::_autonomous()
 .text._ZN3vex11competition14_drivercontrolEv
                0x038089b8       0x80 c:\Users\danie\AppData\Roaming\Code\User\globalStorage\vexrobotics.vexcode\sdk\cpp\V5\V5_20240223_11_00_00/vexv5\libv5rt.a(vex_competition.cpp.obj)
                0x038089b8                vex::competition::_drivercontrol()
 .text._ZN3vex11competitionC2Ev
                0x03808a38      0x13c c:\Users\danie\AppData\Roaming\Code\User\globalStorage\vexrobotics.vexcode\sdk\cpp\V5\V5_20240223_11_00_00/vexv5\libv5rt.a(vex_competition.cpp.obj)
                0x03808a38                vex::competition::competition()
                0x03808a38                vex::competition::competition()
 .text._ZN3vex11competitionD2Ev
                0x03808b74        0x4 c:\Users\danie\AppData\Roaming\Code\User\globalStorage\vexrobotics.vexcode\sdk\cpp\V5\V5_20240223_11_00_00/vexv5\libv5rt.a(vex_competition.cpp.obj)
                0x03808b74                vex::competition::~competition()
                0x03808b74                vex::competition::~competition()
 .text._ZN3vex11competition10autonomousEPFvvE
                0x03808b78       0x44 c:\Users\danie\AppData\Roaming\Code\User\globalStorage\vexrobotics.vexcode\sdk\cpp\V5\V5_20240223_11_00_00/vexv5\libv5rt.a(vex_competition.cpp.obj)
                0x03808b78                vex::competition::autonomous(void (*)())
 .text._ZN3vex11competition13drivercontrolEPFvvE
                0x03808bbc       0x44 c:\Users\danie\AppData\Roaming\Code\User\globalStorage\vexrobotics.vexcode\sdk\cpp\V5\V5_20240223_11_00_00/vexv5\libv5rt.a(vex_competition.cpp.obj)
                0x03808bbc                vex::competition::drivercontrol(void (*)())
 .text._ZN3vex7triportD2Ev
                0x03808c00       0x38 c:\Users\danie\AppData\Roaming\Code\User\globalStorage\vexrobotics.vexcode\sdk\cpp\V5\V5_20240223_11_00_00/vexv5\libv5rt.a(vex_triport.cpp.obj)
                0x03808c00                vex::triport::~triport()
                0x03808c00                vex::triport::~triport()
 .text._ZN3vex7triportD0Ev
                0x03808c38       0x1c c:\Users\danie\AppData\Roaming\Code\User\globalStorage\vexrobotics.vexcode\sdk\cpp\V5\V5_20240223_11_00_00/vexv5\libv5rt.a(vex_triport.cpp.obj)
                0x03808c38                vex::triport::~triport()
 .text._ZN3vex7triport9installedEv
                0x03808c54       0x18 c:\Users\danie\AppData\Roaming\Code\User\globalStorage\vexrobotics.vexcode\sdk\cpp\V5\V5_20240223_11_00_00/vexv5\libv5rt.a(vex_triport.cpp.obj)
                0x03808c54                vex::triport::installed()
 .text._ZN3vex7triport4portC2ElPS0_
                0x03808c6c       0x74 c:\Users\danie\AppData\Roaming\Code\User\globalStorage\vexrobotics.vexcode\sdk\cpp\V5\V5_20240223_11_00_00/vexv5\libv5rt.a(vex_triport.cpp.obj)
                0x03808c6c                vex::triport::port::port(long, vex::triport*)
                0x03808c6c                vex::triport::port::port(long, vex::triport*)
 .text._ZN3vex7triportC2El
                0x03808ce0       0xf0 c:\Users\danie\AppData\Roaming\Code\User\globalStorage\vexrobotics.vexcode\sdk\cpp\V5\V5_20240223_11_00_00/vexv5\libv5rt.a(vex_triport.cpp.obj)
                0x03808ce0                vex::triport::triport(long)
                0x03808ce0                vex::triport::triport(long)
 .text._ZN3vex7triport4port4typeENS_11triportTypeE
                0x03808dd0       0x30 c:\Users\danie\AppData\Roaming\Code\User\globalStorage\vexrobotics.vexcode\sdk\cpp\V5\V5_20240223_11_00_00/vexv5\libv5rt.a(vex_triport.cpp.obj)
                0x03808dd0                vex::triport::port::type(vex::triportType)
 .text._ZN3vex7triport4port4typeEv
                0x03808e00       0x38 c:\Users\danie\AppData\Roaming\Code\User\globalStorage\vexrobotics.vexcode\sdk\cpp\V5\V5_20240223_11_00_00/vexv5\libv5rt.a(vex_triport.cpp.obj)
                0x03808e00                vex::triport::port::type()
 .text._ZN3vex7triport4port5valueEl
                0x03808e38       0x18 c:\Users\danie\AppData\Roaming\Code\User\globalStorage\vexrobotics.vexcode\sdk\cpp\V5\V5_20240223_11_00_00/vexv5\libv5rt.a(vex_triport.cpp.obj)
                0x03808e38                vex::triport::port::value(long)
 .text._ZN3vex11__trideviceC2ERNS_7triport4portENS_11triportTypeE
                0x03808e50       0x5c c:\Users\danie\AppData\Roaming\Code\User\globalStorage\vexrobotics.vexcode\sdk\cpp\V5\V5_20240223_11_00_00/vexv5\libv5rt.a(vex_triport.cpp.obj)
                0x03808e50                vex::__tridevice::__tridevice(vex::triport::port&, vex::triportType)
                0x03808e50                vex::__tridevice::__tridevice(vex::triport::port&, vex::triportType)
 .text._ZN3vex11digital_outC2ERNS_7triport4portE
                0x03808eac       0x18 c:\Users\danie\AppData\Roaming\Code\User\globalStorage\vexrobotics.vexcode\sdk\cpp\V5\V5_20240223_11_00_00/vexv5\libv5rt.a(vex_triport.cpp.obj)
                0x03808eac                vex::digital_out::digital_out(vex::triport::port&)
                0x03808eac                vex::digital_out::digital_out(vex::triport::port&)
 .text._ZN3vex11digital_outD2Ev
                0x03808ec4        0x4 c:\Users\danie\AppData\Roaming\Code\User\globalStorage\vexrobotics.vexcode\sdk\cpp\V5\V5_20240223_11_00_00/vexv5\libv5rt.a(vex_triport.cpp.obj)
                0x03808ec4                vex::digital_out::~digital_out()
                0x03808ec4                vex::digital_out::~digital_out()
 .text._ZN3vex11digital_out3setEb
                0x03808ec8        0x8 c:\Users\danie\AppData\Roaming\Code\User\globalStorage\vexrobotics.vexcode\sdk\cpp\V5\V5_20240223_11_00_00/vexv5\libv5rt.a(vex_triport.cpp.obj)
                0x03808ec8                vex::digital_out::set(bool)
 .text._ZN3vex11digital_outaSEl
                0x03808ed0        0xc c:\Users\danie\AppData\Roaming\Code\User\globalStorage\vexrobotics.vexcode\sdk\cpp\V5\V5_20240223_11_00_00/vexv5\libv5rt.a(vex_triport.cpp.obj)
                0x03808ed0                vex::digital_out::operator=(long)
 .text._ZN3vex5colorD2Ev
                0x03808edc        0x4 c:\Users\danie\AppData\Roaming\Code\User\globalStorage\vexrobotics.vexcode\sdk\cpp\V5\V5_20240223_11_00_00/vexv5\libv5rt.a(vex_color.cpp.obj)
                0x03808edc                vex::color::~color()
                0x03808edc                vex::color::~color()
 .text.startup._GLOBAL__sub_I__ZN3vex5color5blackE
                0x03808ee0      0x164 c:\Users\danie\AppData\Roaming\Code\User\globalStorage\vexrobotics.vexcode\sdk\cpp\V5\V5_20240223_11_00_00/vexv5\libv5rt.a(vex_color.cpp.obj)
 .text._ZN3vex5timerD2Ev
                0x03809044        0x4 c:\Users\danie\AppData\Roaming\Code\User\globalStorage\vexrobotics.vexcode\sdk\cpp\V5\V5_20240223_11_00_00/vexv5\libv5rt.a(vex_timer.cpp.obj)
                0x03809044                vex::timer::~timer()
                0x03809044                vex::timer::~timer()
 .text._ZN3vex5timer5clearEv
                0x03809048       0x1c c:\Users\danie\AppData\Roaming\Code\User\globalStorage\vexrobotics.vexcode\sdk\cpp\V5\V5_20240223_11_00_00/vexv5\libv5rt.a(vex_timer.cpp.obj)
                0x03809048                vex::timer::clear()
 .text._ZN3vex5timerC2Ev
                0x03809064       0x14 c:\Users\danie\AppData\Roaming\Code\User\globalStorage\vexrobotics.vexcode\sdk\cpp\V5\V5_20240223_11_00_00/vexv5\libv5rt.a(vex_timer.cpp.obj)
                0x03809064                vex::timer::timer()
                0x03809064                vex::timer::timer()
 .text._ZN3vex5timer20systemHighResolutionEv
                0x03809078        0x4 c:\Users\danie\AppData\Roaming\Code\User\globalStorage\vexrobotics.vexcode\sdk\cpp\V5\V5_20240223_11_00_00/vexv5\libv5rt.a(vex_timer.cpp.obj)
                0x03809078                vex::timer::systemHighResolution()
 .text._ZN3vex11motor_group18motor_group_motorsC2Ev
                0x0380907c       0x28 c:\Users\danie\AppData\Roaming\Code\User\globalStorage\vexrobotics.vexcode\sdk\cpp\V5\V5_20240223_11_00_00/vexv5\libv5rt.a(vex_motorgroup.cpp.obj)
                0x0380907c                vex::motor_group::motor_group_motors::motor_group_motors()
                0x0380907c                vex::motor_group::motor_group_motors::motor_group_motors()
 .text._ZN3vex11motor_groupC2Ev
                0x038090a4       0x1c c:\Users\danie\AppData\Roaming\Code\User\globalStorage\vexrobotics.vexcode\sdk\cpp\V5\V5_20240223_11_00_00/vexv5\libv5rt.a(vex_motorgroup.cpp.obj)
                0x038090a4                vex::motor_group::motor_group()
                0x038090a4                vex::motor_group::motor_group()
 .text._ZN3vex11motor_groupD2Ev
                0x038090c0        0x4 c:\Users\danie\AppData\Roaming\Code\User\globalStorage\vexrobotics.vexcode\sdk\cpp\V5\V5_20240223_11_00_00/vexv5\libv5rt.a(vex_motorgroup.cpp.obj)
                0x038090c0                vex::motor_group::~motor_group()
                0x038090c0                vex::motor_group::~motor_group()
 .text._ZN3vex11motor_group9_addMotorERNS_5motorE
                0x038090c4       0x20 c:\Users\danie\AppData\Roaming\Code\User\globalStorage\vexrobotics.vexcode\sdk\cpp\V5\V5_20240223_11_00_00/vexv5\libv5rt.a(vex_motorgroup.cpp.obj)
                0x038090c4                vex::motor_group::_addMotor(vex::motor&)
 .text._ZN3vex11motor_group11setStoppingENS_9brakeTypeE
                0x038090e4       0x38 c:\Users\danie\AppData\Roaming\Code\User\globalStorage\vexrobotics.vexcode\sdk\cpp\V5\V5_20240223_11_00_00/vexv5\libv5rt.a(vex_motorgroup.cpp.obj)
                0x038090e4                vex::motor_group::setStopping(vex::brakeType)
 .text._ZN3vex11motor_group4spinENS_13directionTypeEdNS_12voltageUnitsE
                0x0380911c       0x54 c:\Users\danie\AppData\Roaming\Code\User\globalStorage\vexrobotics.vexcode\sdk\cpp\V5\V5_20240223_11_00_00/vexv5\libv5rt.a(vex_motorgroup.cpp.obj)
                0x0380911c                vex::motor_group::spin(vex::directionType, double, vex::voltageUnits)
 .text._ZN3vex11motor_group4stopEv
                0x03809170       0x30 c:\Users\danie\AppData\Roaming\Code\User\globalStorage\vexrobotics.vexcode\sdk\cpp\V5\V5_20240223_11_00_00/vexv5\libv5rt.a(vex_motorgroup.cpp.obj)
                0x03809170                vex::motor_group::stop()
 .text.vexAdiPortConfigSet
                0x038091a0       0x28 c:\Users\danie\AppData\Roaming\Code\User\globalStorage\vexrobotics.vexcode\sdk\cpp\V5\V5_20240223_11_00_00/vexv5\libv5rt.a(v5_apiuser.c.obj)
                0x038091a0                vexAdiPortConfigSet
 .text.vexAdiPortConfigGet
                0x038091c8       0x28 c:\Users\danie\AppData\Roaming\Code\User\globalStorage\vexrobotics.vexcode\sdk\cpp\V5\V5_20240223_11_00_00/vexv5\libv5rt.a(v5_apiuser.c.obj)
                0x038091c8                vexAdiPortConfigGet
 .text.vexAdiValueSet
                0x038091f0       0x28 c:\Users\danie\AppData\Roaming\Code\User\globalStorage\vexrobotics.vexcode\sdk\cpp\V5\V5_20240223_11_00_00/vexv5\libv5rt.a(v5_apiuser.c.obj)
                0x038091f0                vexAdiValueSet
 .text.vexMotorVelocitySet
                0x03809218       0x20 c:\Users\danie\AppData\Roaming\Code\User\globalStorage\vexrobotics.vexcode\sdk\cpp\V5\V5_20240223_11_00_00/vexv5\libv5rt.a(v5_apiuser.c.obj)
                0x03809218                vexMotorVelocitySet
 .text.vexMotorVoltageSet
                0x03809238       0x20 c:\Users\danie\AppData\Roaming\Code\User\globalStorage\vexrobotics.vexcode\sdk\cpp\V5\V5_20240223_11_00_00/vexv5\libv5rt.a(v5_apiuser.c.obj)
                0x03809238                vexMotorVoltageSet
 .text.vexMotorActualVelocityGet
                0x03809258       0x24 c:\Users\danie\AppData\Roaming\Code\User\globalStorage\vexrobotics.vexcode\sdk\cpp\V5\V5_20240223_11_00_00/vexv5\libv5rt.a(v5_apiuser.c.obj)
                0x03809258                vexMotorActualVelocityGet
 .text.vexMotorReverseFlagSet
                0x0380927c       0x20 c:\Users\danie\AppData\Roaming\Code\User\globalStorage\vexrobotics.vexcode\sdk\cpp\V5\V5_20240223_11_00_00/vexv5\libv5rt.a(v5_apiuser.c.obj)
                0x0380927c                vexMotorReverseFlagSet
 .text.vexMotorEncoderUnitsSet
                0x0380929c       0x20 c:\Users\danie\AppData\Roaming\Code\User\globalStorage\vexrobotics.vexcode\sdk\cpp\V5\V5_20240223_11_00_00/vexv5\libv5rt.a(v5_apiuser.c.obj)
                0x0380929c                vexMotorEncoderUnitsSet
 .text.vexMotorBrakeModeSet
                0x038092bc       0x20 c:\Users\danie\AppData\Roaming\Code\User\globalStorage\vexrobotics.vexcode\sdk\cpp\V5\V5_20240223_11_00_00/vexv5\libv5rt.a(v5_apiuser.c.obj)
                0x038092bc                vexMotorBrakeModeSet
 .text.vexMotorPositionSet
                0x038092dc       0x28 c:\Users\danie\AppData\Roaming\Code\User\globalStorage\vexrobotics.vexcode\sdk\cpp\V5\V5_20240223_11_00_00/vexv5\libv5rt.a(v5_apiuser.c.obj)
                0x038092dc                vexMotorPositionSet
 .text.vexMotorPositionGet
                0x03809304       0x24 c:\Users\danie\AppData\Roaming\Code\User\globalStorage\vexrobotics.vexcode\sdk\cpp\V5\V5_20240223_11_00_00/vexv5\libv5rt.a(v5_apiuser.c.obj)
                0x03809304                vexMotorPositionGet