Archive member included because of file (symbol)

c:\Users\danie\AppData\Roaming\Code\User\globalStorage\vexrobotics.vexcode\sdk\cpp\V5\V5_20240223_11_00_00/vexv5\libv5rt.a(v5_startup.c.obj)
                              (vexStartup)
c:\Users\danie\AppData\Roaming\Code\User\globalStorage\vexrobotics.vexcode\sdk\cpp\V5\V5_20240223_11_00_00/vexv5\libv5rt.a(v5_util.c.obj)
                              c:\Users\danie\AppData\Roaming\Code\User\globalStorage\vexrobotics.vexcode\sdk\cpp\V5\V5_20240223_11_00_00/vexv5\libv5rt.a(v5_startup.c.obj) (vexStdlibVersionLinked)
c:\Users\danie\AppData\Roaming\Code\User\globalStorage\vexrobotics.vexcode\sdk\cpp\V5\V5_20240223_11_00_00/vexv5\libv5rt.a(v5_apijump.c.obj)
                              c:\Users\danie\AppData\Roaming\Code\User\globalStorage\vexrobotics.vexcode\sdk\cpp\V5\V5_20240223_11_00_00/vexv5\libv5rt.a(v5_startup.c.obj) (vexPrivateApiEnable)
c:\Users\danie\AppData\Roaming\Code\User\globalStorage\vexrobotics.vexcode\sdk\cpp\V5\V5_20240223_11_00_00/vexv5\libv5rt.a(v5_apiversions.c.obj)
                              c:\Users\danie\AppData\Roaming\Code\User\globalStorage\vexrobotics.vexcode\sdk\cpp\V5\V5_20240223_11_00_00/vexv5\libv5rt.a(v5_apijump.c.obj) (vexSystemVersion)
c:\Users\danie\AppData\Roaming\Code\User\globalStorage\vexrobotics.vexcode\sdk\cpp\V5\V5_20240223_11_00_00/vexv5\libv5rt.a(vex_global.cpp.obj)
                              build/src/main.o (vex::wait(double, vex::timeUnits))
c:\Users\danie\AppData\Roaming\Code\User\globalStorage\vexrobotics.vexcode\sdk\cpp\V5\V5_20240223_11_00_00/vexv5\libv5rt.a(vex_motor.cpp.obj)
                              build/src/globals.o (vex::motor::~motor())
c:\Users\danie\AppData\Roaming\Code\User\globalStorage\vexrobotics.vexcode\sdk\cpp\V5\V5_20240223_11_00_00/vexv5\libv5rt.a(vex_imu.cpp.obj)
                              build/src/auton.o (vex::inertial::setRotation(double, vex::rotationUnits))
c:\Users\danie\AppData\Roaming\Code\User\globalStorage\vexrobotics.vexcode\sdk\cpp\V5\V5_20240223_11_00_00/vexv5\libv5rt.a(vex_rotation.cpp.obj)
                              build/src/globals.o (vex::rotation::~rotation())
c:\Users\danie\AppData\Roaming\Code\User\globalStorage\vexrobotics.vexcode\sdk\cpp\V5\V5_20240223_11_00_00/vexv5\libv5rt.a(vex_optical.cpp.obj)
                              build/src/globals.o (vex::optical::~optical())
c:\Users\danie\AppData\Roaming\Code\User\globalStorage\vexrobotics.vexcode\sdk\cpp\V5\V5_20240223_11_00_00/vexv5\libv5rt.a(vex_distance.cpp.obj)
                              build/src/globals.o (vex::distance::~distance())
c:\Users\danie\AppData\Roaming\Code\User\globalStorage\vexrobotics.vexcode\sdk\cpp\V5\V5_20240223_11_00_00/vexv5\libv5rt.a(vex_controller.cpp.obj)
                              build/src/globals.o (vex::controller::~controller())
c:\Users\danie\AppData\Roaming\Code\User\globalStorage\vexrobotics.vexcode\sdk\cpp\V5\V5_20240223_11_00_00/vexv5\libv5rt.a(vex_task.cpp.obj)
                              build/src/auton.o (vex::task::task(int (*)()))
c:\Users\danie\AppData\Roaming\Code\User\globalStorage\vexrobotics.vexcode\sdk\cpp\V5\V5_20240223_11_00_00/vexv5\libv5rt.a(vex_thread.cpp.obj)
                              c:\Users\danie\AppData\Roaming\Code\User\globalStorage\vexrobotics.vexcode\sdk\cpp\V5\V5_20240223_11_00_00/vexv5\libv5rt.a(vex_global.cpp.obj) (vex::this_thread::sleep_for(unsigned long))
c:\Users\danie\AppData\Roaming\Code\User\globalStorage\vexrobotics.vexcode\sdk\cpp\V5\V5_20240223_11_00_00/vexv5\libv5rt.a(vex_event.cpp.obj)
                              c:\Users\danie\AppData\Roaming\Code\User\globalStorage\vexrobotics.vexcode\sdk\cpp\V5\V5_20240223_11_00_00/vexv5\libv5rt.a(vex_imu.cpp.obj) (vex::event::init(unsigned long, unsigned long, void (*)()))
c:\Users\danie\AppData\Roaming\Code\User\globalStorage\vexrobotics.vexcode\sdk\cpp\V5\V5_20240223_11_00_00/vexv5\libv5rt.a(vex_mevent.cpp.obj)
                              c:\Users\danie\AppData\Roaming\Code\User\globalStorage\vexrobotics.vexcode\sdk\cpp\V5\V5_20240223_11_00_00/vexv5\libv5rt.a(vex_controller.cpp.obj) (vex::mevent::mevent(unsigned long, unsigned long))
c:\Users\danie\AppData\Roaming\Code\User\globalStorage\vexrobotics.vexcode\sdk\cpp\V5\V5_20240223_11_00_00/vexv5\libv5rt.a(vex_brain.cpp.obj)
                              build/src/globals.o (vex::brain::brain())
c:\Users\danie\AppData\Roaming\Code\User\globalStorage\vexrobotics.vexcode\sdk\cpp\V5\V5_20240223_11_00_00/vexv5\libv5rt.a(vex_competition.cpp.obj)
                              build/src/main.o (vex::competition::competition())
c:\Users\danie\AppData\Roaming\Code\User\globalStorage\vexrobotics.vexcode\sdk\cpp\V5\V5_20240223_11_00_00/vexv5\libv5rt.a(vex_triport.cpp.obj)
                              c:\Users\danie\AppData\Roaming\Code\User\globalStorage\vexrobotics.vexcode\sdk\cpp\V5\V5_20240223_11_00_00/vexv5\libv5rt.a(vex_brain.cpp.obj) (vex::triport::~triport())
[...]
Memory Configuration

Name             Origin             Length             Attributes
ps7_ddr_0_S_AXI_BASEADDR 0x03800000         0x04800000
*default*        0x00000000         0xffffffff

Linker script and memory map

                0x00002000                _STACK_SIZE = DEFINED (_STACK_SIZE)?_STACK_SIZE:0x2000
                0x00100000                _HEAP_SIZE = DEFINED (_HEAP_SIZE)?_HEAP_SIZE:0x100000
                0x00000400                _ABORT_STACK_SIZE = DEFINED (_ABORT_STACK_SIZE)?_ABORT_STACK_SIZE:0x400
                0x00000800                _SUPERVISOR_STACK_SIZE = DEFINED (_SUPERVISOR_STACK_SIZE)?_SUPERVISOR_STACK_SIZE:0x800
                0x00000400                _IRQ_STACK_SIZE = DEFINED (_IRQ_STACK_SIZE)?_IRQ_STACK_SIZE:0x400
                0x00000400                _FIQ_STACK_SIZE = DEFINED (_FIQ_STACK_SIZE)?_FIQ_STACK_SIZE:0x400
                0x00000400                _UNDEF_STACK_SIZE = DEFINED (_UNDEF_STACK_SIZE)?_UNDEF_STACK_SIZE:0x400

.text           0x03800000     0x9f28
 *(.vectors)
 *(.boot_data)
 .boot_data     0x03800000       0x20 c:\Users\danie\AppData\Roaming\Code\User\globalStorage\vexrobotics.vexcode\sdk\cpp\V5\V5_20240223_11_00_00/vexv5\libv5rt.a(v5_startup.c.obj)
                0x03800000                vexCodeSig
                0x00000020                . = 0x20
 *(.boot)
 .boot          0x03800020       0xbc c:\Users\danie\AppData\Roaming\Code\User\globalStorage\vexrobotics.vexcode\sdk\cpp\V5\V5_20240223_11_00_00/vexv5\libv5rt.a(v5_startup.c.obj)
                0x03800020                vexStartup
                0x03800100                . = ALIGN (0x40)
 *fill*         0x038000dc       0x24 
 *(.freertos_vectors)
 *(.text)
 .text          0x03800100       0x3a c:\Users\danie\AppData\Roaming\Code\User\globalStorage\vexrobotics.vexcode\sdk\cpp\V5\V5_20240223_11_00_00/vexv5/gcc/libs\libc.a(lib_a-aeabi_memmove-soft.o)
                0x03800100                __aeabi_memmove4
                0x03800100                __aeabi_memmove
                0x03800100                __aeabi_memmove8
 *fill*         0x0380013a        0x2 
 .text          0x0380013c      0x370 c:\Users\danie\AppData\Roaming\Code\User\globalStorage\vexrobotics.vexcode\sdk\cpp\V5\V5_20240223_11_00_00/vexv5/gcc/libs\libgcc.a(_arm_addsubdf3.o)
                0x0380013c                __aeabi_drsub
                0x03800144                __subdf3
                0x03800144                __aeabi_dsub
                0x03800148                __aeabi_dadd
                0x03800148                __adddf3
                0x038003c0                __floatunsidf
                0x038003c0                __aeabi_ui2d
                0x038003e0                __aeabi_i2d
                0x038003e0                __floatsidf
                0x03800404                __extendsfdf2
                0x03800404                __aeabi_f2d
                0x03800440                __floatundidf
                0x03800440                __aeabi_ul2d
                0x03800450                __aeabi_l2d
                0x03800450                __floatdidf
 .text          0x038004ac      0x21c c:\Users\danie\AppData\Roaming\Code\User\globalStorage\vexrobotics.vexcode\sdk\cpp\V5\V5_20240223_11_00_00/vexv5/gcc/libs\libgcc.a(_arm_addsubsf3.o)
                0x038004ac                __aeabi_frsub
                0x038004b4                __subsf3
                0x038004b4                __aeabi_fsub
                0x038004b8                __addsf3
                0x038004b8                __aeabi_fadd
                0x03800618                __aeabi_ui2f
                0x03800618                __floatunsisf
                0x03800620                __floatsisf
                0x03800620                __aeabi_i2f
                0x0380063c                __aeabi_ul2f
                0x0380063c                __floatundisf
                0x0380064c                __aeabi_l2f
                0x0380064c                __floatdisf
 .text          0x038006c8       0x48 c:\Users\danie\AppData\Roaming\Code\User\globalStorage\vexrobotics.vexcode\sdk\cpp\V5\V5_20240223_11_00_00/vexv5/gcc/libs\libgcc.a(_fixunsdfdi.o)
                0x038006c8                __fixunsdfdi
                0x038006c8                __aeabi_d2ulz
 *(.text.*)
 .text.main     0x03800710       0xf4 build/src/main.o
                0x03800710                main
 .text._GLOBAL__sub_I_main.cpp
                0x03800804       0x34 build/src/main.o
 .text._ZN3vex11motor_groupC2IJNS_5motorES2_EEERS2_DpRT_
                0x03800838       0x44 build/src/globals.o
                0x03800838                vex::motor_group::motor_group<vex::motor, vex::motor>(vex::motor&, vex::motor&, vex::motor&)
 .text._ZN3vex11motor_group9_addMotorIJNS_5motorES2_S2_S2_EEEvRS2_DpRT_
                0x0380087c       0x4c build/src/globals.o
                0x0380087c                void vex::motor_group::_addMotor<vex::motor, vex::motor, vex::motor, vex::motor>(vex::motor&, vex::motor&, vex::motor&, vex::motor&, vex::motor&)
 .text._GLOBAL__sub_I_globals.cpp
                0x038008c8      0x464 build/src/globals.o
 .text._ZN8OdometryD2Ev
                0x03800d2c       0x34 build/src/auton.o
                0x03800d2c                Odometry::~Odometry()
 .text._ZN24TwoWheelInertialOdometryD2Ev
                0x03800d60       0x34 build/src/auton.o
                0x03800d60                TwoWheelInertialOdometry::~TwoWheelInertialOdometry()
 .text._ZNSt6vectorI5MotorSaIS0_EED2Ev
                0x03800d94       0x44 build/src/auton.o
                0x03800d94                std::vector<Motor, std::allocator<Motor> >::~vector()
 .text._ZN10MotorGroupD2Ev
                0x03800dd8       0x1c build/src/auton.o
                0x03800dd8                MotorGroup::~MotorGroup()
 *fill*         0x03800df4        0x4 
 .text._Z10updateOdomv
                0x03800df8      0x110 build/src/auton.o
                0x03800df8                updateOdom()
 .text._Z7lbResetv
                0x03800f08       0x80 build/src/auton.o
                0x03800f08                lbReset()
 .text._Z9colorSortv
                0x03800f88       0x4c build/src/auton.o
                0x03800f88                colorSort()
 *fill*         0x03800fd4        0x4 
 .text._Z9autoClampv
                0x03800fd8       0xa0 build/src/auton.o
                0x03800fd8                autoClamp()
 .text._Z11taskHandlerb
                0x03801078       0x4c build/src/auton.o
                0x03801078                taskHandler(bool)
 *fill*         0x038010c4        0x4 
 .text._Z10soloAWPRedv
                0x038010c8      0x674 build/src/auton.o
                0x038010c8                soloAWPRed()
 .text._Z10initializev
                0x0380173c       0xf0 build/src/auton.o
                0x0380173c                initialize()
 .text._Z5autonv
                0x0380182c       0x14 build/src/auton.o
                0x0380182c                auton()
 .text._ZNSt8_Rb_treeISsSt4pairIKSs5MotorESt10_Select1stIS3_ESt4lessISsESaIS3_EE8_M_eraseEPSt13_Rb_tree_nodeIS3_E
                0x03801840       0x50 build/src/auton.o
                0x03801840                std::_Rb_tree<std::string, std::pair<std::string const, Motor>, std::_Select1st<std::pair<std::string const, Motor> >, std::less<std::string>, std::allocator<std::pair<std::string const, Motor> > >::_M_erase(std::_Rb_tree_node<std::pair<std::string const, Motor> >*)
 .text._ZNSt6vectorI5MotorSaIS0_EE19_M_range_initializeIPKS0_EEvT_S6_St20forward_iterator_tag
                0x03801890       0x74 build/src/auton.o
                0x03801890                void std::vector<Motor, std::allocator<Motor> >::_M_range_initialize<Motor const*>(Motor const*, Motor const*, std::forward_iterator_tag)
 .text._ZNSt12_Vector_baseI5MotorSaIS0_EE11_M_allocateEj
                0x03801904       0x3c build/src/auton.o
                0x03801904                std::_Vector_base<Motor, std::allocator<Motor> >::_M_allocate(unsigned int)
 .text._GLOBAL__sub_I_auton.cpp
                0x03801940      0x5d8 build/src/auton.o
 .text._Z17toggleColorSensorv
                0x03801f18       0x2c build/src/opcontrol.o
                0x03801f18                toggleColorSensor()
 *fill*         0x03801f44        0x4 
 .text._Z9opcontrolv
                0x03801f48      0x1e0 build/src/opcontrol.o
                0x03801f48                opcontrol()
 .text._GLOBAL__sub_I_opcontrol.cpp
                0x03802128      0x9d8 build/src/opcontrol.o
 .text._ZN7DoinkerC2EPN3vex11digital_outE
                0x03802b00       0x10 build/src/components/Doinker.o
                0x03802b00                Doinker::Doinker(vex::digital_out*)
                0x03802b00                Doinker::Doinker(vex::digital_out*)
 .text._ZN7Doinker11toggleStateEb
                0x03802b10       0x58 build/src/components/Doinker.o
                0x03802b10                Doinker::toggleState(bool)
 .text._ZN13WallStakeMechC2EP10MotorGroupP3PIDf
                0x03802b68       0x30 build/src/components/WallStakeMech.o
                0x03802b68                WallStakeMech::WallStakeMech(MotorGroup*, PID*, float)
                0x03802b68                WallStakeMech::WallStakeMech(MotorGroup*, PID*, float)
 .text._ZN13WallStakeMech21setMogoIntakePositionEf
                0x03802b98        0x8 build/src/components/WallStakeMech.o
                0x03802b98                WallStakeMech::setMogoIntakePosition(float)
 .text._ZN13WallStakeMech22setStakeIntakePositionEf
                0x03802ba0        0x8 build/src/components/WallStakeMech.o
                0x03802ba0                WallStakeMech::setStakeIntakePosition(float)
 .text._ZN13WallStakeMech21setStakeScorePositionEf
                0x03802ba8        0x8 build/src/components/WallStakeMech.o
                0x03802ba8                WallStakeMech::setStakeScorePosition(float)
 .text._ZN13WallStakeMech16setResetSetpointEf
                0x03802bb0        0x8 build/src/components/WallStakeMech.o
                0x03802bb0                WallStakeMech::setResetSetpoint(float)
 .text._ZN13WallStakeMech15updateStatusOneEbb
                0x03802bb8       0x90 build/src/components/WallStakeMech.o
                0x03802bb8                WallStakeMech::updateStatusOne(bool, bool)
 .text._ZN13WallStakeMech15updateStatusTwoEbb
                0x03802c48       0xe0 build/src/components/WallStakeMech.o
                0x03802c48                WallStakeMech::updateStatusTwo(bool, bool)
 .text._ZN13WallStakeMech16updateStatusEchoEbbbb
                0x03802d28      0x180 build/src/components/WallStakeMech.o
                0x03802d28                WallStakeMech::updateStatusEcho(bool, bool, bool, bool)
 .text._ZN13WallStakeMech5resetEbbbbi
                0x03802ea8       0xb0 build/src/components/WallStakeMech.o
                0x03802ea8                WallStakeMech::reset(bool, bool, bool, bool, int)
 .text._ZN13WallStakeMech9resetAutoEv
                0x03802f58       0x60 build/src/components/WallStakeMech.o
                0x03802f58                WallStakeMech::resetAuto()
 .text._ZN10MotorGroupC2ESt6vectorI5MotorSaIS1_EE
                0x03802fb8      0x108 build/src/components/MotorGroup.o
                0x03802fb8                MotorGroup::MotorGroup(std::vector<Motor, std::allocator<Motor> >)
                0x03802fb8                MotorGroup::MotorGroup(std::vector<Motor, std::allocator<Motor> >)
 .text._ZN10MotorGroup4spinEfb
                0x038030c0       0xa4 build/src/components/MotorGroup.o
                0x038030c0                MotorGroup::spin(float, bool)
 .text._ZN10MotorGroup4stopEv
                0x03803164       0x44 build/src/components/MotorGroup.o
                0x03803164                MotorGroup::stop()
 .text._ZN10MotorGroup11setPositionEf
                0x038031a8       0x70 build/src/components/MotorGroup.o
                0x038031a8                MotorGroup::setPosition(float)
 .text._ZN10MotorGroup11setStoppingEb
                0x03803218       0x80 build/src/components/MotorGroup.o
                0x03803218                MotorGroup::setStopping(bool)
 .text._ZN10MotorGroup11getPositionEv
                0x03803298       0x30 build/src/components/MotorGroup.o
                0x03803298                MotorGroup::getPosition()
 .text._ZNSt8_Rb_treeISsSt4pairIKSs5MotorESt10_Select1stIS3_ESt4lessISsESaIS3_EE16_M_insert_uniqueIS0_ISsS2_EEES0_ISt17_Rb_tree_iteratorIS3_EbEOT_
                0x038032c8       0x5c build/src/components/MotorGroup.o
                0x038032c8                std::pair<std::_Rb_tree_iterator<std::pair<std::string const, Motor> >, bool> std::_Rb_tree<std::string, std::pair<std::string const, Motor>, std::_Select1st<std::pair<std::string const, Motor> >, std::less<std::string>, std::allocator<std::pair<std::string const, Motor> > >::_M_insert_unique<std::pair<std::string, Motor> >(std::pair<std::string, Motor>&&)
 .text._ZNSt8_Rb_treeISsSt4pairIKSs5MotorESt10_Select1stIS3_ESt4lessISsESaIS3_EE24_M_get_insert_unique_posERS1_
                0x03803324       0xe8 build/src/components/MotorGroup.o
                0x03803324                std::_Rb_tree<std::string, std::pair<std::string const, Motor>, std::_Select1st<std::pair<std::string const, Motor> >, std::less<std::string>, std::allocator<std::pair<std::string const, Motor> > >::_M_get_insert_unique_pos(std::string const&)
 .text._ZNSt8_Rb_treeISsSt4pairIKSs5MotorESt10_Select1stIS3_ESt4lessISsESaIS3_EE10_M_insert_IS0_ISsS2_EEESt17_Rb_tree_iteratorIS3_EPSt18_Rb_tree_node_baseSF_OT_
                0x0380340c       0xc4 build/src/components/MotorGroup.o
                0x0380340c                std::_Rb_tree_iterator<std::pair<std::string const, Motor> > std::_Rb_tree<std::string, std::pair<std::string const, Motor>, std::_Select1st<std::pair<std::string const, Motor> >, std::less<std::string>, std::allocator<std::pair<std::string const, Motor> > >::_M_insert_<std::pair<std::string, Motor> >(std::_Rb_tree_node_base*, std::_Rb_tree_node_base*, std::pair<std::string, Motor>&&)
 .text._ZN6IntakeC2EP10MotorGroupPN3vex7opticalEbff
                0x038034d0       0x48 build/src/components/Intake.o
                0x038034d0                Intake::Intake(MotorGroup*, vex::optical*, bool, float, float)
                0x038034d0                Intake::Intake(MotorGroup*, vex::optical*, bool, float, float)
 .text._ZN6Intake22controllerFeedbackSpinEbb
                0x03803518      0x1a8 build/src/components/Intake.o
                0x03803518                Intake::controllerFeedbackSpin(bool, bool)
 .text._ZN6Intake9runIntakeEf
                0x038036c0      0x140 build/src/components/Intake.o
                0x038036c0                Intake::runIntake(float)
 .text._ZN6Intake11toggleColorEv
                0x03803800       0x10 build/src/components/Intake.o
                0x03803800                Intake::toggleColor()
 .text._ZN7Chassis8spinTankEffbb
                0x03803810       0x60 build/src/components/Chassis.o
                0x03803810                Chassis::spinTank(float, float, bool, bool)
 .text._ZN4TankC2E15ChassisGeometry21ChassisDriverSettings
                0x03803870       0x44 build/src/components/Chassis.o
                0x03803870                Tank::Tank(ChassisGeometry, ChassisDriverSettings)
                0x03803870                Tank::Tank(ChassisGeometry, ChassisDriverSettings)
 *fill*         0x038038b4        0x4 
 .text._ZN4Tank22controllerFeedbackSpinEb
                0x038038b8      0x268 build/src/components/Chassis.o
                0x038038b8                Tank::controllerFeedbackSpin(bool)
 .text._ZN5ClampC2EPN3vex11digital_outEPNS0_8distanceEPNS0_10controllerE
                0x03803b20       0x14 build/src/components/Clamp.o
                0x03803b20                Clamp::Clamp(vex::digital_out*, vex::distance*, vex::controller*)
                0x03803b20                Clamp::Clamp(vex::digital_out*, vex::distance*, vex::controller*)
 .text._ZN5Clamp19setClampSensorRangeEf
                0x03803b34        0x8 build/src/components/Clamp.o
                0x03803b34                Clamp::setClampSensorRange(float)
 .text._ZN5Clamp11toggleStateEb
                0x03803b3c       0x58 build/src/components/Clamp.o
                0x03803b3c                Clamp::toggleState(bool)
 .text._ZN5Clamp12vibrateStateEv
                0x03803b94       0x9c build/src/components/Clamp.o
                0x03803b94                Clamp::vibrateState()
 .text._ZN8InertialC2ERN3vex8inertialEf
                0x03803c30        0x8 build/src/components/Inertial.o
                0x03803c30                Inertial::Inertial(vex::inertial&, float)
                0x03803c30                Inertial::Inertial(vex::inertial&, float)
 .text._ZN3PIDC2ER15AsymptoticGainsfffb
                0x03803c38       0x24 build/src/motionControl/PID.o
                0x03803c38                PID::PID(AsymptoticGains&, float, float, float, bool)
                0x03803c38                PID::PID(AsymptoticGains&, float, float, float, bool)
 *fill*         0x03803c5c        0x4 
 .text._ZN3PID4tickEf
                0x03803c60       0xcc build/src/motionControl/PID.o
                0x03803c60                PID::tick(float)
 .text._ZN3PID5resetEf
                0x03803d2c       0x10 build/src/motionControl/PID.o
                0x03803d2c                PID::reset(float)
 .text._ZN3PID5setKpEf
                0x03803d3c        0x8 build/src/motionControl/PID.o
                0x03803d3c                PID::setKp(float)
 .text._ZN6Motion7setUnitEf
                0x03803d44        0x8 build/src/motionControl/Motion.o
                0x03803d44                Motion::setUnit(float)
 .text._ZN6Motion18setPursuitSettingsEffffff
                0x03803d4c       0x28 build/src/motionControl/Motion.o
                0x03803d4c                Motion::setPursuitSettings(float, float, float, float, float, float)
 *fill*         0x03803d74        0x4 
 .text._ZN6Motion8moveDistEffff
                0x03803d78      0x340 build/src/motionControl/Motion.o
                0x03803d78                Motion::moveDist(float, float, float, float)
 .text._ZN6Motion11turnHeadingEfifff
                0x038040b8      0x2a8 build/src/motionControl/Motion.o
                0x038040b8                Motion::turnHeading(float, int, float, float, float)
 .text._ZN6Motion8movePoseEfffffffffbb
                0x03804360      0xb14 build/src/motionControl/Motion.o
                0x03804360                Motion::movePose(float, float, float, float, float, float, float, float, float, bool, bool)
 .text._ZN4Exit5errorEff
                0x03804e74       0x20 build/src/motionControl/Exit.o
                0x03804e74                Exit::error(float, float)
 .text._ZN4Exit4veloEff
                0x03804e94       0x1c build/src/motionControl/Exit.o
                0x03804e94                Exit::velo(float, float)
 .text._ZN4Exit2hcE4PoseS0_ff
                0x03804eb0       0xa4 build/src/motionControl/Exit.o
                0x03804eb0                Exit::hc(Pose, Pose, float, float)
 .text._ZN4Exit4timeEii
                0x03804f54       0x14 build/src/motionControl/Exit.o
                0x03804f54                Exit::time(int, int)
 .text._ZN4Exit7intakedEN3vex5motorE
                0x03804f68       0xa0 build/src/motionControl/Exit.o
                0x03804f68                Exit::intaked(vex::motor)
 .text._ZN8Odometry4tickEv
                0x03805008      0x298 build/src/motionControl/Odometry.o
                0x03805008                Odometry::tick()
 .text._ZN8Odometry16updateDerivativeEv
                0x038052a0      0x11c build/src/motionControl/Odometry.o
                0x038052a0                Odometry::updateDerivative()
 .text._ZN8Odometry6setPosEff
                0x038053bc        0x8 build/src/motionControl/Odometry.o
                0x038053bc                Odometry::setPos(float, float)
 .text._ZN8Odometry7setUnitEf
                0x038053c4        0x8 build/src/motionControl/Odometry.o
                0x038053c4                Odometry::setUnit(float)
 .text._ZN8Odometry10setHeadingEf
                0x038053cc       0x54 build/src/motionControl/Odometry.o
                0x038053cc                Odometry::setHeading(float)
 .text._ZN8Odometry7getPosXEv
                0x03805420        0x8 build/src/motionControl/Odometry.o
                0x03805420                Odometry::getPosX()
 .text._ZN8Odometry7getPosYEv
                0x03805428        0x8 build/src/motionControl/Odometry.o
                0x03805428                Odometry::getPosY()
 .text._ZNSt6vectorISt4pairIffESaIS1_EE5eraseEN9__gnu_cxx17__normal_iteratorIPKS1_S3_EE
                0x03805430       0x54 build/src/motionControl/Odometry.o
                0x03805430                std::vector<std::pair<float, float>, std::allocator<std::pair<float, float> > >::erase(__gnu_cxx::__normal_iterator<std::pair<float, float> const*, std::vector<std::pair<float, float>, std::allocator<std::pair<float, float> > > >)
 *fill*         0x03805484        0x4 
 .text._ZN8Odometry8getSpeedEv
                0x03805488       0xb0 build/src/motionControl/Odometry.o
                0x03805488                Odometry::getSpeed()
 .text._ZN8Odometry18getAngularVelocityEv
                0x03805538       0x5c build/src/motionControl/Odometry.o
                0x03805538                Odometry::getAngularVelocity()
 .text._ZNSt6vectorISt4pairIffESaIS1_EE19_M_emplace_back_auxIJRKS1_EEEvDpOT_
                0x03805594       0x94 build/src/motionControl/Odometry.o
                0x03805594                void std::vector<std::pair<float, float>, std::allocator<std::pair<float, float> > >::_M_emplace_back_aux<std::pair<float, float> const&>(std::pair<float, float> const&)
 .text._ZNKSt6vectorISt4pairIffESaIS1_EE12_M_check_lenEjPKc
                0x03805628       0x54 build/src/motionControl/Odometry.o
                0x03805628                std::vector<std::pair<float, float>, std::allocator<std::pair<float, float> > >::_M_check_len(unsigned int, char const*) const
 .text._ZNSt12_Vector_baseISt4pairIffESaIS1_EE11_M_allocateEj
                0x0380567c       0x30 build/src/motionControl/Odometry.o
                0x0380567c                std::_Vector_base<std::pair<float, float>, std::allocator<std::pair<float, float> > >::_M_allocate(unsigned int)
 .text._ZNSt6vectorIfSaIfEE19_M_emplace_back_auxIJfEEEvDpOT_
                0x038056ac       0x80 build/src/motionControl/Odometry.o
                0x038056ac                void std::vector<float, std::allocator<float> >::_M_emplace_back_aux<float>(float&&)
 .text._ZNKSt6vectorIfSaIfEE12_M_check_lenEjPKc
                0x0380572c       0x54 build/src/motionControl/Odometry.o
                0x0380572c                std::vector<float, std::allocator<float> >::_M_check_len(unsigned int, char const*) const
 .text._ZNSt12_Vector_baseIfSaIfEE11_M_allocateEj
                0x03805780       0x30 build/src/motionControl/Odometry.o
                0x03805780                std::_Vector_base<float, std::allocator<float> >::_M_allocate(unsigned int)
 .text._ZN24TwoWheelInertialOdometryC2ER15OdometrySensorsR15OdometryOffsetsf
                0x038057b0       0x4c build/src/motionControl/Odom.o
                0x038057b0                TwoWheelInertialOdometry::TwoWheelInertialOdometry(OdometrySensors&, OdometryOffsets&, float)
                0x038057b0                TwoWheelInertialOdometry::TwoWheelInertialOdometry(OdometrySensors&, OdometryOffsets&, float)
 .text._ZNSt6vectorI4PoseSaIS0_EED2Ev
                0x038057fc       0x24 build/src/PathStorage/testPath.o
                0x038057fc                std::vector<Pose, std::allocator<Pose> >::~vector()
 .text._GLOBAL__sub_I_testPath.cpp
                0x03805820     0x1308 build/src/PathStorage/testPath.o
 .text._ZN4PoseC2Efff
                0x03806b28        0x8 build/src/utility/Pose.o
                0x03806b28                Pose::Pose(float, float, float)
                0x03806b28                Pose::Pose(float, float, float)
 .text._ZN4Pose8distanceES_
                0x03806b30       0x1c build/src/utility/Pose.o
                0x03806b30                Pose::distance(Pose)
 .text._ZN4Pose4faceES_b
                0x03806b4c       0x74 build/src/utility/Pose.o
                0x03806b4c                Pose::face(Pose, bool)
 .text._ZN4Pose8parallelES_
                0x03806bc0       0x14 build/src/utility/Pose.o
                0x03806bc0                Pose::parallel(Pose)
 .text._ZN4Pose3setEfff
                0x03806bd4        0x8 build/src/utility/Pose.o
                0x03806bd4                Pose::set(float, float, float)
 *fill*         0x03806bdc        0x4 
 .text._ZN4Misc10getHeadingEb
                0x03806be0       0x80 build/src/utility/Misc.o
                0x03806be0                Misc::getHeading(bool)
 .text._ZN4Misc11reduceAngleEf
                0x03806c60       0x58 build/src/utility/Misc.o
                0x03806c60                Misc::reduceAngle(float)
 .text._ZN4Misc13runDrivetrainEffb
                0x03806cb8       0xa4 build/src/utility/Misc.o
                0x03806cb8                Misc::runDrivetrain(float, float, bool)
 .text._ZN4Misc5clampEfff
                0x03806d5c       0x2c build/src/utility/Misc.o
                0x03806d5c                Misc::clamp(float, float, float)
 .text._ZN4Misc11getDistanceEffff
                0x03806d88       0x5c build/src/utility/Misc.o
                0x03806d88                Misc::getDistance(float, float, float, float)
 *fill*         0x03806de4        0x4 
 .text._ZN4Misc10angleErrorEff
                0x03806de8       0x60 build/src/utility/Misc.o
                0x03806de8                Misc::angleError(float, float)
 .text._ZN4Misc11reduceRatioEfff
                0x03806e48       0xd0 build/src/utility/Misc.o
                0x03806e48                Misc::reduceRatio(float, float, float)
 .text._ZN4Misc9getRadiusE4PoseS0_
                0x03806f18       0xb8 build/src/utility/Misc.o
                0x03806f18                Misc::getRadius(Pose, Pose)
 .text._ZN15AsymptoticGainsC2Effff
                0x03806fd0       0x10 build/src/utility/AsymptoticGains.o
                0x03806fd0                AsymptoticGains::AsymptoticGains(float, float, float, float)
                0x03806fd0                AsymptoticGains::AsymptoticGains(float, float, float, float)
 .text._ZN15AsymptoticGains7setGainEf
                0x03806fe0        0x8 build/src/utility/AsymptoticGains.o
                0x03806fe0                AsymptoticGains::setGain(float)
 .text._ZN15AsymptoticGains7getGainEv
                0x03806fe8       0xc0 build/src/utility/AsymptoticGains.o
                0x03806fe8                AsymptoticGains::getGain()
 .text._ZN5Units8radToDegEf
                0x038070a8       0x38 build/src/utility/Units.o
                0x038070a8                Units::radToDeg(float)
 .text._ZN5Units8degToRadEf
                0x038070e0       0x38 build/src/utility/Units.o
                0x038070e0                Units::degToRad(float)
 .text._ZN5Units10tickToUnitEfff
                0x03807118       0x48 build/src/utility/Units.o
                0x03807118                Units::tickToUnit(float, float, float)
 .text._ZN5Timer7getTimeEv
                0x03807160       0x48 build/src/utility/Timer.o
                0x03807160                Timer::getTime()
 .text.vexMain  0x038071a8       0xb0 c:\Users\danie\AppData\Roaming\Code\User\globalStorage\vexrobotics.vexcode\sdk\cpp\V5\V5_20240223_11_00_00/vexv5\libv5rt.a(v5_startup.c.obj)
                0x038071a8                vexMain
 .text.__vex_function_prolog
                0x03807258       0x18 c:\Users\danie\AppData\Roaming\Code\User\globalStorage\vexrobotics.vexcode\sdk\cpp\V5\V5_20240223_11_00_00/vexv5\libv5rt.a(v5_startup.c.obj)
                0x03807258                __vex_function_prolog
 .text._init    0x03807270        0x4 c:\Users\danie\AppData\Roaming\Code\User\globalStorage\vexrobotics.vexcode\sdk\cpp\V5\V5_20240223_11_00_00/vexv5\libv5rt.a(v5_startup.c.obj)
                0x03807270                _init
 .text._fini    0x03807274        0x4 c:\Users\danie\AppData\Roaming\Code\User\globalStorage\vexrobotics.vexcode\sdk\cpp\V5\V5_20240223_11_00_00/vexv5\libv5rt.a(v5_startup.c.obj)
                0x03807274                _fini
 .text.vexStdlibVersionLinked
                0x03807278        0xc c:\Users\danie\AppData\Roaming\Code\User\globalStorage\vexrobotics.vexcode\sdk\cpp\V5\V5_20240223_11_00_00/vexv5\libv5rt.a(v5_util.c.obj)
                0x03807278                vexStdlibVersionLinked
 .text.vexStdlibVersionVerify
                0x03807284       0x30 c:\Users\danie\AppData\Roaming\Code\User\globalStorage\vexrobotics.vexcode\sdk\cpp\V5\V5_20240223_11_00_00/vexv5\libv5rt.a(v5_util.c.obj)
                0x03807284                vexStdlibVersionVerify
 .text.vexPrivateApiEnable
                0x038072b4       0x10 c:\Users\danie\AppData\Roaming\Code\User\globalStorage\vexrobotics.vexcode\sdk\cpp\V5\V5_20240223_11_00_00/vexv5\libv5rt.a(v5_apijump.c.obj)
                0x038072b4                vexPrivateApiEnable
 .text.vexStdlibMismatchError
                0x038072c4       0x3c c:\Users\danie\AppData\Roaming\Code\User\globalStorage\vexrobotics.vexcode\sdk\cpp\V5\V5_20240223_11_00_00/vexv5\libv5rt.a(v5_apijump.c.obj)
                0x038072c4                vexStdlibMismatchError
 .text.vexTaskAdd
                0x03807300       0x10 c:\Users\danie\AppData\Roaming\Code\User\globalStorage\vexrobotics.vexcode\sdk\cpp\V5\V5_20240223_11_00_00/vexv5\libv5rt.a(v5_apijump.c.obj)
                0x03807300                vexTaskAdd
 .text.vexTasksRun
                0x03807310       0x10 c:\Users\danie\AppData\Roaming\Code\User\globalStorage\vexrobotics.vexcode\sdk\cpp\V5\V5_20240223_11_00_00/vexv5\libv5rt.a(v5_apijump.c.obj)
                0x03807310                vexTasksRun
 .text.vexTaskYield
                0x03807320       0x10 c:\Users\danie\AppData\Roaming\Code\User\globalStorage\vexrobotics.vexcode\sdk\cpp\V5\V5_20240223_11_00_00/vexv5\libv5rt.a(v5_apijump.c.obj)
                0x03807320                vexTaskYield
 .text.vexTaskCheckTimeslice
                0x03807330       0x10 c:\Users\danie\AppData\Roaming\Code\User\globalStorage\vexrobotics.vexcode\sdk\cpp\V5\V5_20240223_11_00_00/vexv5\libv5rt.a(v5_apijump.c.obj)
                0x03807330                vexTaskCheckTimeslice
 .text.vexTaskSleep
                0x03807340       0x10 c:\Users\danie\AppData\Roaming\Code\User\globalStorage\vexrobotics.vexcode\sdk\cpp\V5\V5_20240223_11_00_00/vexv5\libv5rt.a(v5_apijump.c.obj)
                0x03807340                vexTaskSleep
 .text.vexTasksDump
                0x03807350       0x1c c:\Users\danie\AppData\Roaming\Code\User\globalStorage\vexrobotics.vexcode\sdk\cpp\V5\V5_20240223_11_00_00/vexv5\libv5rt.a(v5_apijump.c.obj)
                0x03807350                vexTasksDump
 .text.vexTaskGetTaskIndex
                0x0380736c       0x10 c:\Users\danie\AppData\Roaming\Code\User\globalStorage\vexrobotics.vexcode\sdk\cpp\V5\V5_20240223_11_00_00/vexv5\libv5rt.a(v5_apijump.c.obj)
                0x0380736c                vexTaskGetTaskIndex
 .text.vexTaskStopAll
                0x0380737c       0x10 c:\Users\danie\AppData\Roaming\Code\User\globalStorage\vexrobotics.vexcode\sdk\cpp\V5\V5_20240223_11_00_00/vexv5\libv5rt.a(v5_apijump.c.obj)
                0x0380737c                vexTaskStopAll
 .text.vexTaskRemoveAllUser
                0x0380738c       0x34 c:\Users\danie\AppData\Roaming\Code\User\globalStorage\vexrobotics.vexcode\sdk\cpp\V5\V5_20240223_11_00_00/vexv5\libv5rt.a(v5_apijump.c.obj)
                0x0380738c                vexTaskRemoveAllUser
 .text.vexTaskCompletionIdSet
                0x038073c0       0x10 c:\Users\danie\AppData\Roaming\Code\User\globalStorage\vexrobotics.vexcode\sdk\cpp\V5\V5_20240223_11_00_00/vexv5\libv5rt.a(v5_apijump.c.obj)
                0x038073c0                vexTaskCompletionIdSet
 .text.vexTaskStopWithId
                0x038073d0       0x10 c:\Users\danie\AppData\Roaming\Code\User\globalStorage\vexrobotics.vexcode\sdk\cpp\V5\V5_20240223_11_00_00/vexv5\libv5rt.a(v5_apijump.c.obj)
                0x038073d0                vexTaskStopWithId
 .text.vexTaskSuspendWithId
                0x038073e0       0x10 c:\Users\danie\AppData\Roaming\Code\User\globalStorage\vexrobotics.vexcode\sdk\cpp\V5\V5_20240223_11_00_00/vexv5\libv5rt.a(v5_apijump.c.obj)
                0x038073e0                vexTaskSuspendWithId
 .text.vexTaskResumeWithId
                0x038073f0       0x10 c:\Users\danie\AppData\Roaming\Code\User\globalStorage\vexrobotics.vexcode\sdk\cpp\V5\V5_20240223_11_00_00/vexv5\libv5rt.a(v5_apijump.c.obj)
                0x038073f0                vexTaskResumeWithId
 .text.vexCriticalSection
                0x03807400       0x2c c:\Users\danie\AppData\Roaming\Code\User\globalStorage\vexrobotics.vexcode\sdk\cpp\V5\V5_20240223_11_00_00/vexv5\libv5rt.a(v5_apijump.c.obj)
                0x03807400                vexCriticalSection
 .text.vexEventAdd
                0x0380742c       0x34 c:\Users\danie\AppData\Roaming\Code\User\globalStorage\vexrobotics.vexcode\sdk\cpp\V5\V5_20240223_11_00_00/vexv5\libv5rt.a(v5_apijump.c.obj)
                0x0380742c                vexEventAdd
 .text.vexEventUserIndexGet
                0x03807460       0x1c c:\Users\danie\AppData\Roaming\Code\User\globalStorage\vexrobotics.vexcode\sdk\cpp\V5\V5_20240223_11_00_00/vexv5\libv5rt.a(v5_apijump.c.obj)
                0x03807460                vexEventUserIndexGet
 .text.vexEventAddWithArg
                0x0380747c       0x3c c:\Users\danie\AppData\Roaming\Code\User\globalStorage\vexrobotics.vexcode\sdk\cpp\V5\V5_20240223_11_00_00/vexv5\libv5rt.a(v5_apijump.c.obj)
                0x0380747c                vexEventAddWithArg
 .text.vexEventsCleanup
                0x038074b8       0x2c c:\Users\danie\AppData\Roaming\Code\User\globalStorage\vexrobotics.vexcode\sdk\cpp\V5\V5_20240223_11_00_00/vexv5\libv5rt.a(v5_apijump.c.obj)
                0x038074b8                vexEventsCleanup
 .text.vexDebug
                0x038074e4       0x38 c:\Users\danie\AppData\Roaming\Code\User\globalStorage\vexrobotics.vexcode\sdk\cpp\V5\V5_20240223_11_00_00/vexv5\libv5rt.a(v5_apijump.c.obj)
                0x038074e4                vexDebug
 .text.vex_sprintf
                0x0380751c       0x40 c:\Users\danie\AppData\Roaming\Code\User\globalStorage\vexrobotics.vexcode\sdk\cpp\V5\V5_20240223_11_00_00/vexv5\libv5rt.a(v5_apijump.c.obj)
                0x0380751c                vex_sprintf
 .text.vex_vsnprintf
                0x0380755c       0x3c c:\Users\danie\AppData\Roaming\Code\User\globalStorage\vexrobotics.vexcode\sdk\cpp\V5\V5_20240223_11_00_00/vexv5\libv5rt.a(v5_apijump.c.obj)
                0x0380755c                vex_vsnprintf
 .text.vexSystemTimeGet
                0x03807598       0x1c c:\Users\danie\AppData\Roaming\Code\User\globalStorage\vexrobotics.vexcode\sdk\cpp\V5\V5_20240223_11_00_00/vexv5\libv5rt.a(v5_apijump.c.obj)
                0x03807598                vexSystemTimeGet
 .text.vexSystemExitRequest
                0x038075b4       0x1c c:\Users\danie\AppData\Roaming\Code\User\globalStorage\vexrobotics.vexcode\sdk\cpp\V5\V5_20240223_11_00_00/vexv5\libv5rt.a(v5_apijump.c.obj)
                0x038075b4                vexSystemExitRequest
 .text.vexSystemHighResTimeGet
                0x038075d0       0x38 c:\Users\danie\AppData\Roaming\Code\User\globalStorage\vexrobotics.vexcode\sdk\cpp\V5\V5_20240223_11_00_00/vexv5\libv5rt.a(v5_apijump.c.obj)
                0x038075d0                vexSystemHighResTimeGet
 .text.vexDeviceGetByIndex
                0x03807608       0x24 c:\Users\danie\AppData\Roaming\Code\User\globalStorage\vexrobotics.vexcode\sdk\cpp\V5\V5_20240223_11_00_00/vexv5\libv5rt.a(v5_apijump.c.obj)
                0x03807608                vexDeviceGetByIndex
 .text.vexControllerGet
                0x0380762c       0x2c c:\Users\danie\AppData\Roaming\Code\User\globalStorage\vexrobotics.vexcode\sdk\cpp\V5\V5_20240223_11_00_00/vexv5\libv5rt.a(v5_apijump.c.obj)
                0x0380762c                vexControllerGet
 .text.vexControllerTextSet
                0x03807658       0x74 c:\Users\danie\AppData\Roaming\Code\User\globalStorage\vexrobotics.vexcode\sdk\cpp\V5\V5_20240223_11_00_00/vexv5\libv5rt.a(v5_apijump.c.obj)
                0x03807658                vexControllerTextSet
 .text.vexDeviceAdiPortConfigSet
                0x038076cc       0x34 c:\Users\danie\AppData\Roaming\Code\User\globalStorage\vexrobotics.vexcode\sdk\cpp\V5\V5_20240223_11_00_00/vexv5\libv5rt.a(v5_apijump.c.obj)
                0x038076cc                vexDeviceAdiPortConfigSet
 .text.vexDeviceAdiPortConfigGet
                0x03807700       0x2c c:\Users\danie\AppData\Roaming\Code\User\globalStorage\vexrobotics.vexcode\sdk\cpp\V5\V5_20240223_11_00_00/vexv5\libv5rt.a(v5_apijump.c.obj)
                0x03807700                vexDeviceAdiPortConfigGet
 .text.vexDeviceAdiValueSet
                0x0380772c       0x34 c:\Users\danie\AppData\Roaming\Code\User\globalStorage\vexrobotics.vexcode\sdk\cpp\V5\V5_20240223_11_00_00/vexv5\libv5rt.a(v5_apijump.c.obj)
                0x0380772c                vexDeviceAdiValueSet
 .text.vexDeviceMotorVelocitySet
                0x03807760       0x2c c:\Users\danie\AppData\Roaming\Code\User\globalStorage\vexrobotics.vexcode\sdk\cpp\V5\V5_20240223_11_00_00/vexv5\libv5rt.a(v5_apijump.c.obj)
                0x03807760                vexDeviceMotorVelocitySet
 .text.vexDeviceMotorVoltageSet
                0x0380778c       0x2c c:\Users\danie\AppData\Roaming\Code\User\globalStorage\vexrobotics.vexcode\sdk\cpp\V5\V5_20240223_11_00_00/vexv5\libv5rt.a(v5_apijump.c.obj)
                0x0380778c                vexDeviceMotorVoltageSet
 .text.vexDeviceMotorActualVelocityGet
                0x038077b8       0x24 c:\Users\danie\AppData\Roaming\Code\User\globalStorage\vexrobotics.vexcode\sdk\cpp\V5\V5_20240223_11_00_00/vexv5\libv5rt.a(v5_apijump.c.obj)
                0x038077b8                vexDeviceMotorActualVelocityGet
 .text.vexDeviceMotorReverseFlagSet
                0x038077dc       0x2c c:\Users\danie\AppData\Roaming\Code\User\globalStorage\vexrobotics.vexcode\sdk\cpp\V5\V5_20240223_11_00_00/vexv5\libv5rt.a(v5_apijump.c.obj)
                0x038077dc                vexDeviceMotorReverseFlagSet
 .text.vexDeviceMotorEncoderUnitsSet
                0x03807808       0x2c c:\Users\danie\AppData\Roaming\Code\User\globalStorage\vexrobotics.vexcode\sdk\cpp\V5\V5_20240223_11_00_00/vexv5\libv5rt.a(v5_apijump.c.obj)
                0x03807808                vexDeviceMotorEncoderUnitsSet
 .text.vexDeviceMotorBrakeModeSet
                0x03807834       0x2c c:\Users\danie\AppData\Roaming\Code\User\globalStorage\vexrobotics.vexcode\sdk\cpp\V5\V5_20240223_11_00_00/vexv5\libv5rt.a(v5_apijump.c.obj)
                0x03807834                vexDeviceMotorBrakeModeSet
 .text.vexDeviceMotorPositionSet
                0x03807860       0x34 c:\Users\danie\AppData\Roaming\Code\User\globalStorage\vexrobotics.vexcode\sdk\cpp\V5\V5_20240223_11_00_00/vexv5\libv5rt.a(v5_apijump.c.obj)
                0x03807860                vexDeviceMotorPositionSet
 .text.vexDeviceMotorPositionGet
                0x03807894       0x24 c:\Users\danie\AppData\Roaming\Code\User\globalStorage\vexrobotics.vexcode\sdk\cpp\V5\V5_20240223_11_00_00/vexv5\libv5rt.a(v5_apijump.c.obj)
                0x03807894                vexDeviceMotorPositionGet
 .text.vexDeviceMotorGearingSet
                0x038078b8       0x2c c:\Users\danie\AppData\Roaming\Code\User\globalStorage\vexrobotics.vexcode\sdk\cpp\V5\V5_20240223_11_00_00/vexv5\libv5rt.a(v5_apijump.c.obj)
                0x038078b8                vexDeviceMotorGearingSet
 .text.vexDeviceMotorGearingGet
                0x038078e4       0x24 c:\Users\danie\AppData\Roaming\Code\User\globalStorage\vexrobotics.vexcode\sdk\cpp\V5\V5_20240223_11_00_00/vexv5\libv5rt.a(v5_apijump.c.obj)
                0x038078e4                vexDeviceMotorGearingGet
 .text.vexDeviceImuReset
                0x03807908       0x24 c:\Users\danie\AppData\Roaming\Code\User\globalStorage\vexrobotics.vexcode\sdk\cpp\V5\V5_20240223_11_00_00/vexv5\libv5rt.a(v5_apijump.c.obj)
                0x03807908                vexDeviceImuReset
 .text.vexDeviceImuHeadingGet
                0x0380792c       0x24 c:\Users\danie\AppData\Roaming\Code\User\globalStorage\vexrobotics.vexcode\sdk\cpp\V5\V5_20240223_11_00_00/vexv5\libv5rt.a(v5_apijump.c.obj)
                0x0380792c                vexDeviceImuHeadingGet
 .text.vexDeviceImuDegreesGet
                0x03807950       0x24 c:\Users\danie\AppData\Roaming\Code\User\globalStorage\vexrobotics.vexcode\sdk\cpp\V5\V5_20240223_11_00_00/vexv5\libv5rt.a(v5_apijump.c.obj)
                0x03807950                vexDeviceImuDegreesGet
 .text.vexDeviceImuStatusGet
                0x03807974       0x24 c:\Users\danie\AppData\Roaming\Code\User\globalStorage\vexrobotics.vexcode\sdk\cpp\V5\V5_20240223_11_00_00/vexv5\libv5rt.a(v5_apijump.c.obj)
                0x03807974                vexDeviceImuStatusGet
 .text.vexDeviceAbsEncPositionSet
                0x03807998       0x2c c:\Users\danie\AppData\Roaming\Code\User\globalStorage\vexrobotics.vexcode\sdk\cpp\V5\V5_20240223_11_00_00/vexv5\libv5rt.a(v5_apijump.c.obj)
                0x03807998                vexDeviceAbsEncPositionSet
 .text.vexDeviceAbsEncPositionGet
                0x038079c4       0x24 c:\Users\danie\AppData\Roaming\Code\User\globalStorage\vexrobotics.vexcode\sdk\cpp\V5\V5_20240223_11_00_00/vexv5\libv5rt.a(v5_apijump.c.obj)
                0x038079c4                vexDeviceAbsEncPositionGet
 .text.vexDeviceAbsEncAngleGet
                0x038079e8       0x24 c:\Users\danie\AppData\Roaming\Code\User\globalStorage\vexrobotics.vexcode\sdk\cpp\V5\V5_20240223_11_00_00/vexv5\libv5rt.a(v5_apijump.c.obj)
                0x038079e8                vexDeviceAbsEncAngleGet
 .text.vexDeviceAbsEncReverseFlagSet
                0x03807a0c       0x2c c:\Users\danie\AppData\Roaming\Code\User\globalStorage\vexrobotics.vexcode\sdk\cpp\V5\V5_20240223_11_00_00/vexv5\libv5rt.a(v5_apijump.c.obj)
                0x03807a0c                vexDeviceAbsEncReverseFlagSet
 .text.vexDeviceOpticalHueGet
                0x03807a38       0x24 c:\Users\danie\AppData\Roaming\Code\User\globalStorage\vexrobotics.vexcode\sdk\cpp\V5\V5_20240223_11_00_00/vexv5\libv5rt.a(v5_apijump.c.obj)
                0x03807a38                vexDeviceOpticalHueGet
 .text.vexDeviceOpticalLedPwmSet
                0x03807a5c       0x2c c:\Users\danie\AppData\Roaming\Code\User\globalStorage\vexrobotics.vexcode\sdk\cpp\V5\V5_20240223_11_00_00/vexv5\libv5rt.a(v5_apijump.c.obj)
                0x03807a5c                vexDeviceOpticalLedPwmSet
 .text.vexDeviceOpticalGestureEnable
                0x03807a88       0x24 c:\Users\danie\AppData\Roaming\Code\User\globalStorage\vexrobotics.vexcode\sdk\cpp\V5\V5_20240223_11_00_00/vexv5\libv5rt.a(v5_apijump.c.obj)
                0x03807a88                vexDeviceOpticalGestureEnable
 .text.vexDeviceOpticalGestureDisable
                0x03807aac       0x24 c:\Users\danie\AppData\Roaming\Code\User\globalStorage\vexrobotics.vexcode\sdk\cpp\V5\V5_20240223_11_00_00/vexv5\libv5rt.a(v5_apijump.c.obj)
                0x03807aac                vexDeviceOpticalGestureDisable
 .text.vexDeviceOpticalProximityThreshold
                0x03807ad0       0x2c c:\Users\danie\AppData\Roaming\Code\User\globalStorage\vexrobotics.vexcode\sdk\cpp\V5\V5_20240223_11_00_00/vexv5\libv5rt.a(v5_apijump.c.obj)
                0x03807ad0                vexDeviceOpticalProximityThreshold
 .text.vexDeviceDistanceDistanceGet
                0x03807afc       0x24 c:\Users\danie\AppData\Roaming\Code\User\globalStorage\vexrobotics.vexcode\sdk\cpp\V5\V5_20240223_11_00_00/vexv5\libv5rt.a(v5_apijump.c.obj)
                0x03807afc                vexDeviceDistanceDistanceGet
 .text.vexDisplayForegroundColor
                0x03807b20       0x24 c:\Users\danie\AppData\Roaming\Code\User\globalStorage\vexrobotics.vexcode\sdk\cpp\V5\V5_20240223_11_00_00/vexv5\libv5rt.a(v5_apijump.c.obj)
                0x03807b20                vexDisplayForegroundColor
 .text.vexDisplayBackgroundColor
                0x03807b44       0x24 c:\Users\danie\AppData\Roaming\Code\User\globalStorage\vexrobotics.vexcode\sdk\cpp\V5\V5_20240223_11_00_00/vexv5\libv5rt.a(v5_apijump.c.obj)
                0x03807b44                vexDisplayBackgroundColor
 .text.vexDisplayVPrintf
                0x03807b68       0x50 c:\Users\danie\AppData\Roaming\Code\User\globalStorage\vexrobotics.vexcode\sdk\cpp\V5\V5_20240223_11_00_00/vexv5\libv5rt.a(v5_apijump.c.obj)
                0x03807b68                vexDisplayVPrintf
 .text.vexDisplayTextReference
                0x03807bb8       0x24 c:\Users\danie\AppData\Roaming\Code\User\globalStorage\vexrobotics.vexcode\sdk\cpp\V5\V5_20240223_11_00_00/vexv5\libv5rt.a(v5_apijump.c.obj)
                0x03807bb8                vexDisplayTextReference
 .text.vexDisplayTextSize
                0x03807bdc       0x2c c:\Users\danie\AppData\Roaming\Code\User\globalStorage\vexrobotics.vexcode\sdk\cpp\V5\V5_20240223_11_00_00/vexv5\libv5rt.a(v5_apijump.c.obj)
                0x03807bdc                vexDisplayTextSize
 .text.vexDisplayFontNamedSet
                0x03807c08       0x24 c:\Users\danie\AppData\Roaming\Code\User\globalStorage\vexrobotics.vexcode\sdk\cpp\V5\V5_20240223_11_00_00/vexv5\libv5rt.a(v5_apijump.c.obj)
                0x03807c08                vexDisplayFontNamedSet
 .text.vexDisplayStringWidthGet
                0x03807c2c       0x24 c:\Users\danie\AppData\Roaming\Code\User\globalStorage\vexrobotics.vexcode\sdk\cpp\V5\V5_20240223_11_00_00/vexv5\libv5rt.a(v5_apijump.c.obj)
                0x03807c2c                vexDisplayStringWidthGet
 .text.vexSystemStdlibImpureDataAddr
                0x03807c50       0x28 c:\Users\danie\AppData\Roaming\Code\User\globalStorage\vexrobotics.vexcode\sdk\cpp\V5\V5_20240223_11_00_00/vexv5\libv5rt.a(v5_apijump.c.obj)
                0x03807c50                vexSystemStdlibImpureDataAddr
 .text.vexSystemStdlibImpureDataSize
                0x03807c78       0x28 c:\Users\danie\AppData\Roaming\Code\User\globalStorage\vexrobotics.vexcode\sdk\cpp\V5\V5_20240223_11_00_00/vexv5\libv5rt.a(v5_apijump.c.obj)
                0x03807c78                vexSystemStdlibImpureDataSize
 .text.vexSystemSaveUserData
                0x03807ca0       0x3c c:\Users\danie\AppData\Roaming\Code\User\globalStorage\vexrobotics.vexcode\sdk\cpp\V5\V5_20240223_11_00_00/vexv5\libv5rt.a(v5_apijump.c.obj)
                0x03807ca0                vexSystemSaveUserData
 .text.vexDisplayThemeIdGet
                0x03807cdc       0x38 c:\Users\danie\AppData\Roaming\Code\User\globalStorage\vexrobotics.vexcode\sdk\cpp\V5\V5_20240223_11_00_00/vexv5\libv5rt.a(v5_apijump.c.obj)
                0x03807cdc                vexDisplayThemeIdGet
 .text.vexDeviceEventMaskSet
                0x03807d14       0x48 c:\Users\danie\AppData\Roaming\Code\User\globalStorage\vexrobotics.vexcode\sdk\cpp\V5\V5_20240223_11_00_00/vexv5\libv5rt.a(v5_apijump.c.obj)
                0x03807d14                vexDeviceEventMaskSet
 .text.vexDeviceEventMaskGet
                0x03807d5c       0x3c c:\Users\danie\AppData\Roaming\Code\User\globalStorage\vexrobotics.vexcode\sdk\cpp\V5\V5_20240223_11_00_00/vexv5\libv5rt.a(v5_apijump.c.obj)
                0x03807d5c                vexDeviceEventMaskGet
 .text.vexSystemVersion
                0x03807d98       0x10 c:\Users\danie\AppData\Roaming\Code\User\globalStorage\vexrobotics.vexcode\sdk\cpp\V5\V5_20240223_11_00_00/vexv5\libv5rt.a(v5_apiversions.c.obj)
                0x03807d98                vexSystemVersion
 .text.vexStdlibVersion
                0x03807da8       0x10 c:\Users\danie\AppData\Roaming\Code\User\globalStorage\vexrobotics.vexcode\sdk\cpp\V5\V5_20240223_11_00_00/vexv5\libv5rt.a(v5_apiversions.c.obj)
                0x03807da8                vexStdlibVersion
 .text._ZN3vex4waitEdNS_9timeUnitsE
                0x03807db8       0x30 c:\Users\danie\AppData\Roaming\Code\User\globalStorage\vexrobotics.vexcode\sdk\cpp\V5\V5_20240223_11_00_00/vexv5\libv5rt.a(vex_global.cpp.obj)
                0x03807db8                vex::wait(double, vex::timeUnits)
 .text._ZN3vex5motorD2Ev
                0x03807de8       0x20 c:\Users\danie\AppData\Roaming\Code\User\globalStorage\vexrobotics.vexcode\sdk\cpp\V5\V5_20240223_11_00_00/vexv5\libv5rt.a(vex_motor.cpp.obj)
                0x03807de8                vex::motor::~motor()
                0x03807de8                vex::motor::~motor()
 .text._ZN3vex5motorD0Ev
                0x03807e08       0x1c c:\Users\danie\AppData\Roaming\Code\User\globalStorage\vexrobotics.vexcode\sdk\cpp\V5\V5_20240223_11_00_00/vexv5\libv5rt.a(vex_motor.cpp.obj)
                0x03807e08                vex::motor::~motor()
 .text._ZN3vex5motor9installedEv
                0x03807e24       0x18 c:\Users\danie\AppData\Roaming\Code\User\globalStorage\vexrobotics.vexcode\sdk\cpp\V5\V5_20240223_11_00_00/vexv5\libv5rt.a(vex_motor.cpp.obj)
                0x03807e24                vex::motor::installed()
 .text._ZN3vex5motor15defaultStoppingENS_9brakeTypeE
                0x03807e3c       0x30 c:\Users\danie\AppData\Roaming\Code\User\globalStorage\vexrobotics.vexcode\sdk\cpp\V5\V5_20240223_11_00_00/vexv5\libv5rt.a(vex_motor.cpp.obj)
                0x03807e3c                vex::motor::defaultStopping(vex::brakeType)
 .text._ZN3vex5motor11setStoppingENS_9brakeTypeE
                0x03807e6c        0x4 c:\Users\danie\AppData\Roaming\Code\User\globalStorage\vexrobotics.vexcode\sdk\cpp\V5\V5_20240223_11_00_00/vexv5\libv5rt.a(vex_motor.cpp.obj)
                0x03807e6c                vex::motor::setStopping(vex::brakeType)
 .text._ZN3vex5motorC2El
                0x03807e70       0x78 c:\Users\danie\AppData\Roaming\Code\User\globalStorage\vexrobotics.vexcode\sdk\cpp\V5\V5_20240223_11_00_00/vexv5\libv5rt.a(vex_motor.cpp.obj)
                0x03807e70                vex::motor::motor(long)
                0x03807e70                vex::motor::motor(long)
 .text._ZN3vex5motorC2ElNS_11gearSettingEb
                0x03807ee8       0x34 c:\Users\danie\AppData\Roaming\Code\User\globalStorage\vexrobotics.vexcode\sdk\cpp\V5\V5_20240223_11_00_00/vexv5\libv5rt.a(vex_motor.cpp.obj)
                0x03807ee8                vex::motor::motor(long, vex::gearSetting, bool)
                0x03807ee8                vex::motor::motor(long, vex::gearSetting, bool)
 *fill*         0x03807f1c        0x4 
 .text._ZN3vex5motor4spinENS_13directionTypeEdNS_12voltageUnitsE
                0x03807f20       0x50 c:\Users\danie\AppData\Roaming\Code\User\globalStorage\vexrobotics.vexcode\sdk\cpp\V5\V5_20240223_11_00_00/vexv5\libv5rt.a(vex_motor.cpp.obj)
                0x03807f20                vex::motor::spin(vex::directionType, double, vex::voltageUnits)
 .text._ZN3vex5motor4stopENS_9brakeTypeE
                0x03807f70       0x30 c:\Users\danie\AppData\Roaming\Code\User\globalStorage\vexrobotics.vexcode\sdk\cpp\V5\V5_20240223_11_00_00/vexv5\libv5rt.a(vex_motor.cpp.obj)
                0x03807f70                vex::motor::stop(vex::brakeType)
 .text._ZN3vex5motor4stopEv
                0x03807fa0        0x8 c:\Users\danie\AppData\Roaming\Code\User\globalStorage\vexrobotics.vexcode\sdk\cpp\V5\V5_20240223_11_00_00/vexv5\libv5rt.a(vex_motor.cpp.obj)
                0x03807fa0                vex::motor::stop()
 .text._ZN3vex5motor16velocityToScaledEdNS_13velocityUnitsE
                0x03807fa8       0x5c c:\Users\danie\AppData\Roaming\Code\User\globalStorage\vexrobotics.vexcode\sdk\cpp\V5\V5_20240223_11_00_00/vexv5\libv5rt.a(vex_motor.cpp.obj)
                0x03807fa8                vex::motor::velocityToScaled(double, vex::velocityUnits)
 .text._ZN3vex5motor8velocityENS_13velocityUnitsE
                0x03808004       0x30 c:\Users\danie\AppData\Roaming\Code\User\globalStorage\vexrobotics.vexcode\sdk\cpp\V5\V5_20240223_11_00_00/vexv5\libv5rt.a(vex_motor.cpp.obj)
                0x03808004                vex::motor::velocity(vex::velocityUnits)
 .text._ZN3vex5motor5valueEv
                0x03808034       0x1c c:\Users\danie\AppData\Roaming\Code\User\globalStorage\vexrobotics.vexcode\sdk\cpp\V5\V5_20240223_11_00_00/vexv5\libv5rt.a(vex_motor.cpp.obj)
                0x03808034                vex::motor::value()
 .text._ZN3vex5motor16setRotationUnitsENS_13rotationUnitsE
                0x03808050       0x1c c:\Users\danie\AppData\Roaming\Code\User\globalStorage\vexrobotics.vexcode\sdk\cpp\V5\V5_20240223_11_00_00/vexv5\libv5rt.a(vex_motor.cpp.obj)
                0x03808050                vex::motor::setRotationUnits(vex::rotationUnits)
 .text._ZN3vex5motor11setPositionEdNS_13rotationUnitsE
                0x0380806c       0x44 c:\Users\danie\AppData\Roaming\Code\User\globalStorage\vexrobotics.vexcode\sdk\cpp\V5\V5_20240223_11_00_00/vexv5\libv5rt.a(vex_motor.cpp.obj)
                0x0380806c                vex::motor::setPosition(double, vex::rotationUnits)
 .text._ZN3vex5motor13resetPositionEv
                0x038080b0       0x20 c:\Users\danie\AppData\Roaming\Code\User\globalStorage\vexrobotics.vexcode\sdk\cpp\V5\V5_20240223_11_00_00/vexv5\libv5rt.a(vex_motor.cpp.obj)
                0x038080b0                vex::motor::resetPosition()
 .text._ZN3vex5motor8positionENS_13rotationUnitsE
                0x038080d0       0x44 c:\Users\danie\AppData\Roaming\Code\User\globalStorage\vexrobotics.vexcode\sdk\cpp\V5\V5_20240223_11_00_00/vexv5\libv5rt.a(vex_motor.cpp.obj)
                0x038080d0                vex::motor::position(vex::rotationUnits)
 .text._ZN3vex8inertial11getTurnTypeEv
                0x03808114        0x8 c:\Users\danie\AppData\Roaming\Code\User\globalStorage\vexrobotics.vexcode\sdk\cpp\V5\V5_20240223_11_00_00/vexv5\libv5rt.a(vex_imu.cpp.obj)
                0x03808114                vex::inertial::getTurnType()
 .text._ZThn16_N3vex8inertial11getTurnTypeEv
                0x0380811c        0x8 c:\Users\danie\AppData\Roaming\Code\User\globalStorage\vexrobotics.vexcode\sdk\cpp\V5\V5_20240223_11_00_00/vexv5\libv5rt.a(vex_imu.cpp.obj)
                0x0380811c                non-virtual thunk to vex::inertial::getTurnType()
 *fill*         0x03808124        0x4 
 .text._ZN3vex8inertial10setHeadingEdNS_13rotationUnitsE
                0x03808128       0x58 c:\Users\danie\AppData\Roaming\Code\User\globalStorage\vexrobotics.vexcode\sdk\cpp\V5\V5_20240223_11_00_00/vexv5\libv5rt.a(vex_imu.cpp.obj)
                0x03808128                vex::inertial::setHeading(double, vex::rotationUnits)
 .text._ZThn16_N3vex8inertial10setHeadingEdNS_13rotationUnitsE
                0x03808180        0x8 c:\Users\danie\AppData\Roaming\Code\User\globalStorage\vexrobotics.vexcode\sdk\cpp\V5\V5_20240223_11_00_00/vexv5\libv5rt.a(vex_imu.cpp.obj)
                0x03808180                non-virtual thunk to vex::inertial::setHeading(double, vex::rotationUnits)
 .text._ZN3vex8inertial11setRotationEdNS_13rotationUnitsE
                0x03808188       0x58 c:\Users\danie\AppData\Roaming\Code\User\globalStorage\vexrobotics.vexcode\sdk\cpp\V5\V5_20240223_11_00_00/vexv5\libv5rt.a(vex_imu.cpp.obj)
                0x03808188                vex::inertial::setRotation(double, vex::rotationUnits)
 .text._ZThn16_N3vex8inertial11setRotationEdNS_13rotationUnitsE
                0x038081e0        0x8 c:\Users\danie\AppData\Roaming\Code\User\globalStorage\vexrobotics.vexcode\sdk\cpp\V5\V5_20240223_11_00_00/vexv5\libv5rt.a(vex_imu.cpp.obj)
                0x038081e0                non-virtual thunk to vex::inertial::setRotation(double, vex::rotationUnits)
 .text._ZN3vex8inertialD2Ev
                0x038081e8       0x20 c:\Users\danie\AppData\Roaming\Code\User\globalStorage\vexrobotics.vexcode\sdk\cpp\V5\V5_20240223_11_00_00/vexv5\libv5rt.a(vex_imu.cpp.obj)
                0x038081e8                vex::inertial::~inertial()
                0x038081e8                vex::inertial::~inertial()
 .text._ZThn16_N3vex8inertialD1Ev
                0x03808208        0x8 c:\Users\danie\AppData\Roaming\Code\User\globalStorage\vexrobotics.vexcode\sdk\cpp\V5\V5_20240223_11_00_00/vexv5\libv5rt.a(vex_imu.cpp.obj)
                0x03808208                non-virtual thunk to vex::inertial::~inertial()
 .text._ZN3vex8inertialD0Ev
                0x03808210       0x1c c:\Users\danie\AppData\Roaming\Code\User\globalStorage\vexrobotics.vexcode\sdk\cpp\V5\V5_20240223_11_00_00/vexv5\libv5rt.a(vex_imu.cpp.obj)
                0x03808210                vex::inertial::~inertial()
 .text._ZThn16_N3vex8inertialD0Ev
                0x0380822c        0x8 c:\Users\danie\AppData\Roaming\Code\User\globalStorage\vexrobotics.vexcode\sdk\cpp\V5\V5_20240223_11_00_00/vexv5\libv5rt.a(vex_imu.cpp.obj)
                0x0380822c                non-virtual thunk to vex::inertial::~inertial()
 .text._ZN3vex8inertial9installedEv
                0x03808234       0x18 c:\Users\danie\AppData\Roaming\Code\User\globalStorage\vexrobotics.vexcode\sdk\cpp\V5\V5_20240223_11_00_00/vexv5\libv5rt.a(vex_imu.cpp.obj)
                0x03808234                vex::inertial::installed()
 .text._ZN3vex8inertial5angleENS_13rotationUnitsE
                0x0380824c       0x6c c:\Users\danie\AppData\Roaming\Code\User\globalStorage\vexrobotics.vexcode\sdk\cpp\V5\V5_20240223_11_00_00/vexv5\libv5rt.a(vex_imu.cpp.obj)
                0x0380824c                vex::inertial::angle(vex::rotationUnits)
 .text._ZThn16_N3vex8inertial5angleENS_13rotationUnitsE
                0x038082b8        0x8 c:\Users\danie\AppData\Roaming\Code\User\globalStorage\vexrobotics.vexcode\sdk\cpp\V5\V5_20240223_11_00_00/vexv5\libv5rt.a(vex_imu.cpp.obj)
                0x038082b8                non-virtual thunk to vex::inertial::angle(vex::rotationUnits)
 .text._ZN3vex8inertial7headingENS_13rotationUnitsE
                0x038082c0        0x4 c:\Users\danie\AppData\Roaming\Code\User\globalStorage\vexrobotics.vexcode\sdk\cpp\V5\V5_20240223_11_00_00/vexv5\libv5rt.a(vex_imu.cpp.obj)
                0x038082c0                vex::inertial::heading(vex::rotationUnits)
 .text._ZThn16_N3vex8inertial7headingENS_13rotationUnitsE
                0x038082c4        0x8 c:\Users\danie\AppData\Roaming\Code\User\globalStorage\vexrobotics.vexcode\sdk\cpp\V5\V5_20240223_11_00_00/vexv5\libv5rt.a(vex_imu.cpp.obj)
                0x038082c4                non-virtual thunk to vex::inertial::heading(vex::rotationUnits)
 .text._ZN3vex8inertial5valueEv
                0x038082cc       0x1c c:\Users\danie\AppData\Roaming\Code\User\globalStorage\vexrobotics.vexcode\sdk\cpp\V5\V5_20240223_11_00_00/vexv5\libv5rt.a(vex_imu.cpp.obj)
                0x038082cc                vex::inertial::value()
 .text._ZN3vex8inertial8rotationENS_13rotationUnitsE
                0x038082e8       0x48 c:\Users\danie\AppData\Roaming\Code\User\globalStorage\vexrobotics.vexcode\sdk\cpp\V5\V5_20240223_11_00_00/vexv5\libv5rt.a(vex_imu.cpp.obj)
                0x038082e8                vex::inertial::rotation(vex::rotationUnits)
 .text._ZThn16_N3vex8inertial8rotationENS_13rotationUnitsE
                0x03808330        0x8 c:\Users\danie\AppData\Roaming\Code\User\globalStorage\vexrobotics.vexcode\sdk\cpp\V5\V5_20240223_11_00_00/vexv5\libv5rt.a(vex_imu.cpp.obj)
                0x03808330                non-virtual thunk to vex::inertial::rotation(vex::rotationUnits)
 .text._ZN3vex8inertial13isCalibratingEv
                0x03808338       0x38 c:\Users\danie\AppData\Roaming\Code\User\globalStorage\vexrobotics.vexcode\sdk\cpp\V5\V5_20240223_11_00_00/vexv5\libv5rt.a(vex_imu.cpp.obj)
                0x03808338                vex::inertial::isCalibrating()
 .text._ZThn16_N3vex8inertial13isCalibratingEv
                0x03808370        0x8 c:\Users\danie\AppData\Roaming\Code\User\globalStorage\vexrobotics.vexcode\sdk\cpp\V5\V5_20240223_11_00_00/vexv5\libv5rt.a(vex_imu.cpp.obj)
                0x03808370                non-virtual thunk to vex::inertial::isCalibrating()
 .text._ZN3vex8inertialC2ElNS_8turnTypeE
                0x03808378       0x4c c:\Users\danie\AppData\Roaming\Code\User\globalStorage\vexrobotics.vexcode\sdk\cpp\V5\V5_20240223_11_00_00/vexv5\libv5rt.a(vex_imu.cpp.obj)
                0x03808378                vex::inertial::inertial(long, vex::turnType)
                0x03808378                vex::inertial::inertial(long, vex::turnType)
 .text._ZN3vex8inertial13resetRotationEv
                0x038083c4       0x20 c:\Users\danie\AppData\Roaming\Code\User\globalStorage\vexrobotics.vexcode\sdk\cpp\V5\V5_20240223_11_00_00/vexv5\libv5rt.a(vex_imu.cpp.obj)
                0x038083c4                vex::inertial::resetRotation()
 .text._ZN3vex8inertial16startCalibrationEl
                0x038083e4       0x20 c:\Users\danie\AppData\Roaming\Code\User\globalStorage\vexrobotics.vexcode\sdk\cpp\V5\V5_20240223_11_00_00/vexv5\libv5rt.a(vex_imu.cpp.obj)
                0x038083e4                vex::inertial::startCalibration(long)
 .text._ZN3vex8inertial9calibrateEl
                0x03808404        0xc c:\Users\danie\AppData\Roaming\Code\User\globalStorage\vexrobotics.vexcode\sdk\cpp\V5\V5_20240223_11_00_00/vexv5\libv5rt.a(vex_imu.cpp.obj)
                0x03808404                vex::inertial::calibrate(long)
                0x03808408                non-virtual thunk to vex::inertial::calibrate(long)
 .text._ZN3vex8rotationD2Ev
                0x03808410       0x20 c:\Users\danie\AppData\Roaming\Code\User\globalStorage\vexrobotics.vexcode\sdk\cpp\V5\V5_20240223_11_00_00/vexv5\libv5rt.a(vex_rotation.cpp.obj)
                0x03808410                vex::rotation::~rotation()
                0x03808410                vex::rotation::~rotation()
 .text._ZN3vex8rotationD0Ev
                0x03808430       0x1c c:\Users\danie\AppData\Roaming\Code\User\globalStorage\vexrobotics.vexcode\sdk\cpp\V5\V5_20240223_11_00_00/vexv5\libv5rt.a(vex_rotation.cpp.obj)
                0x03808430                vex::rotation::~rotation()
 .text._ZN3vex8rotation9installedEv
                0x0380844c       0x18 c:\Users\danie\AppData\Roaming\Code\User\globalStorage\vexrobotics.vexcode\sdk\cpp\V5\V5_20240223_11_00_00/vexv5\libv5rt.a(vex_rotation.cpp.obj)
                0x0380844c                vex::rotation::installed()
 .text._ZN3vex8rotation5valueEv
                0x03808464        0x8 c:\Users\danie\AppData\Roaming\Code\User\globalStorage\vexrobotics.vexcode\sdk\cpp\V5\V5_20240223_11_00_00/vexv5\libv5rt.a(vex_rotation.cpp.obj)
                0x03808464                vex::rotation::value()
 .text._ZN3vex8rotationC2Elb
                0x0380846c       0x30 c:\Users\danie\AppData\Roaming\Code\User\globalStorage\vexrobotics.vexcode\sdk\cpp\V5\V5_20240223_11_00_00/vexv5\libv5rt.a(vex_rotation.cpp.obj)
                0x0380846c                vex::rotation::rotation(long, bool)
                0x0380846c                vex::rotation::rotation(long, bool)
 .text._ZN3vex8rotation13resetPositionEv
                0x0380849c        0xc c:\Users\danie\AppData\Roaming\Code\User\globalStorage\vexrobotics.vexcode\sdk\cpp\V5\V5_20240223_11_00_00/vexv5\libv5rt.a(vex_rotation.cpp.obj)
                0x0380849c                vex::rotation::resetPosition()
 .text._ZN3vex8rotation8positionENS_13rotationUnitsE
                0x038084a8       0x50 c:\Users\danie\AppData\Roaming\Code\User\globalStorage\vexrobotics.vexcode\sdk\cpp\V5\V5_20240223_11_00_00/vexv5\libv5rt.a(vex_rotation.cpp.obj)
                0x038084a8                vex::rotation::position(vex::rotationUnits)
 .text._ZN3vex7opticalD2Ev
                0x038084f8       0x20 c:\Users\danie\AppData\Roaming\Code\User\globalStorage\vexrobotics.vexcode\sdk\cpp\V5\V5_20240223_11_00_00/vexv5\libv5rt.a(vex_optical.cpp.obj)
                0x038084f8                vex::optical::~optical()
                0x038084f8                vex::optical::~optical()
 .text._ZN3vex7opticalD0Ev
                0x03808518       0x1c c:\Users\danie\AppData\Roaming\Code\User\globalStorage\vexrobotics.vexcode\sdk\cpp\V5\V5_20240223_11_00_00/vexv5\libv5rt.a(vex_optical.cpp.obj)
                0x03808518                vex::optical::~optical()
 .text._ZN3vex7optical9installedEv
                0x03808534       0x18 c:\Users\danie\AppData\Roaming\Code\User\globalStorage\vexrobotics.vexcode\sdk\cpp\V5\V5_20240223_11_00_00/vexv5\libv5rt.a(vex_optical.cpp.obj)
                0x03808534                vex::optical::installed()
 .text._ZN3vex7optical3hueEv
                0x0380854c        0x8 c:\Users\danie\AppData\Roaming\Code\User\globalStorage\vexrobotics.vexcode\sdk\cpp\V5\V5_20240223_11_00_00/vexv5\libv5rt.a(vex_optical.cpp.obj)
                0x0380854c                vex::optical::hue()
 .text._ZN3vex7optical5valueEv
                0x03808554       0x18 c:\Users\danie\AppData\Roaming\Code\User\globalStorage\vexrobotics.vexcode\sdk\cpp\V5\V5_20240223_11_00_00/vexv5\libv5rt.a(vex_optical.cpp.obj)
                0x03808554                vex::optical::value()
 .text._ZN3vex7optical8setLightENS_8ledStateE
                0x0380856c       0x18 c:\Users\danie\AppData\Roaming\Code\User\globalStorage\vexrobotics.vexcode\sdk\cpp\V5\V5_20240223_11_00_00/vexv5\libv5rt.a(vex_optical.cpp.obj)
                0x0380856c                vex::optical::setLight(vex::ledState)
 .text._ZN3vex7optical13setLightPowerElNS_12percentUnitsE
                0x03808584       0x2c c:\Users\danie\AppData\Roaming\Code\User\globalStorage\vexrobotics.vexcode\sdk\cpp\V5\V5_20240223_11_00_00/vexv5\libv5rt.a(vex_optical.cpp.obj)
                0x03808584                vex::optical::setLightPower(long, vex::percentUnits)
 .text._ZN3vex7optical13gestureEnableEv
                0x038085b0        0x8 c:\Users\danie\AppData\Roaming\Code\User\globalStorage\vexrobotics.vexcode\sdk\cpp\V5\V5_20240223_11_00_00/vexv5\libv5rt.a(vex_optical.cpp.obj)
                0x038085b0                vex::optical::gestureEnable()
 .text._ZN3vex7optical14gestureDisableEv
                0x038085b8        0x8 c:\Users\danie\AppData\Roaming\Code\User\globalStorage\vexrobotics.vexcode\sdk\cpp\V5\V5_20240223_11_00_00/vexv5\libv5rt.a(vex_optical.cpp.obj)
                0x038085b8                vex::optical::gestureDisable()
 .text._ZN3vex7opticalC2Elb
                0x038085c0       0x54 c:\Users\danie\AppData\Roaming\Code\User\globalStorage\vexrobotics.vexcode\sdk\cpp\V5\V5_20240223_11_00_00/vexv5\libv5rt.a(vex_optical.cpp.obj)
                0x038085c0                vex::optical::optical(long, bool)
                0x038085c0                vex::optical::optical(long, bool)
 .text._ZN3vex8distanceD2Ev
                0x03808614       0x20 c:\Users\danie\AppData\Roaming\Code\User\globalStorage\vexrobotics.vexcode\sdk\cpp\V5\V5_20240223_11_00_00/vexv5\libv5rt.a(vex_distance.cpp.obj)
                0x03808614                vex::distance::~distance()
                0x03808614                vex::distance::~distance()
 .text._ZN3vex8distanceD0Ev
                0x03808634       0x1c c:\Users\danie\AppData\Roaming\Code\User\globalStorage\vexrobotics.vexcode\sdk\cpp\V5\V5_20240223_11_00_00/vexv5\libv5rt.a(vex_distance.cpp.obj)
                0x03808634                vex::distance::~distance()
 .text._ZN3vex8distance9installedEv
                0x03808650       0x18 c:\Users\danie\AppData\Roaming\Code\User\globalStorage\vexrobotics.vexcode\sdk\cpp\V5\V5_20240223_11_00_00/vexv5\libv5rt.a(vex_distance.cpp.obj)
                0x03808650                vex::distance::installed()
 .text._ZN3vex8distance5valueEv
                0x03808668        0x8 c:\Users\danie\AppData\Roaming\Code\User\globalStorage\vexrobotics.vexcode\sdk\cpp\V5\V5_20240223_11_00_00/vexv5\libv5rt.a(vex_distance.cpp.obj)
                0x03808668                vex::distance::value()
 .text._ZN3vex8distanceC2El
                0x03808670       0x20 c:\Users\danie\AppData\Roaming\Code\User\globalStorage\vexrobotics.vexcode\sdk\cpp\V5\V5_20240223_11_00_00/vexv5\libv5rt.a(vex_distance.cpp.obj)
                0x03808670                vex::distance::distance(long)
                0x03808670                vex::distance::distance(long)
 .text._ZN3vex8distance14objectDistanceENS_13distanceUnitsE
                0x03808690       0x48 c:\Users\danie\AppData\Roaming\Code\User\globalStorage\vexrobotics.vexcode\sdk\cpp\V5\V5_20240223_11_00_00/vexv5\libv5rt.a(vex_distance.cpp.obj)
                0x03808690                vex::distance::objectDistance(vex::distanceUnits)
 .text._ZN3vex10controllerD2Ev
                0x038086d8        0x4 c:\Users\danie\AppData\Roaming\Code\User\globalStorage\vexrobotics.vexcode\sdk\cpp\V5\V5_20240223_11_00_00/vexv5\libv5rt.a(vex_controller.cpp.obj)
                0x038086d8                vex::controller::~controller()
                0x038086d8                vex::controller::~controller()
 .text._ZN3vex10controller5valueE19_V5_ControllerIndex
                0x038086dc        0x8 c:\Users\danie\AppData\Roaming\Code\User\globalStorage\vexrobotics.vexcode\sdk\cpp\V5\V5_20240223_11_00_00/vexv5\libv5rt.a(vex_controller.cpp.obj)
                0x038086dc                vex::controller::value(_V5_ControllerIndex)
 .text._ZN3vex10controller6rumbleEPKc
                0x038086e4       0x4c c:\Users\danie\AppData\Roaming\Code\User\globalStorage\vexrobotics.vexcode\sdk\cpp\V5\V5_20240223_11_00_00/vexv5\libv5rt.a(vex_controller.cpp.obj)
                0x038086e4                vex::controller::rumble(char const*)
 .text._ZNK3vex10controller6button8pressingEv
                0x03808730       0xc8 c:\Users\danie\AppData\Roaming\Code\User\globalStorage\vexrobotics.vexcode\sdk\cpp\V5\V5_20240223_11_00_00/vexv5\libv5rt.a(vex_controller.cpp.obj)
                0x03808730                vex::controller::button::pressing() const
 .text._ZNK3vex10controller6button7pressedEPFvvE
                0x038087f8      0x108 c:\Users\danie\AppData\Roaming\Code\User\globalStorage\vexrobotics.vexcode\sdk\cpp\V5\V5_20240223_11_00_00/vexv5\libv5rt.a(vex_controller.cpp.obj)
                0x038087f8                vex::controller::button::pressed(void (*)()) const
 .text._ZNK3vex10controller6button21_buttonToPressedEventEv
                0x03808900       0x20 c:\Users\danie\AppData\Roaming\Code\User\globalStorage\vexrobotics.vexcode\sdk\cpp\V5\V5_20240223_11_00_00/vexv5\libv5rt.a(vex_controller.cpp.obj)
                0x03808900                vex::controller::button::_buttonToPressedEvent() const
 .text._ZNK3vex10controller6button22_buttonToReleasedEventEv
                0x03808920       0x20 c:\Users\danie\AppData\Roaming\Code\User\globalStorage\vexrobotics.vexcode\sdk\cpp\V5\V5_20240223_11_00_00/vexv5\libv5rt.a(vex_controller.cpp.obj)
                0x03808920                vex::controller::button::_buttonToReleasedEvent() const
 .text._ZN3vex10controller6buttonC2ENS0_11tButtonTypeEPS0_
                0x03808940       0x48 c:\Users\danie\AppData\Roaming\Code\User\globalStorage\vexrobotics.vexcode\sdk\cpp\V5\V5_20240223_11_00_00/vexv5\libv5rt.a(vex_controller.cpp.obj)
                0x03808940                vex::controller::button::button(vex::controller::tButtonType, vex::controller*)
                0x03808940                vex::controller::button::button(vex::controller::tButtonType, vex::controller*)
 .text._ZNK3vex10controller4axis5valueEv
                0x03808988       0x58 c:\Users\danie\AppData\Roaming\Code\User\globalStorage\vexrobotics.vexcode\sdk\cpp\V5\V5_20240223_11_00_00/vexv5\libv5rt.a(vex_controller.cpp.obj)
                0x03808988                vex::controller::axis::value() const
 .text._ZNK3vex10controller4axis23_joystickToChangedEventEv
                0x038089e0       0x20 c:\Users\danie\AppData\Roaming\Code\User\globalStorage\vexrobotics.vexcode\sdk\cpp\V5\V5_20240223_11_00_00/vexv5\libv5rt.a(vex_controller.cpp.obj)
                0x038089e0                vex::controller::axis::_joystickToChangedEvent() const
 .text._ZN3vex10controller4axisC2ENS0_9tAxisTypeEPS0_
                0x03808a00       0x2c c:\Users\danie\AppData\Roaming\Code\User\globalStorage\vexrobotics.vexcode\sdk\cpp\V5\V5_20240223_11_00_00/vexv5\libv5rt.a(vex_controller.cpp.obj)
                0x03808a00                vex::controller::axis::axis(vex::controller::tAxisType, vex::controller*)
                0x03808a00                vex::controller::axis::axis(vex::controller::tAxisType, vex::controller*)
 .text._ZN3vex10controllerC2ENS_14controllerTypeE
                0x03808a2c      0x16c c:\Users\danie\AppData\Roaming\Code\User\globalStorage\vexrobotics.vexcode\sdk\cpp\V5\V5_20240223_11_00_00/vexv5\libv5rt.a(vex_controller.cpp.obj)
                0x03808a2c                vex::controller::controller(vex::controllerType)
                0x03808a2c                vex::controller::controller(vex::controllerType)
 .text._ZN3vex4taskC2EPFivE
                0x03808b98       0x5c c:\Users\danie\AppData\Roaming\Code\User\globalStorage\vexrobotics.vexcode\sdk\cpp\V5\V5_20240223_11_00_00/vexv5\libv5rt.a(vex_task.cpp.obj)
                0x03808b98                vex::task::task(int (*)())
                0x03808b98                vex::task::task(int (*)())
 .text._ZN3vex4taskD2Ev
                0x03808bf4        0x4 c:\Users\danie\AppData\Roaming\Code\User\globalStorage\vexrobotics.vexcode\sdk\cpp\V5\V5_20240223_11_00_00/vexv5\libv5rt.a(vex_task.cpp.obj)
                0x03808bf4                vex::task::~task()
                0x03808bf4                vex::task::~task()
 .text._ZN3vex4task4stopEPvi
                0x03808bf8       0x1c c:\Users\danie\AppData\Roaming\Code\User\globalStorage\vexrobotics.vexcode\sdk\cpp\V5\V5_20240223_11_00_00/vexv5\libv5rt.a(vex_task.cpp.obj)
                0x03808bf8                vex::task::stop(void*, int)
 .text._ZN3vex4task4stopEv
                0x03808c14       0x18 c:\Users\danie\AppData\Roaming\Code\User\globalStorage\vexrobotics.vexcode\sdk\cpp\V5\V5_20240223_11_00_00/vexv5\libv5rt.a(vex_task.cpp.obj)
                0x03808c14                vex::task::stop()
 .text._ZN3vex4task7suspendEv
                0x03808c2c       0x18 c:\Users\danie\AppData\Roaming\Code\User\globalStorage\vexrobotics.vexcode\sdk\cpp\V5\V5_20240223_11_00_00/vexv5\libv5rt.a(vex_task.cpp.obj)
                0x03808c2c                vex::task::suspend()
 .text._ZN3vex4task6resumeEv
                0x03808c44       0x18 c:\Users\danie\AppData\Roaming\Code\User\globalStorage\vexrobotics.vexcode\sdk\cpp\V5\V5_20240223_11_00_00/vexv5\libv5rt.a(vex_task.cpp.obj)
                0x03808c44                vex::task::resume()
 .text._ZN3vex4task6_indexEPFivE
                0x03808c5c       0x14 c:\Users\danie\AppData\Roaming\Code\User\globalStorage\vexrobotics.vexcode\sdk\cpp\V5\V5_20240223_11_00_00/vexv5\libv5rt.a(vex_task.cpp.obj)
                0x03808c5c                vex::task::_index(int (*)())
 .text._ZN3vex4task8_stopAllEv
                0x03808c70       0x3c c:\Users\danie\AppData\Roaming\Code\User\globalStorage\vexrobotics.vexcode\sdk\cpp\V5\V5_20240223_11_00_00/vexv5\libv5rt.a(vex_task.cpp.obj)
                0x03808c70                vex::task::_stopAll()
 .text._ZN3vex11this_thread9sleep_forEm
                0x03808cac        0x4 c:\Users\danie\AppData\Roaming\Code\User\globalStorage\vexrobotics.vexcode\sdk\cpp\V5\V5_20240223_11_00_00/vexv5\libv5rt.a(vex_thread.cpp.obj)
                0x03808cac                vex::this_thread::sleep_for(unsigned long)
 .text._ZN3vex5event4initEmmPFvvE
                0x03808cb0        0x4 c:\Users\danie\AppData\Roaming\Code\User\globalStorage\vexrobotics.vexcode\sdk\cpp\V5\V5_20240223_11_00_00/vexv5\libv5rt.a(vex_event.cpp.obj)
                0x03808cb0                vex::event::init(unsigned long, unsigned long, void (*)())
 .text._ZN3vex5event4initEmmPFvPvES1_
                0x03808cb4        0x4 c:\Users\danie\AppData\Roaming\Code\User\globalStorage\vexrobotics.vexcode\sdk\cpp\V5\V5_20240223_11_00_00/vexv5\libv5rt.a(vex_event.cpp.obj)
                0x03808cb4                vex::event::init(unsigned long, unsigned long, void (*)(void*), void*)
 .text._ZN3vex5event9userindexEv
                0x03808cb8        0x4 c:\Users\danie\AppData\Roaming\Code\User\globalStorage\vexrobotics.vexcode\sdk\cpp\V5\V5_20240223_11_00_00/vexv5\libv5rt.a(vex_event.cpp.obj)
                0x03808cb8                vex::event::userindex()
 .text._ZZN3vex6meventC4EmmENUlvE_4_FUNEv
                0x03808cbc        0x4 c:\Users\danie\AppData\Roaming\Code\User\globalStorage\vexrobotics.vexcode\sdk\cpp\V5\V5_20240223_11_00_00/vexv5\libv5rt.a(vex_mevent.cpp.obj)
 .text._ZN3vex6meventC2Emm
                0x03808cc0       0x70 c:\Users\danie\AppData\Roaming\Code\User\globalStorage\vexrobotics.vexcode\sdk\cpp\V5\V5_20240223_11_00_00/vexv5\libv5rt.a(vex_mevent.cpp.obj)
                0x03808cc0                vex::mevent::mevent(unsigned long, unsigned long)
                0x03808cc0                vex::mevent::mevent(unsigned long, unsigned long)
 .text._ZN3vex5brain9_getIndexEv
                0x03808d30       0x10 c:\Users\danie\AppData\Roaming\Code\User\globalStorage\vexrobotics.vexcode\sdk\cpp\V5\V5_20240223_11_00_00/vexv5\libv5rt.a(vex_brain.cpp.obj)
                0x03808d30                vex::brain::_getIndex()
 .text._ZN3vex5brain3lcd9setCursorEll
                0x03808d40       0x44 c:\Users\danie\AppData\Roaming\Code\User\globalStorage\vexrobotics.vexcode\sdk\cpp\V5\V5_20240223_11_00_00/vexv5\libv5rt.a(vex_brain.cpp.obj)
                0x03808d40                vex::brain::lcd::setCursor(long, long)
 .text._ZN3vex5brain3lcd7setFontENS_8fontTypeE
                0x03808d84      0x23c c:\Users\danie\AppData\Roaming\Code\User\globalStorage\vexrobotics.vexcode\sdk\cpp\V5\V5_20240223_11_00_00/vexv5\libv5rt.a(vex_brain.cpp.obj)
                0x03808d84                vex::brain::lcd::setFont(vex::fontType)
 .text._ZN3vex5brain3lcdC2Ev
                0x03808fc0       0x94 c:\Users\danie\AppData\Roaming\Code\User\globalStorage\vexrobotics.vexcode\sdk\cpp\V5\V5_20240223_11_00_00/vexv5\libv5rt.a(vex_brain.cpp.obj)
                0x03808fc0                vex::brain::lcd::lcd()
                0x03808fc0                vex::brain::lcd::lcd()
 .text._ZN3vex5brainC2Ev
                0x03809054       0x3c c:\Users\danie\AppData\Roaming\Code\User\globalStorage\vexrobotics.vexcode\sdk\cpp\V5\V5_20240223_11_00_00/vexv5\libv5rt.a(vex_brain.cpp.obj)
                0x03809054                vex::brain::brain()
                0x03809054                vex::brain::brain()
 .text._ZN3vex5brain3lcd10rowToPixelEl
                0x03809090       0x34 c:\Users\danie\AppData\Roaming\Code\User\globalStorage\vexrobotics.vexcode\sdk\cpp\V5\V5_20240223_11_00_00/vexv5\libv5rt.a(vex_brain.cpp.obj)
                0x03809090                vex::brain::lcd::rowToPixel(long)
 .text._ZN3vex5brain3lcd5printEPKcz
                0x038090c4       0xb8 c:\Users\danie\AppData\Roaming\Code\User\globalStorage\vexrobotics.vexcode\sdk\cpp\V5\V5_20240223_11_00_00/vexv5\libv5rt.a(vex_brain.cpp.obj)
                0x038090c4                vex::brain::lcd::print(char const*, ...)
 .text._ZN3vex5brainD2Ev
                0x0380917c       0x20 c:\Users\danie\AppData\Roaming\Code\User\globalStorage\vexrobotics.vexcode\sdk\cpp\V5\V5_20240223_11_00_00/vexv5\libv5rt.a(vex_brain.cpp.obj)
                0x0380917c                vex::brain::~brain()
                0x0380917c                vex::brain::~brain()
 .text._ZN3vex11competition8_disableEPv
                0x0380919c       0xa4 c:\Users\danie\AppData\Roaming\Code\User\globalStorage\vexrobotics.vexcode\sdk\cpp\V5\V5_20240223_11_00_00/vexv5\libv5rt.a(vex_competition.cpp.obj)
                0x0380919c                vex::competition::_disable(void*)
 .text._ZN3vex11competition11_autonomousEv
                0x03809240       0x80 c:\Users\danie\AppData\Roaming\Code\User\globalStorage\vexrobotics.vexcode\sdk\cpp\V5\V5_20240223_11_00_00/vexv5\libv5rt.a(vex_competition.cpp.obj)
                0x03809240                vex::competition::_autonomous()
 .text._ZN3vex11competition14_drivercontrolEv
                0x038092c0       0x80 c:\Users\danie\AppData\Roaming\Code\User\globalStorage\vexrobotics.vexcode\sdk\cpp\V5\V5_20240223_11_00_00/vexv5\libv5rt.a(vex_competition.cpp.obj)
                0x038092c0                vex::competition::_drivercontrol()
 .text._ZN3vex11competitionC2Ev
                0x03809340      0x13c c:\Users\danie\AppData\Roaming\Code\User\globalStorage\vexrobotics.vexcode\sdk\cpp\V5\V5_20240223_11_00_00/vexv5\libv5rt.a(vex_competition.cpp.obj)
                0x03809340                vex::competition::competition()
                0x03809340                vex::competition::competition()
 .text._ZN3vex11competitionD2Ev
                0x0380947c        0x4 c:\Users\danie\AppData\Roaming\Code\User\globalStorage\vexrobotics.vexcode\sdk\cpp\V5\V5_20240223_11_00_00/vexv5\libv5rt.a(vex_competition.cpp.obj)
                0x0380947c                vex::competition::~competition()
                0x0380947c                vex::competition::~competition()
 .text._ZN3vex11competition10autonomousEPFvvE
                0x03809480       0x44 c:\Users\danie\AppData\Roaming\Code\User\globalStorage\vexrobotics.vexcode\sdk\cpp\V5\V5_20240223_11_00_00/vexv5\libv5rt.a(vex_competition.cpp.obj)
                0x03809480                vex::competition::autonomous(void (*)())
 .text._ZN3vex11competition13drivercontrolEPFvvE
                0x038094c4       0x44 c:\Users\danie\AppData\Roaming\Code\User\globalStorage\vexrobotics.vexcode\sdk\cpp\V5\V5_20240223_11_00_00/vexv5\libv5rt.a(vex_competition.cpp.obj)
                0x038094c4                vex::competition::drivercontrol(void (*)())
 .text._ZN3vex7triportD2Ev
                0x03809508       0x38 c:\Users\danie\AppData\Roaming\Code\User\globalStorage\vexrobotics.vexcode\sdk\cpp\V5\V5_20240223_11_00_00/vexv5\libv5rt.a(vex_triport.cpp.obj)
                0x03809508                vex::triport::~triport()
                0x03809508                vex::triport::~triport()
 .text._ZN3vex7triportD0Ev
                0x03809540       0x1c c:\Users\danie\AppData\Roaming\Code\User\globalStorage\vexrobotics.vexcode\sdk\cpp\V5\V5_20240223_11_00_00/vexv5\libv5rt.a(vex_triport.cpp.obj)
                0x03809540                vex::triport::~triport()
 .text._ZN3vex7triport9installedEv
                0x0380955c       0x18 c:\Users\danie\AppData\Roaming\Code\User\globalStorage\vexrobotics.vexcode\sdk\cpp\V5\V5_20240223_11_00_00/vexv5\libv5rt.a(vex_triport.cpp.obj)
                0x0380955c                vex::triport::installed()
 .text._ZN3vex7triport4portC2ElPS0_
                0x03809574       0x74 c:\Users\danie\AppData\Roaming\Code\User\globalStorage\vexrobotics.vexcode\sdk\cpp\V5\V5_20240223_11_00_00/vexv5\libv5rt.a(vex_triport.cpp.obj)
                0x03809574                vex::triport::port::port(long, vex::triport*)
                0x03809574                vex::triport::port::port(long, vex::triport*)
 .text._ZN3vex7triportC2El
                0x038095e8       0xf0 c:\Users\danie\AppData\Roaming\Code\User\globalStorage\vexrobotics.vexcode\sdk\cpp\V5\V5_20240223_11_00_00/vexv5\libv5rt.a(vex_triport.cpp.obj)
                0x038095e8                vex::triport::triport(long)
                0x038095e8                vex::triport::triport(long)
 .text._ZN3vex7triport4port4typeENS_11triportTypeE
                0x038096d8       0x30 c:\Users\danie\AppData\Roaming\Code\User\globalStorage\vexrobotics.vexcode\sdk\cpp\V5\V5_20240223_11_00_00/vexv5\libv5rt.a(vex_triport.cpp.obj)
                0x038096d8                vex::triport::port::type(vex::triportType)
 .text._ZN3vex7triport4port4typeEv
                0x03809708       0x38 c:\Users\danie\AppData\Roaming\Code\User\globalStorage\vexrobotics.vexcode\sdk\cpp\V5\V5_20240223_11_00_00/vexv5\libv5rt.a(vex_triport.cpp.obj)
                0x03809708                vex::triport::port::type()
 .text._ZN3vex7triport4port5valueEl
                0x03809740       0x18 c:\Users\danie\AppData\Roaming\Code\User\globalStorage\vexrobotics.vexcode\sdk\cpp\V5\V5_20240223_11_00_00/vexv5\libv5rt.a(vex_triport.cpp.obj)
                0x03809740                vex::triport::port::value(long)
 .text._ZN3vex11__trideviceC2ERNS_7triport4portENS_11triportTypeE
                0x03809758       0x5c c:\Users\danie\AppData\Roaming\Code\User\globalStorage\vexrobotics.vexcode\sdk\cpp\V5\V5_20240223_11_00_00/vexv5\libv5rt.a(vex_triport.cpp.obj)
                0x03809758                vex::__tridevice::__tridevice(vex::triport::port&, vex::triportType)
                0x03809758                vex::__tridevice::__tridevice(vex::triport::port&, vex::triportType)
 .text._ZN3vex11digital_outC2ERNS_7triport4portE
                0x038097b4       0x18 c:\Users\danie\AppData\Roaming\Code\User\globalStorage\vexrobotics.vexcode\sdk\cpp\V5\V5_20240223_11_00_00/vexv5\libv5rt.a(vex_triport.cpp.obj)
                0x038097b4                vex::digital_out::digital_out(vex::triport::port&)
                0x038097b4                vex::digital_out::digital_out(vex::triport::port&)
 .text._ZN3vex11digital_outD2Ev
                0x038097cc        0x4 c:\Users\danie\AppData\Roaming\Code\User\globalStorage\vexrobotics.vexcode\sdk\cpp\V5\V5_20240223_11_00_00/vexv5\libv5rt.a(vex_triport.cpp.obj)
                0x038097cc                vex::digital_out::~digital_out()
                0x038097cc                vex::digital_out::~digital_out()
 .text._ZN3vex11digital_out3setEb
                0x038097d0        0x8 c:\Users\danie\AppData\Roaming\Code\User\globalStorage\vexrobotics.vexcode\sdk\cpp\V5\V5_20240223_11_00_00/vexv5\libv5rt.a(vex_triport.cpp.obj)
                0x038097d0                vex::digital_out::set(bool)
 .text._ZN3vex11digital_outaSEl
                0x038097d8        0xc c:\Users\danie\AppData\Roaming\Code\User\globalStorage\vexrobotics.vexcode\sdk\cpp\V5\V5_20240223_11_00_00/vexv5\libv5rt.a(vex_triport.cpp.obj)
                0x038097d8                vex::digital_out::operator=(long)
 .text._ZN3vex5colorD2Ev
                0x038097e4        0x4 c:\Users\danie\AppData\Roaming\Code\User\globalStorage\vexrobotics.vexcode\sdk\cpp\V5\V5_20240223_11_00_00/vexv5\libv5rt.a(vex_color.cpp.obj)
                0x038097e4                vex::color::~color()
                0x038097e4                vex::color::~color()
 .text.startup._GLOBAL__sub_I__ZN3vex5color5blackE
                0x038097e8      0x164 c:\Users\danie\AppData\Roaming\Code\User\globalStorage\vexrobotics.vexcode\sdk\cpp\V5\V5_20240223_11_00_00/vexv5\libv5rt.a(vex_color.cpp.obj)
 .text._ZN3vex5timerD2Ev
                0x0380994c        0x4 c:\Users\danie\AppData\Roaming\Code\User\globalStorage\vexrobotics.vexcode\sdk\cpp\V5\V5_20240223_11_00_00/vexv5\libv5rt.a(vex_timer.cpp.obj)
                0x0380994c                vex::timer::~timer()
                0x0380994c                vex::timer::~timer()
 .text._ZN3vex5timer5clearEv
                0x03809950       0x1c c:\Users\danie\AppData\Roaming\Code\User\globalStorage\vexrobotics.vexcode\sdk\cpp\V5\V5_20240223_11_00_00/vexv5\libv5rt.a(vex_timer.cpp.obj)
                0x03809950                vex::timer::clear()
 .text._ZN3vex5timerC2Ev
                0x0380996c       0x14 c:\Users\danie\AppData\Roaming\Code\User\globalStorage\vexrobotics.vexcode\sdk\cpp\V5\V5_20240223_11_00_00/vexv5\libv5rt.a(vex_timer.cpp.obj)
                0x0380996c                vex::timer::timer()
                0x0380996c                vex::timer::timer()
 .text._ZN3vex5timer20systemHighResolutionEv
                0x03809980        0x4 c:\Users\danie\AppData\Roaming\Code\User\globalStorage\vexrobotics.vexcode\sdk\cpp\V5\V5_20240223_11_00_00/vexv5\libv5rt.a(vex_timer.cpp.obj)
                0x03809980                vex::timer::systemHighResolution()
 .text._ZN3vex11motor_group18motor_group_motorsC2Ev
                0x03809984       0x28 c:\Users\danie\AppData\Roaming\Code\User\globalStorage\vexrobotics.vexcode\sdk\cpp\V5\V5_20240223_11_00_00/vexv5\libv5rt.a(vex_motorgroup.cpp.obj)
                0x03809984                vex::motor_group::motor_group_motors::motor_group_motors()
                0x03809984                vex::motor_group::motor_group_motors::motor_group_motors()
 .text._ZN3vex11motor_groupC2Ev
                0x038099ac       0x1c c:\Users\danie\AppData\Roaming\Code\User\globalStorage\vexrobotics.vexcode\sdk\cpp\V5\V5_20240223_11_00_00/vexv5\libv5rt.a(vex_motorgroup.cpp.obj)
                0x038099ac                vex::motor_group::motor_group()
                0x038099ac                vex::motor_group::motor_group()
 .text._ZN3vex11motor_groupD2Ev
                0x038099c8        0x4 c:\Users\danie\AppData\Roaming\Code\User\globalStorage\vexrobotics.vexcode\sdk\cpp\V5\V5_20240223_11_00_00/vexv5\libv5rt.a(vex_motorgroup.cpp.obj)
                0x038099c8                vex::motor_group::~motor_group()
                0x038099c8                vex::motor_group::~motor_group()
 .text._ZN3vex11motor_group9_addMotorERNS_5motorE
                0x038099cc       0x20 c:\Users\danie\AppData\Roaming\Code\User\globalStorage\vexrobotics.vexcode\sdk\cpp\V5\V5_20240223_11_00_00/vexv5\libv5rt.a(vex_motorgroup.cpp.obj)
                0x038099cc                vex::motor_group::_addMotor(vex::motor&)
 .text._ZN3vex11motor_group11setStoppingENS_9brakeTypeE
                0x038099ec       0x38 c:\Users\danie\AppData\Roaming\Code\User\globalStorage\vexrobotics.vexcode\sdk\cpp\V5\V5_20240223_11_00_00/vexv5\libv5rt.a(vex_motorgroup.cpp.obj)
                0x038099ec                vex::motor_group::setStopping(vex::brakeType)
 .text._ZN3vex11motor_group4spinENS_13directionTypeEdNS_12voltageUnitsE
                0x03809a24       0x54 c:\Users\danie\AppData\Roaming\Code\User\globalStorage\vexrobotics.vexcode\sdk\cpp\V5\V5_20240223_11_00_00/vexv5\libv5rt.a(vex_motorgroup.cpp.obj)
                0x03809a24                vex::motor_group::spin(vex::directionType, double, vex::voltageUnits)
 .text._ZN3vex11motor_group4stopEv
                0x03809a78       0x30 c:\Users\danie\AppData\Roaming\Code\User\globalStorage\vexrobotics.vexcode\sdk\cpp\V5\V5_20240223_11_00_00/vexv5\libv5rt.a(vex_motorgroup.cpp.obj)
                0x03809a78                vex::motor_group::stop()
 .text.vexAdiPortConfigSet
                0x03809aa8       0x28 c:\Users\danie\AppData\Roaming\Code\User\globalStorage\vexrobotics.vexcode\sdk\cpp\V5\V5_20240223_11_00_00/vexv5\libv5rt.a(v5_apiuser.c.obj)
                0x03809aa8                vexAdiPortConfigSet
 .text.vexAdiPortConfigGet
                0x03809ad0       0x28 c:\Users\danie\AppData\Roaming\Code\User\globalStorage\vexrobotics.vexcode\sdk\cpp\V5\V5_20240223_11_00_00/vexv5\libv5rt.a(v5_apiuser.c.obj)
                0x03809ad0                vexAdiPortConfigGet
 .text.vexAdiValueSet
                0x03809af8       0x28 c:\Users\danie\AppData\Roaming\Code\User\globalStorage\vexrobotics.vexcode\sdk\cpp\V5\V5_20240223_11_00_00/vexv5\libv5rt.a(v5_apiuser.c.obj)
                0x03809af8                vexAdiValueSet
 .text.vexMotorVelocitySet
                0x03809b20       0x20 c:\Users\danie\AppData\Roaming\Code\User\globalStorage\vexrobotics.vexcode\sdk\cpp\V5\V5_20240223_11_00_00/vexv5\libv5rt.a(v5_apiuser.c.obj)
                0x03809b20                vexMotorVelocitySet
 .text.vexMotorVoltageSet
                0x03809b40       0x20 c:\Users\danie\AppData\Roaming\Code\User\globalStorage\vexrobotics.vexcode\sdk\cpp\V5\V5_20240223_11_00_00/vexv5\libv5rt.a(v5_apiuser.c.obj)
                0x03809b40                vexMotorVoltageSet
 .text.vexMotorActualVelocityGet
                0x03809b60       0x24 c:\Users\danie\AppData\Roaming\Code\User\globalStorage\vexrobotics.vexcode\sdk\cpp\V5\V5_20240223_11_00_00/vexv5\libv5rt.a(v5_apiuser.c.obj)
                0x03809b60                vexMotorActualVelocityGet
 .text.vexMotorReverseFlagSet
                0x03809b84       0x20 c:\Users\danie\AppData\Roaming\Code\User\globalStorage\vexrobotics.vexcode\sdk\cpp\V5\V5_20240223_11_00_00/vexv5\libv5rt.a(v5_apiuser.c.obj)
                0x03809b84                vexMotorReverseFlagSet
 .text.vexMotorEncoderUnitsSet
                0x03809ba4       0x20 c:\Users\danie\AppData\Roaming\Code\User\globalStorage\vexrobotics.vexcode\sdk\cpp\V5\V5_20240223_11_00_00/vexv5\libv5rt.a(v5_apiuser.c.obj)
                0x03809ba4                vexMotorEncoderUnitsSet
 .text.vexMotorBrakeModeSet
                0x03809bc4       0x20 c:\Users\danie\AppData\Roaming\Code\User\globalStorage\vexrobotics.vexcode\sdk\cpp\V5\V5_20240223_11_00_00/vexv5\libv5rt.a(v5_apiuser.c.obj)
                0x03809bc4                vexMotorBrakeModeSet
 .text.vexMotorPositionSet
                0x03809be4       0x28 c:\Users\danie\AppData\Roaming\Code\User\globalStorage\vexrobotics.vexcode\sdk\cpp\V5\V5_20240223_11_00_00/vexv5\libv5rt.a(v5_apiuser.c.obj)
                0x03809be4                vexMotorPositionSet
 .text.vexMotorPositionGet
                0x03809c0c       0x24 c:\Users\danie\AppData\Roaming\Code\User\globalStorage\vexrobotics.vexcode\sdk\cpp\V5\V5_20240223_11_00_00/vexv5\libv5rt.a(v5_apiuser.c.obj)
                0x03809c0c                vexMotorPositionGet